GET /api/anime 200 171.263 ms 05/Dec/2024:17:49:41 +0000 | - | -
GET /api/anime 200 66.397 ms 05/Dec/2024:17:50:51 +0000 | - | -
GET /api/anime 200 67.485 ms 05/Dec/2024:17:51:40 +0000 | - | -
GET /api/anime 200 173.667 ms 05/Dec/2024:17:51:57 +0000 | - | -
GET /api/anime 200 66.713 ms 05/Dec/2024:17:54:38 +0000 | - | -
GET /api/anime 200 162.032 ms 05/Dec/2024:17:54:57 +0000 | - | -
GET /api/anime 200 81.879 ms 05/Dec/2024:19:43:23 +0000 | - | -
GET /api/anime 200 68.150 ms 05/Dec/2024:19:48:12 +0000 | - | -
GET /api/anime 200 72.696 ms 05/Dec/2024:19:48:35 +0000 | - | -
GET /api/anime 200 70.389 ms 05/Dec/2024:19:52:09 +0000 | - | -
GET /api/anime 200 67.218 ms 05/Dec/2024:19:55:46 +0000 | - | -
GET /api/anime 200 176.629 ms 05/Dec/2024:20:04:25 +0000 | - | -
GET /api/anime 200 67.003 ms 05/Dec/2024:20:04:50 +0000 | - | -
GET /api/anime 200 66.327 ms 05/Dec/2024:20:05:18 +0000 | - | -
GET /api/anime 200 66.833 ms 05/Dec/2024:20:05:45 +0000 | - | -
GET /api/anime 200 68.089 ms 05/Dec/2024:20:06:12 +0000 | - | -
GET /api/anime 200 68.166 ms 05/Dec/2024:20:09:29 +0000 | - | -
GET /api/anime/1 200 3.434 ms 05/Dec/2024:20:09:29 +0000 | - | -
GET /api/anime/1 200 31.438 ms 05/Dec/2024:20:09:40 +0000 | PostmanRuntime/7.40.0 | -
GET /api/anime 200 67.351 ms 05/Dec/2024:21:25:40 +0000 | - | -
GET /api/anime/1 200 3.405 ms 05/Dec/2024:21:25:40 +0000 | - | -
POST /api/auth/auth 200 25.766 ms 05/Dec/2024:21:25:40 +0000 | - | -
POST /api/auth/auth 200 72.920 ms 05/Dec/2024:21:27:43 +0000 | - | -
POST /api/auth/auth 200 175.061 ms 05/Dec/2024:21:28:56 +0000 | - | -
GET /api/anime 200 67.930 ms 05/Dec/2024:21:30:48 +0000 | - | -
GET /api/anime/1 200 3.192 ms 05/Dec/2024:21:30:48 +0000 | - | -
POST /api/auth/auth 200 11.934 ms 05/Dec/2024:21:30:48 +0000 | - | -
GET /api/anime 200 68.169 ms 05/Dec/2024:21:31:19 +0000 | - | -
GET /api/anime/1 200 3.271 ms 05/Dec/2024:21:31:19 +0000 | - | -
POST /api/auth/auth 200 11.585 ms 05/Dec/2024:21:31:19 +0000 | - | -
GET /api/anime 200 172.364 ms 05/Dec/2024:21:31:37 +0000 | - | -
GET /api/anime/1 200 3.293 ms 05/Dec/2024:21:31:37 +0000 | - | -
POST /api/auth/auth 200 11.838 ms 05/Dec/2024:21:31:37 +0000 | - | -
GET /api/anime 200 66.188 ms 05/Dec/2024:21:36:09 +0000 | - | -
GET /api/anime/1 200 4.442 ms 05/Dec/2024:21:36:09 +0000 | - | -
POST /api/auth/auth 200 13.016 ms 05/Dec/2024:21:36:09 +0000 | - | -
GET /api/anime 200 176.945 ms 05/Dec/2024:21:37:30 +0000 | - | -
GET /api/anime/1 200 3.545 ms 05/Dec/2024:21:37:30 +0000 | - | -
POST /api/auth/auth 200 17.238 ms 05/Dec/2024:21:37:30 +0000 | - | -
GET /api/anime 200 60.943 ms 05/Dec/2024:21:37:36 +0000 | - | -
GET /api/anime/1 200 1.774 ms 05/Dec/2024:21:37:36 +0000 | - | -
POST /api/auth/auth 200 4.714 ms 05/Dec/2024:21:37:36 +0000 | - | -
POST /api/auth/auth 200 17.919 ms 05/Dec/2024:21:38:49 +0000 | PostmanRuntime/7.40.0 | -
POST /api/auth/admin 200 12.162 ms 05/Dec/2024:21:38:51 +0000 | PostmanRuntime/7.40.0 | accessToken=eyJhbGciOiJIUzI1NiIsInR5cCI6IkpXVCJ9.eyJ1c2VybmFtZSI6ImFkbWluIiwiaWF0IjoxNzMzNDM0NzI5LCJleHAiOjE3MzM0MzY1Mjl9.Jx9Qa18L_V6HKsZ-SZMtJHKyVuTSTsPWRP5WKpYuNYA
GET /api/anime 200 75.442 ms 05/Dec/2024:21:42:38 +0000 | - | -
GET /api/anime/1 200 3.429 ms 05/Dec/2024:21:42:38 +0000 | - | -
POST /api/auth/auth 200 15.914 ms 05/Dec/2024:21:42:38 +0000 | - | -
POST /api/auth/admin 200 14.967 ms 05/Dec/2024:21:42:38 +0000 | - | accessToken=eyJhbGciOiJIUzI1NiIsInR5cCI6IkpXVCJ9.eyJ1c2VybmFtZSI6ImFkbWluIiwiaWF0IjoxNzMzNDM0OTU4LCJleHAiOjE3MzM0MzY3NTh9.jedLX9DzzEX5N-x3gp_mfoF0QbwhLni5hdT-1RcKL48
GET /api/anime 200 62.209 ms 05/Dec/2024:21:45:47 +0000 | - | -
GET /api/anime/1 200 1.761 ms 05/Dec/2024:21:45:47 +0000 | - | -
POST /api/auth/auth 200 6.090 ms 05/Dec/2024:21:45:47 +0000 | - | -
POST /api/auth/admin 200 18.278 ms 05/Dec/2024:21:45:47 +0000 | - | accessToken=eyJhbGciOiJIUzI1NiIsInR5cCI6IkpXVCJ9.eyJ1c2VybmFtZSI6ImFkbWluIiwiaWF0IjoxNzMzNDM1MTQ3LCJleHAiOjE3MzM0MzY5NDd9.EZ9NMx-Cz34qyzilJQlmdjmhZduhtbdEZA1yxyvU4Dk
GET /api/anime 200 43.234 ms 05/Dec/2024:21:46:13 +0000 | - | -
GET /api/anime/1 200 2.042 ms 05/Dec/2024:21:46:13 +0000 | - | -
POST /api/auth/auth 200 6.791 ms 05/Dec/2024:21:46:13 +0000 | - | -
POST /api/auth/admin 200 16.282 ms 05/Dec/2024:21:46:13 +0000 | - | accessToken=eyJhbGciOiJIUzI1NiIsInR5cCI6IkpXVCJ9.eyJ1c2VybmFtZSI6ImFkbWluIiwiaWF0IjoxNzMzNDM1MTczLCJleHAiOjE3MzM0MzY5NzN9.Rh0_rt6X_NdZomBcOtwEznuot5jqvKoF41iC8MTwnfQ
GET /api/anime 200 57.643 ms 05/Dec/2024:21:46:21 +0000 | - | -
GET /api/anime/1 200 1.395 ms 05/Dec/2024:21:46:21 +0000 | - | -
POST /api/auth/auth 200 5.188 ms 05/Dec/2024:21:46:21 +0000 | - | -
POST /api/auth/admin 200 15.877 ms 05/Dec/2024:21:46:21 +0000 | - | accessToken=eyJhbGciOiJIUzI1NiIsInR5cCI6IkpXVCJ9.eyJ1c2VybmFtZSI6ImFkbWluIiwiaWF0IjoxNzMzNDM1MTgxLCJleHAiOjE3MzM0MzY5ODF9.nXOJ5UYkYbVrxyDQDh5wV349DXMJyjh7FKZf7qenkPk
GET /api/anime 200 68.812 ms 05/Dec/2024:21:47:16 +0000 | - | -
GET /api/anime/1 200 3.233 ms 05/Dec/2024:21:47:16 +0000 | - | -
POST /api/auth/auth 200 14.410 ms 05/Dec/2024:21:47:16 +0000 | - | -
POST /api/auth/admin 200 18.692 ms 05/Dec/2024:21:47:16 +0000 | - | accessToken=eyJhbGciOiJIUzI1NiIsInR5cCI6IkpXVCJ9.eyJ1c2VybmFtZSI6ImFkbWluIiwiaWF0IjoxNzMzNDM1MjM2LCJleHAiOjE3MzM0MzcwMzZ9.is6yjHH97NUkGIShOtLyPvfjkJWfRjaH76UWgE4x-Z8
GET /api/anime 200 69.048 ms 05/Dec/2024:21:47:39 +0000 | - | -
GET /api/anime/1 200 3.516 ms 05/Dec/2024:21:47:39 +0000 | - | -
GET /api/anime 200 66.358 ms 05/Dec/2024:21:48:02 +0000 | - | -
GET /api/anime/1 200 2.067 ms 05/Dec/2024:21:48:02 +0000 | - | -
GET /api/anime 200 61.807 ms 05/Dec/2024:21:48:13 +0000 | - | -
GET /api/anime/1 200 2.413 ms 05/Dec/2024:21:48:13 +0000 | - | -
GET /api/anime 200 66.241 ms 05/Dec/2024:21:48:40 +0000 | - | -
GET /api/anime/1 200 1.702 ms 05/Dec/2024:21:48:40 +0000 | - | -
GET /api/anime 200 166.379 ms 05/Dec/2024:21:48:47 +0000 | - | -
GET /api/anime/1 200 1.275 ms 05/Dec/2024:21:48:47 +0000 | - | -
