::1 - - [24/Nov/2024:13:25:50 +0000] "POST /api/auth/auth HTTP/1.1" 200 52 "-" "PostmanRuntime/7.42.0"
::1 - - [24/Nov/2024:13:25:55 +0000] "GET /api/auth/profile HTTP/1.1" - - "-" "PostmanRuntime/7.42.0"
::1 - - [24/Nov/2024:13:26:12 +0000] "GET /api/auth/profile HTTP/1.1" - - "-" "PostmanRuntime/7.42.0"
::1 - - [24/Nov/2024:13:27:06 +0000] "GET /api/auth/profile HTTP/1.1" 500 449 "-" "PostmanRuntime/7.42.0"
::1 - - [24/Nov/2024:13:27:21 +0000] "GET /api/auth/profile HTTP/1.1" 200 449 "-" "PostmanRuntime/7.42.0"
::1 - - [24/Nov/2024:13:27:52 +0000] "GET /api/auth/profile HTTP/1.1" 404 22 "-" "PostmanRuntime/7.42.0"
::1 - - [24/Nov/2024:13:29:36 +0000] "GET /api/auth/profile HTTP/1.1" 404 34 "-" "PostmanRuntime/7.42.0"
::1 - - [24/Nov/2024:13:29:49 +0000] "GET /api/auth/profile HTTP/1.1" 404 34 "-" "PostmanRuntime/7.42.0"
::1 - - [24/Nov/2024:13:30:08 +0000] "GET /api/auth/profile HTTP/1.1" 404 34 "-" "PostmanRuntime/7.42.0"
::1 - - [24/Nov/2024:13:33:35 +0000] "GET /api/auth/profile HTTP/1.1" 404 2 "-" "PostmanRuntime/7.42.0"
::1 - - [24/Nov/2024:13:33:56 +0000] "GET /api/auth/profile HTTP/1.1" 404 33 "-" "PostmanRuntime/7.42.0"
::1 - - [24/Nov/2024:13:34:06 +0000] "GET /api/auth/profile HTTP/1.1" 200 48 "-" "PostmanRuntime/7.42.0"
::1 - - [24/Nov/2024:13:35:20 +0000] "GET /api/auth/profile HTTP/1.1" 404 33 "-" "PostmanRuntime/7.42.0"
::1 - - [24/Nov/2024:13:36:51 +0000] "GET /api/auth/profile HTTP/1.1" 200 461 "-" "PostmanRuntime/7.42.0"
::1 - - [24/Nov/2024:13:37:00 +0000] "GET /api/auth/profile HTTP/1.1" 404 33 "-" "PostmanRuntime/7.42.0"
::1 - - [24/Nov/2024:13:37:12 +0000] "GET /api/auth/profile HTTP/1.1" 303 48 "-" "PostmanRuntime/7.42.0"
::1 - - [24/Nov/2024:13:37:38 +0000] "GET /api/auth/profile HTTP/1.1" 303 48 "-" "PostmanRuntime/7.42.0"
::1 - - [24/Nov/2024:13:37:46 +0000] "GET /api/auth/profile HTTP/1.1" 303 47 "-" "PostmanRuntime/7.42.0"
::1 - - [24/Nov/2024:13:37:53 +0000] "GET /api/auth/profile HTTP/1.1" 303 47 "-" "PostmanRuntime/7.42.0"
::1 - - [24/Nov/2024:13:38:03 +0000] "GET /api/auth/profile HTTP/1.1" 200 2 "-" "PostmanRuntime/7.42.0"
::1 - - [24/Nov/2024:13:38:10 +0000] "GET /api/auth/profile HTTP/1.1" 200 461 "-" "PostmanRuntime/7.42.0"
::1 - - [24/Nov/2024:13:38:18 +0000] "GET /api/auth/profile HTTP/1.1" 303 47 "-" "PostmanRuntime/7.42.0"
::1 - - [01/Dec/2024:14:45:50 +0000] "POST /api/book HTTP/1.1" 404 148 "-" "PostmanRuntime/7.42.0"
::1 - - [01/Dec/2024:14:46:03 +0000] "POST /api/book HTTP/1.1" 404 148 "-" "PostmanRuntime/7.42.0"
::1 - - [01/Dec/2024:14:46:27 +0000] "POST /api/bookmarks HTTP/1.1" 200 50 "-" "PostmanRuntime/7.42.0"
::1 - - [01/Dec/2024:14:46:46 +0000] "POST /api/bookmarks HTTP/1.1" 200 50 "-" "PostmanRuntime/7.42.0"
