{"level":"info","message":"Backend is run 8080 port"}
{"level":"info","message":"Backend is run 8080 port","timestamp":"2024-12-05T11:49:30.915Z"}
{"level":"info","message":"Backend is run 8080 port","timestamp":"2024-12-05T14:08:43.139Z"}
{"level":"info","message":"Backend is run 8080 port","timestamp":"2024-12-05T17:44:26.092Z"}
{"level":"info","message":"Backend is run 8080 port","timestamp":"2024-12-05T17:44:56.202Z"}
{"level":"info","message":"Backend is run 8080 port","timestamp":"2024-12-05T17:45:28.083Z"}
{"level":"info","message":"Backend is run 8080 port","timestamp":"2024-12-05T17:45:54.069Z"}
{"level":"info","message":"Backend is run 8080 port","timestamp":"2024-12-05T17:46:25.943Z"}
{"level":"info","message":"Backend is run 8080 port","timestamp":"2024-12-05T17:46:58.243Z"}
{"level":"info","message":"Backend is run 8080 port","timestamp":"2024-12-05T17:47:53.983Z"}
{"level":"info","message":"Backend is run 8080 port","timestamp":"2024-12-05T17:48:29.786Z"}
{"level":"info","message":"Backend is run 8080 port","timestamp":"2024-12-05T17:49:21.660Z"}
{"level":"info","message":"Backend is run 8080 port","timestamp":"2024-12-05T17:49:41.217Z"}
{"level":"info","message":"Backend is run 8080 port","timestamp":"2024-12-05T17:50:51.237Z"}
{"level":"info","message":"Backend is run 8080 port","timestamp":"2024-12-05T17:51:40.779Z"}
{"level":"info","message":"Backend is run 8080 port","timestamp":"2024-12-05T17:51:57.747Z"}
{"level":"info","message":"Backend is run 8080 port","timestamp":"2024-12-05T17:54:09.683Z"}
{"level":"info","message":"Backend is run 8080 port","timestamp":"2024-12-05T17:54:38.238Z"}
{"level":"info","message":"Backend is run 8080 port","timestamp":"2024-12-05T17:54:57.462Z"}
{"level":"info","message":"Backend is run 8080 port","timestamp":"2024-12-05T19:43:23.093Z"}
{"level":"info","message":"Backend is run 8080 port","timestamp":"2024-12-05T19:48:12.174Z"}
{"level":"info","message":"Backend is run 8080 port","timestamp":"2024-12-05T19:48:35.159Z"}
{"level":"info","message":"Backend is run 8080 port","timestamp":"2024-12-05T19:52:09.220Z"}
{"level":"info","message":"Backend is run 8080 port","timestamp":"2024-12-05T19:55:46.561Z"}
{"level":"info","message":"Backend is run 8080 port","timestamp":"2024-12-05T20:04:25.297Z"}
{"level":"info","message":"Backend is run 8080 port","timestamp":"2024-12-05T20:04:50.519Z"}
{"level":"info","message":"Backend is run 8080 port","timestamp":"2024-12-05T20:05:17.982Z"}
{"level":"info","message":"Backend is run 8080 port","timestamp":"2024-12-05T20:05:45.523Z"}
{"level":"info","message":"Backend is run 8080 port","timestamp":"2024-12-05T20:06:12.265Z"}
{"level":"info","message":"Backend is run 8080 port","timestamp":"2024-12-05T20:09:29.009Z"}
{"level":"info","message":"Backend is run 8080 port","timestamp":"2024-12-05T21:25:40.409Z"}
{"level":"info","message":"Backend is run 8080 port","timestamp":"2024-12-05T21:27:43.379Z"}
{"level":"info","message":"Backend is run 8080 port","timestamp":"2024-12-05T21:28:55.940Z"}
{"level":"info","message":"Backend is run 8080 port","timestamp":"2024-12-05T21:30:48.155Z"}
{"level":"info","message":"Backend is run 8080 port","timestamp":"2024-12-05T21:31:19.239Z"}
{"level":"info","message":"Backend is run 8080 port","timestamp":"2024-12-05T21:31:37.212Z"}
{"level":"info","message":"Backend is run 8080 port","timestamp":"2024-12-05T21:36:09.818Z"}
{"level":"info","message":"Backend is run 8080 port","timestamp":"2024-12-05T21:37:30.235Z"}
{"level":"info","message":"Backend is run 8080 port","timestamp":"2024-12-05T21:37:36.704Z"}
{"level":"info","message":"Backend is run 8080 port","timestamp":"2024-12-05T21:38:18.624Z"}
{"level":"info","message":"Backend is run 8080 port","timestamp":"2024-12-05T21:38:47.705Z"}
{"level":"info","message":"Админ прошёл проверку","timestamp":"2024-12-05T21:38:51.133Z"}
{"level":"info","message":"Backend is run 8080 port","timestamp":"2024-12-05T21:39:17.731Z"}
{"level":"info","message":"Backend is run 8080 port","timestamp":"2024-12-05T21:39:25.091Z"}
{"level":"info","message":"Backend is run 8080 port","timestamp":"2024-12-05T21:39:34.677Z"}
{"level":"info","message":"Backend is run 8080 port","timestamp":"2024-12-05T21:39:36.704Z"}
{"level":"info","message":"Backend is run 8080 port","timestamp":"2024-12-05T21:39:55.713Z"}
{"level":"info","message":"Backend is run 8080 port","timestamp":"2024-12-05T21:40:21.650Z"}
{"level":"info","message":"Backend is run 8080 port","timestamp":"2024-12-05T21:40:34.497Z"}
{"level":"info","message":"Backend is run 8080 port","timestamp":"2024-12-05T21:41:41.109Z"}
{"level":"info","message":"Backend is run 8080 port","timestamp":"2024-12-05T21:41:46.708Z"}
{"level":"info","message":"Backend is run 8080 port","timestamp":"2024-12-05T21:41:56.128Z"}
{"level":"info","message":"Backend is run 8080 port","timestamp":"2024-12-05T21:42:09.582Z"}
{"level":"info","message":"Backend is run 8080 port","timestamp":"2024-12-05T21:42:16.613Z"}
{"level":"info","message":"Backend is run 8080 port","timestamp":"2024-12-05T21:42:19.763Z"}
{"level":"info","message":"Backend is run 8080 port","timestamp":"2024-12-05T21:42:22.808Z"}
{"level":"info","message":"Backend is run 8080 port","timestamp":"2024-12-05T21:42:28.234Z"}
{"level":"info","message":"Backend is run 8080 port","timestamp":"2024-12-05T21:42:38.390Z"}
{"level":"info","message":"Админ прошёл проверку","timestamp":"2024-12-05T21:42:38.565Z"}
{"level":"info","message":"Backend is run 8080 port","timestamp":"2024-12-05T21:45:47.288Z"}
{"level":"info","message":"Админ прошёл проверку","timestamp":"2024-12-05T21:45:47.411Z"}
{"level":"info","message":"Backend is run 8080 port","timestamp":"2024-12-05T21:46:13.622Z"}
{"level":"info","message":"Админ прошёл проверку","timestamp":"2024-12-05T21:46:13.757Z"}
{"level":"info","message":"Backend is run 8080 port","timestamp":"2024-12-05T21:46:21.720Z"}
{"level":"info","message":"Админ прошёл проверку","timestamp":"2024-12-05T21:46:21.833Z"}
{"level":"info","message":"Backend is run 8080 port","timestamp":"2024-12-05T21:47:16.274Z"}
{"level":"info","message":"Админ прошёл проверку","timestamp":"2024-12-05T21:47:16.443Z"}
{"level":"info","message":"Backend is run 8080 port","timestamp":"2024-12-05T21:47:39.185Z"}
{"level":"error","timestamp":"2024-12-05T21:47:39.323Z"}
{"level":"info","message":"Backend is run 8080 port","timestamp":"2024-12-05T21:48:02.587Z"}
{"level":"error","timestamp":"2024-12-05T21:48:02.688Z"}
{"level":"info","message":"Backend is run 8080 port","timestamp":"2024-12-05T21:48:13.783Z"}
{"level":"error","timestamp":"2024-12-05T21:48:13.885Z"}
{"level":"info","message":"Backend is run 8080 port","timestamp":"2024-12-05T21:48:40.871Z"}
{"level":"error","timestamp":"2024-12-05T21:48:40.972Z"}
{"level":"info","message":"Backend is run 8080 port","timestamp":"2024-12-05T21:48:47.807Z"}
{"level":"error","timestamp":"2024-12-05T21:48:48.000Z"}
{"level":"info","message":"Backend is run 8080 port","timestamp":"2024-12-06T09:26:51.380Z"}
{"level":"info","message":"Админ прошёл проверку","timestamp":"2024-12-06T09:26:51.786Z"}
{"level":"info","message":"Backend is run 8080 port","timestamp":"2024-12-06T09:27:14.907Z"}
{"level":"info","message":"Админ прошёл проверку","timestamp":"2024-12-06T09:27:15.058Z"}
{"level":"info","message":"Backend is run 8080 port","timestamp":"2024-12-06T09:28:51.672Z"}
{"level":"info","message":"Админ прошёл проверку","timestamp":"2024-12-06T09:28:51.827Z"}
{"level":"info","message":"Backend is run 8080 port","timestamp":"2024-12-06T09:29:02.955Z"}
{"level":"info","message":"Backend is run 8080 port","timestamp":"2024-12-06T09:29:14.272Z"}
{"level":"info","message":"Админ прошёл проверку","timestamp":"2024-12-06T09:29:14.493Z"}
{"level":"info","message":"Backend is run 8080 port","timestamp":"2024-12-06T09:35:06.326Z"}
{"level":"info","message":"Админ прошёл проверку","timestamp":"2024-12-06T09:35:06.477Z"}
{"level":"info","message":"Backend is run 8080 port","timestamp":"2024-12-06T09:35:21.616Z"}
{"level":"info","message":"Админ прошёл проверку","timestamp":"2024-12-06T09:35:21.762Z"}
{"level":"info","message":"Backend is run 8080 port","timestamp":"2024-12-06T09:35:32.273Z"}
{"level":"info","message":"Админ прошёл проверку","timestamp":"2024-12-06T09:35:32.413Z"}
{"level":"info","message":"Backend is run 8080 port","timestamp":"2024-12-06T09:35:37.189Z"}
{"level":"info","message":"Backend is run 8080 port","timestamp":"2024-12-06T09:35:41.732Z"}
{"level":"info","message":"Админ прошёл проверку","timestamp":"2024-12-06T09:35:41.878Z"}
{"level":"info","message":"Backend is run 8080 port","timestamp":"2024-12-06T09:36:01.514Z"}
{"level":"info","message":"Админ прошёл проверку","timestamp":"2024-12-06T09:36:01.757Z"}
{"level":"info","message":"Backend is run 8080 port","timestamp":"2024-12-06T09:36:09.225Z"}
{"level":"info","message":"Админ прошёл проверку","timestamp":"2024-12-06T09:36:09.425Z"}
{"level":"info","message":"Backend is run 8080 port","timestamp":"2024-12-06T09:36:26.681Z"}
{"level":"info","message":"Админ прошёл проверку","timestamp":"2024-12-06T09:36:26.868Z"}
{"level":"info","message":"Backend is run 8080 port","timestamp":"2024-12-06T09:36:33.644Z"}
{"level":"info","message":"Админ прошёл проверку","timestamp":"2024-12-06T09:36:33.856Z"}
{"level":"info","message":"Backend is run 8080 port","timestamp":"2024-12-06T09:53:00.350Z"}
{"level":"info","message":"Админ прошёл проверку","timestamp":"2024-12-06T09:53:00.508Z"}
{"level":"info","message":"Backend is run 8080 port","timestamp":"2024-12-06T09:53:01.995Z"}
{"level":"info","message":"Админ прошёл проверку","timestamp":"2024-12-06T09:53:02.136Z"}
{"level":"info","message":"Backend is run 8080 port","timestamp":"2024-12-06T09:53:07.176Z"}
{"level":"info","message":"Админ прошёл проверку","timestamp":"2024-12-06T09:53:07.337Z"}
{"level":"info","message":"Backend is run 8080 port","timestamp":"2024-12-06T09:53:11.192Z"}
{"level":"info","message":"Админ прошёл проверку","timestamp":"2024-12-06T09:53:11.340Z"}
{"level":"info","message":"Backend is run 8080 port","timestamp":"2024-12-06T09:53:17.484Z"}
{"level":"info","message":"Админ прошёл проверку","timestamp":"2024-12-06T09:53:17.719Z"}
{"level":"info","message":"Backend is run 8080 port","timestamp":"2024-12-06T09:53:20.079Z"}
{"level":"info","message":"Админ прошёл проверку","timestamp":"2024-12-06T09:53:20.223Z"}
{"level":"info","message":"Backend is run 8080 port","timestamp":"2024-12-06T09:53:28.491Z"}
{"level":"info","message":"Админ прошёл проверку","timestamp":"2024-12-06T09:53:28.709Z"}
{"level":"info","message":"Backend is run 8080 port","timestamp":"2024-12-06T09:53:34.932Z"}
{"level":"info","message":"Админ прошёл проверку","timestamp":"2024-12-06T09:53:35.079Z"}
{"level":"info","message":"Backend is run 8080 port","timestamp":"2024-12-06T09:53:49.267Z"}
{"level":"info","message":"Админ прошёл проверку","timestamp":"2024-12-06T09:53:49.412Z"}
{"level":"info","message":"Backend is run 8080 port","timestamp":"2024-12-06T11:34:04.577Z"}
{"level":"info","message":"Админ прошёл проверку","timestamp":"2024-12-06T11:34:04.825Z"}
{"level":"info","message":"Backend is run 8080 port","timestamp":"2024-12-06T11:34:16.896Z"}
{"level":"info","message":"Backend is run 8080 port","timestamp":"2024-12-06T11:34:18.727Z"}
{"level":"info","message":"Backend is run 8080 port","timestamp":"2024-12-06T11:34:48.013Z"}
{"level":"info","message":"Backend is run 8080 port","timestamp":"2024-12-06T11:35:02.119Z"}
{"level":"info","message":"Backend is run 8080 port","timestamp":"2024-12-06T11:35:04.365Z"}
{"level":"info","message":"Backend is run 8080 port","timestamp":"2024-12-06T11:35:17.520Z"}
{"level":"info","message":"Backend is run 8080 port","timestamp":"2024-12-06T11:35:29.796Z"}
{"level":"info","message":"Backend is run 8080 port","timestamp":"2024-12-06T11:35:45.723Z"}
{"level":"info","message":"Backend is run 8080 port","timestamp":"2024-12-06T11:36:16.651Z"}
{"level":"info","message":"Backend is run 8080 port","timestamp":"2024-12-06T11:36:25.378Z"}
{"level":"info","message":"Backend is run 8080 port","timestamp":"2024-12-06T11:36:42.034Z"}
{"level":"info","message":"Backend is run 8080 port","timestamp":"2024-12-06T11:36:49.506Z"}
{"level":"info","message":"Backend is run 8080 port","timestamp":"2024-12-06T11:37:14.842Z"}
{"level":"info","message":"Backend is run 8080 port","timestamp":"2024-12-06T11:37:21.726Z"}
{"level":"info","message":"Backend is run 8080 port","timestamp":"2024-12-06T11:37:31.697Z"}
{"level":"info","message":"Backend is run 8080 port","timestamp":"2024-12-06T11:37:37.481Z"}
{"level":"info","message":"Админ прошёл проверку","timestamp":"2024-12-06T11:37:37.657Z"}
{"level":"info","message":"Backend is run 8080 port","timestamp":"2024-12-06T11:38:14.752Z"}
{"level":"info","message":"Админ прошёл проверку","timestamp":"2024-12-06T11:38:14.880Z"}
{"level":"info","message":"Backend is run 8080 port","timestamp":"2024-12-06T11:38:44.139Z"}
{"level":"info","message":"Админ прошёл проверку","timestamp":"2024-12-06T11:38:44.272Z"}
{"level":"info","message":"Backend is run 8080 port","timestamp":"2024-12-06T11:38:46.503Z"}
{"level":"info","message":"Админ прошёл проверку","timestamp":"2024-12-06T11:38:46.620Z"}
{"level":"info","message":"Backend is run 8080 port","timestamp":"2024-12-06T11:38:53.520Z"}
{"level":"info","message":"Админ прошёл проверку","timestamp":"2024-12-06T11:38:53.701Z"}
{"level":"info","message":"Backend is run 8080 port","timestamp":"2024-12-06T11:39:52.251Z"}
{"level":"info","message":"Админ прошёл проверку","timestamp":"2024-12-06T11:39:52.453Z"}
{"level":"info","message":"Backend is run 8080 port","timestamp":"2024-12-06T11:43:58.493Z"}
{"level":"info","message":"Админ прошёл проверку","timestamp":"2024-12-06T11:43:58.674Z"}
{"level":"info","message":"Backend is run 8080 port","timestamp":"2024-12-06T11:46:27.975Z"}
{"level":"info","message":"Backend is run 8080 port","timestamp":"2024-12-06T11:47:12.109Z"}
{"level":"info","message":"Backend is run 8080 port","timestamp":"2024-12-06T11:47:25.310Z"}
{"level":"info","message":"Backend is run 8080 port","timestamp":"2024-12-06T11:47:40.182Z"}
{"errors":[],"fields":{},"level":"error","name":"SequelizeUniqueConstraintError","original":{"code":"23505","constraint":"unique_name","detail":"Ключ \"(lower(username::text))=(users)\" уже существует.","file":"nbtinsert.c","length":305,"line":"673","name":"error","parameters":["users","eyJhbGciOiJIUzI1NiIsInR5cCI6IkpXVCJ9.eyJwYXNzIjoicGFzc3dvcmQiLCJpYXQiOjE3MzM0ODU2NjJ9.w1_3Zw3Awc-DTdz9mnWbzvq4LXvLu7gDp7Dew45zzgM","eyJhbGciOiJIUzI1NiIsInR5cCI6IkpXVCJ9.eyJ1c2VybmFtZSI6InVzZXJzIiwiaWF0IjoxNzMzNDg1NjYyLCJleHAiOjE3MzYwNzc2NjJ9.NDjC3NhgC8r1QA2TOkFHaP_Ymlp5NGez1bbbHtH84Nk",1,"2024-12-06 11:47:42.991 +00:00","2024-12-06 11:47:42.991 +00:00"],"routine":"_bt_check_unique","schema":"public","severity":"ОШИБКА","sql":"INSERT INTO \"users\" (\"user_id\",\"username\",\"pass\",\"ref_token\",\"role\",\"createdAt\",\"updatedAt\") VALUES (DEFAULT,$1,$2,$3,$4,$5,$6) RETURNING \"user_id\",\"username\",\"pass\",\"ref_token\",\"bio\",\"logo\",\"role\",\"createdAt\",\"updatedAt\";","table":"users"},"parent":{"code":"23505","constraint":"unique_name","detail":"Ключ \"(lower(username::text))=(users)\" уже существует.","file":"nbtinsert.c","length":305,"line":"673","name":"error","parameters":["users","eyJhbGciOiJIUzI1NiIsInR5cCI6IkpXVCJ9.eyJwYXNzIjoicGFzc3dvcmQiLCJpYXQiOjE3MzM0ODU2NjJ9.w1_3Zw3Awc-DTdz9mnWbzvq4LXvLu7gDp7Dew45zzgM","eyJhbGciOiJIUzI1NiIsInR5cCI6IkpXVCJ9.eyJ1c2VybmFtZSI6InVzZXJzIiwiaWF0IjoxNzMzNDg1NjYyLCJleHAiOjE3MzYwNzc2NjJ9.NDjC3NhgC8r1QA2TOkFHaP_Ymlp5NGez1bbbHtH84Nk",1,"2024-12-06 11:47:42.991 +00:00","2024-12-06 11:47:42.991 +00:00"],"routine":"_bt_check_unique","schema":"public","severity":"ОШИБКА","sql":"INSERT INTO \"users\" (\"user_id\",\"username\",\"pass\",\"ref_token\",\"role\",\"createdAt\",\"updatedAt\") VALUES (DEFAULT,$1,$2,$3,$4,$5,$6) RETURNING \"user_id\",\"username\",\"pass\",\"ref_token\",\"bio\",\"logo\",\"role\",\"createdAt\",\"updatedAt\";","table":"users"},"sql":"INSERT INTO \"users\" (\"user_id\",\"username\",\"pass\",\"ref_token\",\"role\",\"createdAt\",\"updatedAt\") VALUES (DEFAULT,$1,$2,$3,$4,$5,$6) RETURNING \"user_id\",\"username\",\"pass\",\"ref_token\",\"bio\",\"logo\",\"role\",\"createdAt\",\"updatedAt\";","timestamp":"2024-12-06T11:47:43.003Z"}
{"errors":[],"fields":{},"level":"error","name":"SequelizeUniqueConstraintError","original":{"code":"23505","constraint":"unique_name","detail":"Ключ \"(lower(username::text))=(users2)\" уже существует.","file":"nbtinsert.c","length":306,"line":"673","name":"error","parameters":["users2","eyJhbGciOiJIUzI1NiIsInR5cCI6IkpXVCJ9.eyJwYXNzIjoicGFzc3dvcmQiLCJpYXQiOjE3MzM0ODU3Mjh9.d52jHx1gM7qAr0cA8EOIwjNXQYcD-j-exNI-50pQClE","eyJhbGciOiJIUzI1NiIsInR5cCI6IkpXVCJ9.eyJ1c2VybmFtZSI6InVzZXJzMiIsImlhdCI6MTczMzQ4NTcyOCwiZXhwIjoxNzM2MDc3NzI4fQ.aa_uhUNAMm3wR4FrjLVv6LWjCPbipfaEvv_CoF7Vepo",1,"2024-12-06 11:48:48.602 +00:00","2024-12-06 11:48:48.602 +00:00"],"routine":"_bt_check_unique","schema":"public","severity":"ОШИБКА","sql":"INSERT INTO \"users\" (\"user_id\",\"username\",\"pass\",\"ref_token\",\"role\",\"createdAt\",\"updatedAt\") VALUES (DEFAULT,$1,$2,$3,$4,$5,$6) RETURNING \"user_id\",\"username\",\"pass\",\"ref_token\",\"bio\",\"logo\",\"role\",\"createdAt\",\"updatedAt\";","table":"users"},"parent":{"code":"23505","constraint":"unique_name","detail":"Ключ \"(lower(username::text))=(users2)\" уже существует.","file":"nbtinsert.c","length":306,"line":"673","name":"error","parameters":["users2","eyJhbGciOiJIUzI1NiIsInR5cCI6IkpXVCJ9.eyJwYXNzIjoicGFzc3dvcmQiLCJpYXQiOjE3MzM0ODU3Mjh9.d52jHx1gM7qAr0cA8EOIwjNXQYcD-j-exNI-50pQClE","eyJhbGciOiJIUzI1NiIsInR5cCI6IkpXVCJ9.eyJ1c2VybmFtZSI6InVzZXJzMiIsImlhdCI6MTczMzQ4NTcyOCwiZXhwIjoxNzM2MDc3NzI4fQ.aa_uhUNAMm3wR4FrjLVv6LWjCPbipfaEvv_CoF7Vepo",1,"2024-12-06 11:48:48.602 +00:00","2024-12-06 11:48:48.602 +00:00"],"routine":"_bt_check_unique","schema":"public","severity":"ОШИБКА","sql":"INSERT INTO \"users\" (\"user_id\",\"username\",\"pass\",\"ref_token\",\"role\",\"createdAt\",\"updatedAt\") VALUES (DEFAULT,$1,$2,$3,$4,$5,$6) RETURNING \"user_id\",\"username\",\"pass\",\"ref_token\",\"bio\",\"logo\",\"role\",\"createdAt\",\"updatedAt\";","table":"users"},"sql":"INSERT INTO \"users\" (\"user_id\",\"username\",\"pass\",\"ref_token\",\"role\",\"createdAt\",\"updatedAt\") VALUES (DEFAULT,$1,$2,$3,$4,$5,$6) RETURNING \"user_id\",\"username\",\"pass\",\"ref_token\",\"bio\",\"logo\",\"role\",\"createdAt\",\"updatedAt\";","timestamp":"2024-12-06T11:48:48.745Z"}
{"level":"info","message":"Backend is run 8080 port","timestamp":"2024-12-06T11:49:06.749Z"}
{"level":"info","message":"Админ прошёл проверку","timestamp":"2024-12-06T11:49:06.919Z"}
{"level":"info","message":"Backend is run 8080 port","timestamp":"2024-12-06T11:50:33.209Z"}
{"level":"info","message":"Админ прошёл проверку","timestamp":"2024-12-06T11:50:33.345Z"}
{"level":"info","message":"Backend is run 8080 port","timestamp":"2024-12-06T11:50:46.569Z"}
{"level":"info","message":"Админ прошёл проверку","timestamp":"2024-12-06T11:50:46.754Z"}
{"level":"info","message":"Backend is run 8080 port","timestamp":"2024-12-06T11:51:30.410Z"}
{"level":"info","message":"Админ прошёл проверку","timestamp":"2024-12-06T11:51:30.550Z"}
{"level":"info","message":"Backend is run 8080 port","timestamp":"2024-12-06T11:51:31.471Z"}
{"level":"info","message":"Админ прошёл проверку","timestamp":"2024-12-06T11:51:31.595Z"}
{"level":"info","message":"Backend is run 8080 port","timestamp":"2024-12-06T11:51:46.940Z"}
{"level":"info","message":"Админ прошёл проверку","timestamp":"2024-12-06T11:51:47.061Z"}
{"level":"info","message":"Backend is run 8080 port","timestamp":"2024-12-06T11:51:54.827Z"}
{"level":"info","message":"Админ прошёл проверку","timestamp":"2024-12-06T11:51:54.962Z"}
{"level":"info","message":"Backend is run 8080 port","timestamp":"2024-12-06T11:52:07.966Z"}
{"errors":[],"fields":{},"level":"error","name":"SequelizeUniqueConstraintError","original":{"code":"23505","constraint":"unique_name","detail":"Ключ \"(lower(username::text))=(testsuper)\" уже существует.","file":"nbtinsert.c","length":309,"line":"673","name":"error","parameters":["testSuper","eyJhbGciOiJIUzI1NiIsInR5cCI6IkpXVCJ9.eyJwYXNzIjoicGFzc3dvcmQiLCJpYXQiOjE3MzM0ODU5Mjh9.BRCCOqFaukZXuOb8yjFCCsiHkV90yRgU63ZL5gScrX8","eyJhbGciOiJIUzI1NiIsInR5cCI6IkpXVCJ9.eyJ1c2VybmFtZSI6InRlc3RTdXBlciIsImlhdCI6MTczMzQ4NTkyOCwiZXhwIjoxNzM2MDc3OTI4fQ.T4lw9MMMleNJ0kAvUqtLjuD7a5hXID1fq7DEioF1RdE",1,"2024-12-06 11:52:08.105 +00:00","2024-12-06 11:52:08.105 +00:00"],"routine":"_bt_check_unique","schema":"public","severity":"ОШИБКА","sql":"INSERT INTO \"users\" (\"user_id\",\"username\",\"pass\",\"ref_token\",\"role\",\"createdAt\",\"updatedAt\") VALUES (DEFAULT,$1,$2,$3,$4,$5,$6) RETURNING \"user_id\",\"username\",\"pass\",\"ref_token\",\"bio\",\"logo\",\"role\",\"createdAt\",\"updatedAt\";","table":"users"},"parent":{"code":"23505","constraint":"unique_name","detail":"Ключ \"(lower(username::text))=(testsuper)\" уже существует.","file":"nbtinsert.c","length":309,"line":"673","name":"error","parameters":["testSuper","eyJhbGciOiJIUzI1NiIsInR5cCI6IkpXVCJ9.eyJwYXNzIjoicGFzc3dvcmQiLCJpYXQiOjE3MzM0ODU5Mjh9.BRCCOqFaukZXuOb8yjFCCsiHkV90yRgU63ZL5gScrX8","eyJhbGciOiJIUzI1NiIsInR5cCI6IkpXVCJ9.eyJ1c2VybmFtZSI6InRlc3RTdXBlciIsImlhdCI6MTczMzQ4NTkyOCwiZXhwIjoxNzM2MDc3OTI4fQ.T4lw9MMMleNJ0kAvUqtLjuD7a5hXID1fq7DEioF1RdE",1,"2024-12-06 11:52:08.105 +00:00","2024-12-06 11:52:08.105 +00:00"],"routine":"_bt_check_unique","schema":"public","severity":"ОШИБКА","sql":"INSERT INTO \"users\" (\"user_id\",\"username\",\"pass\",\"ref_token\",\"role\",\"createdAt\",\"updatedAt\") VALUES (DEFAULT,$1,$2,$3,$4,$5,$6) RETURNING \"user_id\",\"username\",\"pass\",\"ref_token\",\"bio\",\"logo\",\"role\",\"createdAt\",\"updatedAt\";","table":"users"},"sql":"INSERT INTO \"users\" (\"user_id\",\"username\",\"pass\",\"ref_token\",\"role\",\"createdAt\",\"updatedAt\") VALUES (DEFAULT,$1,$2,$3,$4,$5,$6) RETURNING \"user_id\",\"username\",\"pass\",\"ref_token\",\"bio\",\"logo\",\"role\",\"createdAt\",\"updatedAt\";","timestamp":"2024-12-06T11:52:08.114Z"}
{"level":"info","message":"Админ прошёл проверку","timestamp":"2024-12-06T11:52:10.122Z"}
{"level":"info","message":"Backend is run 8080 port","timestamp":"2024-12-06T11:52:24.730Z"}
{"level":"info","message":"Админ прошёл проверку","timestamp":"2024-12-06T11:52:24.874Z"}
{"level":"info","message":"Backend is run 8080 port","timestamp":"2024-12-06T11:53:13.501Z"}
{"errors":[],"fields":{},"level":"error","name":"SequelizeUniqueConstraintError","original":{"code":"23505","constraint":"unique_name","detail":"Ключ \"(lower(username::text))=(testsuper21)\" уже существует.","file":"nbtinsert.c","length":311,"line":"673","name":"error","parameters":["testSuper21","eyJhbGciOiJIUzI1NiIsInR5cCI6IkpXVCJ9.eyJwYXNzIjoicGFzc3dvcmQiLCJpYXQiOjE3MzM0ODU5OTN9.nftktsExKJBC9rfX1w5ZvYECgxTvuWxa95w262F0dT4","eyJhbGciOiJIUzI1NiIsInR5cCI6IkpXVCJ9.eyJ1c2VybmFtZSI6InRlc3RTdXBlcjIxIiwiaWF0IjoxNzMzNDg1OTkzLCJleHAiOjE3MzYwNzc5OTN9.wxUMAIqJCfxddEV06RwrXjerUnALGut82GjFF8ZvrRY",1,"2024-12-06 11:53:13.641 +00:00","2024-12-06 11:53:13.641 +00:00"],"routine":"_bt_check_unique","schema":"public","severity":"ОШИБКА","sql":"INSERT INTO \"users\" (\"user_id\",\"username\",\"pass\",\"ref_token\",\"role\",\"createdAt\",\"updatedAt\") VALUES (DEFAULT,$1,$2,$3,$4,$5,$6) RETURNING \"user_id\",\"username\",\"pass\",\"ref_token\",\"bio\",\"logo\",\"role\",\"createdAt\",\"updatedAt\";","table":"users"},"parent":{"code":"23505","constraint":"unique_name","detail":"Ключ \"(lower(username::text))=(testsuper21)\" уже существует.","file":"nbtinsert.c","length":311,"line":"673","name":"error","parameters":["testSuper21","eyJhbGciOiJIUzI1NiIsInR5cCI6IkpXVCJ9.eyJwYXNzIjoicGFzc3dvcmQiLCJpYXQiOjE3MzM0ODU5OTN9.nftktsExKJBC9rfX1w5ZvYECgxTvuWxa95w262F0dT4","eyJhbGciOiJIUzI1NiIsInR5cCI6IkpXVCJ9.eyJ1c2VybmFtZSI6InRlc3RTdXBlcjIxIiwiaWF0IjoxNzMzNDg1OTkzLCJleHAiOjE3MzYwNzc5OTN9.wxUMAIqJCfxddEV06RwrXjerUnALGut82GjFF8ZvrRY",1,"2024-12-06 11:53:13.641 +00:00","2024-12-06 11:53:13.641 +00:00"],"routine":"_bt_check_unique","schema":"public","severity":"ОШИБКА","sql":"INSERT INTO \"users\" (\"user_id\",\"username\",\"pass\",\"ref_token\",\"role\",\"createdAt\",\"updatedAt\") VALUES (DEFAULT,$1,$2,$3,$4,$5,$6) RETURNING \"user_id\",\"username\",\"pass\",\"ref_token\",\"bio\",\"logo\",\"role\",\"createdAt\",\"updatedAt\";","table":"users"},"sql":"INSERT INTO \"users\" (\"user_id\",\"username\",\"pass\",\"ref_token\",\"role\",\"createdAt\",\"updatedAt\") VALUES (DEFAULT,$1,$2,$3,$4,$5,$6) RETURNING \"user_id\",\"username\",\"pass\",\"ref_token\",\"bio\",\"logo\",\"role\",\"createdAt\",\"updatedAt\";","timestamp":"2024-12-06T11:53:13.650Z"}
{"level":"info","message":"Админ прошёл проверку","timestamp":"2024-12-06T11:53:15.650Z"}
{"level":"info","message":"Backend is run 8080 port","timestamp":"2024-12-06T11:53:36.097Z"}
{"level":"info","message":"Админ прошёл проверку","timestamp":"2024-12-06T11:53:36.236Z"}
{"level":"info","message":"Backend is run 8080 port","timestamp":"2024-12-06T11:54:07.237Z"}
{"errors":[],"fields":{},"level":"error","name":"SequelizeUniqueConstraintError","original":{"code":"23505","constraint":"unique_name","detail":"Ключ \"(lower(username::text))=(testsuper2109)\" уже существует.","file":"nbtinsert.c","length":313,"line":"673","name":"error","parameters":["testSuper2109","eyJhbGciOiJIUzI1NiIsInR5cCI6IkpXVCJ9.eyJwYXNzIjoicGFzc3dvcmQiLCJpYXQiOjE3MzM0ODYwNDd9.iaFWwJgEahQpQMsl7K3VSI481doA-vVJn8IF-olnpI8","eyJhbGciOiJIUzI1NiIsInR5cCI6IkpXVCJ9.eyJ1c2VybmFtZSI6InRlc3RTdXBlcjIxMDkiLCJpYXQiOjE3MzM0ODYwNDcsImV4cCI6MTczNjA3ODA0N30.YkQMlBghL52MQMAyXLybyFxCGKafyTsI5GlVSuoIkpw",1,"2024-12-06 11:54:07.438 +00:00","2024-12-06 11:54:07.438 +00:00"],"routine":"_bt_check_unique","schema":"public","severity":"ОШИБКА","sql":"INSERT INTO \"users\" (\"user_id\",\"username\",\"pass\",\"ref_token\",\"role\",\"createdAt\",\"updatedAt\") VALUES (DEFAULT,$1,$2,$3,$4,$5,$6) RETURNING \"user_id\",\"username\",\"pass\",\"ref_token\",\"bio\",\"logo\",\"role\",\"createdAt\",\"updatedAt\";","table":"users"},"parent":{"code":"23505","constraint":"unique_name","detail":"Ключ \"(lower(username::text))=(testsuper2109)\" уже существует.","file":"nbtinsert.c","length":313,"line":"673","name":"error","parameters":["testSuper2109","eyJhbGciOiJIUzI1NiIsInR5cCI6IkpXVCJ9.eyJwYXNzIjoicGFzc3dvcmQiLCJpYXQiOjE3MzM0ODYwNDd9.iaFWwJgEahQpQMsl7K3VSI481doA-vVJn8IF-olnpI8","eyJhbGciOiJIUzI1NiIsInR5cCI6IkpXVCJ9.eyJ1c2VybmFtZSI6InRlc3RTdXBlcjIxMDkiLCJpYXQiOjE3MzM0ODYwNDcsImV4cCI6MTczNjA3ODA0N30.YkQMlBghL52MQMAyXLybyFxCGKafyTsI5GlVSuoIkpw",1,"2024-12-06 11:54:07.438 +00:00","2024-12-06 11:54:07.438 +00:00"],"routine":"_bt_check_unique","schema":"public","severity":"ОШИБКА","sql":"INSERT INTO \"users\" (\"user_id\",\"username\",\"pass\",\"ref_token\",\"role\",\"createdAt\",\"updatedAt\") VALUES (DEFAULT,$1,$2,$3,$4,$5,$6) RETURNING \"user_id\",\"username\",\"pass\",\"ref_token\",\"bio\",\"logo\",\"role\",\"createdAt\",\"updatedAt\";","table":"users"},"sql":"INSERT INTO \"users\" (\"user_id\",\"username\",\"pass\",\"ref_token\",\"role\",\"createdAt\",\"updatedAt\") VALUES (DEFAULT,$1,$2,$3,$4,$5,$6) RETURNING \"user_id\",\"username\",\"pass\",\"ref_token\",\"bio\",\"logo\",\"role\",\"createdAt\",\"updatedAt\";","timestamp":"2024-12-06T11:54:07.441Z"}
{"level":"info","message":"Админ прошёл проверку","timestamp":"2024-12-06T11:54:09.460Z"}
{"level":"info","message":"Backend is run 8080 port","timestamp":"2024-12-06T11:54:13.972Z"}
{"level":"info","message":"Админ прошёл проверку","timestamp":"2024-12-06T11:54:14.108Z"}
{"level":"info","message":"Backend is run 8080 port","timestamp":"2024-12-06T11:57:04.977Z"}
{"level":"info","message":"Админ прошёл проверку","timestamp":"2024-12-06T11:57:05.194Z"}
{"level":"info","message":"Backend is run 8080 port","timestamp":"2024-12-06T11:57:16.064Z"}
{"level":"info","message":"Админ прошёл проверку","timestamp":"2024-12-06T11:57:16.280Z"}
{"level":"info","message":"Backend is run 8080 port","timestamp":"2024-12-06T11:57:35.470Z"}
{"level":"info","message":"Backend is run 8080 port","timestamp":"2024-12-06T11:57:54.453Z"}
{"level":"info","message":"Админ прошёл проверку","timestamp":"2024-12-06T11:57:54.637Z"}
{"level":"info","message":"Backend is run 8080 port","timestamp":"2024-12-06T11:58:17.818Z"}
{"level":"info","message":"Админ прошёл проверку","timestamp":"2024-12-06T11:58:17.974Z"}
{"level":"info","message":"Backend is run 8080 port","timestamp":"2024-12-06T12:35:58.029Z"}
{"level":"info","message":"Backend is run 8080 port","timestamp":"2024-12-08T18:59:05.427Z"}
{"level":"info","message":"Backend is run 8080 port","timestamp":"2024-12-08T19:25:45.243Z"}
{"level":"info","message":"Backend is run 8080 port","timestamp":"2024-12-08T19:25:59.749Z"}
{"level":"warn","message":"У вас недостаточно прав!","timestamp":"2024-12-08T19:25:59.949Z"}
{"level":"info","message":"Backend is run 8080 port","timestamp":"2024-12-08T19:26:25.490Z"}
{"level":"warn","message":"У вас недостаточно прав!","timestamp":"2024-12-08T19:26:25.639Z"}
{"level":"info","message":"Backend is run 8080 port","timestamp":"2024-12-08T19:26:35.087Z"}
{"level":"warn","message":"У вас недостаточно прав!","timestamp":"2024-12-08T19:26:35.255Z"}
{"level":"info","message":"Backend is run 8080 port","timestamp":"2024-12-08T19:26:39.363Z"}
{"level":"warn","message":"У вас недостаточно прав!","timestamp":"2024-12-08T19:26:39.606Z"}
{"level":"info","message":"Backend is run 8080 port","timestamp":"2024-12-08T19:27:05.077Z"}
{"level":"warn","message":"У вас недостаточно прав!","timestamp":"2024-12-08T19:27:05.273Z"}
{"level":"info","message":"Backend is run 8080 port","timestamp":"2024-12-08T19:27:52.327Z"}
{"level":"warn","message":"У вас недостаточно прав!","timestamp":"2024-12-08T19:27:52.478Z"}
{"level":"warn","message":"У вас недостаточно прав!","timestamp":"2024-12-08T19:28:38.616Z"}
{"level":"info","message":"Backend is run 8080 port","timestamp":"2024-12-08T19:28:50.916Z"}
{"level":"info","message":"Админ прошёл проверку","timestamp":"2024-12-08T19:28:51.051Z"}
{"level":"warn","message":"У вас недостаточно прав!","timestamp":"2024-12-08T19:28:58.722Z"}
{"level":"warn","message":"У вас недостаточно прав!","timestamp":"2024-12-08T19:29:00.285Z"}
{"level":"warn","message":"У вас недостаточно прав!","timestamp":"2024-12-08T19:29:01.974Z"}
{"level":"info","message":"Backend is run 8080 port","timestamp":"2024-12-08T19:29:10.511Z"}
{"level":"info","message":"Админ прошёл проверку","timestamp":"2024-12-08T19:29:11.788Z"}
{"level":"info","message":"Backend is run 8080 port","timestamp":"2024-12-08T19:29:20.498Z"}
{"level":"warn","message":"У вас недостаточно прав!","timestamp":"2024-12-08T19:29:22.163Z"}
{"level":"info","message":"Backend is run 8080 port","timestamp":"2024-12-08T19:29:31.280Z"}
{"level":"warn","message":"У вас недостаточно прав!","timestamp":"2024-12-08T19:29:32.725Z"}
{"level":"info","message":"Backend is run 8080 port","timestamp":"2024-12-08T19:29:44.508Z"}
{"level":"warn","message":"У вас недостаточно прав!","timestamp":"2024-12-08T19:29:46.177Z"}
{"level":"info","message":"Backend is run 8080 port","timestamp":"2024-12-08T19:29:54.714Z"}
{"level":"warn","message":"У вас недостаточно прав!","timestamp":"2024-12-08T19:29:56.201Z"}
{"level":"info","message":"Backend is run 8080 port","timestamp":"2024-12-08T19:30:07.907Z"}
{"level":"info","message":"Админ прошёл проверку","timestamp":"2024-12-08T19:30:09.505Z"}
{"level":"info","message":"Backend is run 8080 port","timestamp":"2024-12-08T19:30:17.858Z"}
{"level":"info","message":"Backend is run 8080 port","timestamp":"2024-12-08T19:30:20.176Z"}
{"level":"info","message":"Backend is run 8080 port","timestamp":"2024-12-08T19:30:21.077Z"}
{"level":"info","message":"Backend is run 8080 port","timestamp":"2024-12-08T19:30:32.691Z"}
{"level":"info","message":"Админ прошёл проверку","timestamp":"2024-12-08T19:30:32.885Z"}
{"level":"info","message":"Backend is run 8080 port","timestamp":"2024-12-08T19:31:22.130Z"}
{"level":"info","message":"Админ прошёл проверку","timestamp":"2024-12-08T19:31:22.282Z"}
{"level":"info","message":"Backend is run 8080 port","timestamp":"2024-12-08T19:31:31.763Z"}
{"level":"info","message":"Backend is run 8080 port","timestamp":"2024-12-08T19:31:42.813Z"}
{"level":"error","name":"SequelizeHostNotFoundError","original":{"code":"ENOTFOUND","errno":-3008,"hostname":"localhosts","syscall":"getaddrinfo"},"parent":{"code":"ENOTFOUND","errno":-3008,"hostname":"localhosts","syscall":"getaddrinfo"},"timestamp":"2024-12-08T19:31:45.104Z"}
{"level":"info","message":"Backend is run 8080 port","timestamp":"2024-12-08T19:31:49.171Z"}
{"level":"info","message":"Backend is run 8080 port","timestamp":"2024-12-08T19:34:48.443Z"}
{"level":"info","message":"Backend is run 8080 port","timestamp":"2024-12-08T19:35:49.962Z"}
{"level":"info","message":"Backend is run 8080 port","timestamp":"2024-12-08T19:36:15.721Z"}
{"level":"info","message":"Backend is run 8080 port","timestamp":"2024-12-08T19:36:21.649Z"}
{"level":"info","message":"Backend is run 8080 port","timestamp":"2024-12-08T19:38:52.987Z"}
{"level":"info","message":"Backend is run 8080 port","timestamp":"2024-12-08T19:42:05.019Z"}
{"level":"info","message":"Backend is run 8080 port","timestamp":"2024-12-08T19:42:13.091Z"}
{"level":"info","message":"Backend is run 8080 port","timestamp":"2024-12-08T19:42:26.211Z"}
{"level":"info","message":"Backend is run 8080 port","timestamp":"2024-12-08T19:42:42.902Z"}
{"level":"info","message":"Backend is run 8080 port","timestamp":"2024-12-08T19:43:06.182Z"}
{"level":"info","message":"Backend is run 8080 port","timestamp":"2024-12-08T19:43:10.500Z"}
{"level":"info","message":"Backend is run 8080 port","timestamp":"2024-12-08T19:43:56.656Z"}
{"level":"info","message":"Backend is run 8080 port","timestamp":"2024-12-08T19:44:43.975Z"}
{"level":"info","message":"Backend is run 8080 port","timestamp":"2024-12-08T19:44:56.005Z"}
{"level":"info","message":"Backend is run 8080 port","timestamp":"2024-12-08T19:44:59.353Z"}
{"level":"info","message":"Backend is run 8080 port","timestamp":"2024-12-08T19:45:01.208Z"}
{"level":"info","message":"Backend is run 8080 port","timestamp":"2024-12-08T19:45:05.150Z"}
{"level":"info","message":"Backend is run 8080 port","timestamp":"2024-12-08T19:49:56.766Z"}
{"level":"info","message":"Backend is run 8080 port","timestamp":"2024-12-08T19:57:23.398Z"}
{"level":"info","message":"Backend is run 8080 port","timestamp":"2024-12-08T20:01:01.194Z"}
{"level":"info","message":"Backend is run 8080 port","timestamp":"2024-12-08T20:02:55.205Z"}
{"level":"info","message":"Backend is run 8080 port","timestamp":"2024-12-08T20:03:41.060Z"}
{"level":"info","message":"Backend is run 8080 port","timestamp":"2024-12-08T20:04:28.612Z"}
{"level":"info","message":"Backend is run 8080 port","timestamp":"2024-12-08T20:05:45.879Z"}
{"level":"info","message":"Backend is run 8080 port","timestamp":"2024-12-08T20:08:02.112Z"}
{"level":"info","message":"Backend is run 8080 port","timestamp":"2024-12-08T20:08:44.036Z"}
{"level":"info","message":"Backend is run 8080 port","timestamp":"2024-12-08T20:09:05.970Z"}
{"level":"info","message":"Backend is run 8080 port","timestamp":"2024-12-08T20:09:22.951Z"}
{"level":"info","message":"Backend is run 8080 port","timestamp":"2024-12-08T20:09:53.353Z"}
{"level":"info","message":"Backend is run 8080 port","timestamp":"2024-12-08T20:09:59.012Z"}
{"level":"info","message":"Backend is run 8080 port","timestamp":"2024-12-08T20:11:49.889Z"}
{"level":"info","message":"Backend is run 8080 port","timestamp":"2024-12-08T20:12:18.021Z"}
{"level":"info","message":"Backend is run 8080 port","timestamp":"2024-12-08T20:12:34.591Z"}
{"level":"info","message":"Backend is run 8080 port","timestamp":"2024-12-08T20:13:26.455Z"}
{"level":"info","message":"Backend is run 8080 port","timestamp":"2024-12-08T20:13:35.556Z"}
{"level":"info","message":"Backend is run 8080 port","timestamp":"2024-12-08T20:13:40.982Z"}
{"level":"info","message":"Backend is run 8080 port","timestamp":"2024-12-08T20:13:44.215Z"}
{"level":"info","message":"Backend is run 8080 port","timestamp":"2024-12-08T20:13:46.526Z"}
{"level":"info","message":"Backend is run 8080 port","timestamp":"2024-12-08T20:13:50.783Z"}
{"level":"info","message":"Backend is run 8080 port","timestamp":"2024-12-08T20:13:55.696Z"}
{"level":"info","message":"Backend is run 8080 port","timestamp":"2024-12-08T20:16:20.038Z"}
{"level":"info","message":"Backend is run 8080 port","timestamp":"2024-12-08T20:16:41.155Z"}
{"level":"info","message":"Backend is run 8080 port","timestamp":"2024-12-08T20:17:23.472Z"}
{"level":"info","message":"Backend is run 8080 port","timestamp":"2024-12-08T20:17:34.688Z"}
{"level":"info","message":"Backend is run 8080 port","timestamp":"2024-12-08T20:17:40.393Z"}
{"level":"info","message":"Backend is run 8080 port","timestamp":"2024-12-08T20:17:42.956Z"}
{"level":"info","message":"Backend is run 8080 port","timestamp":"2024-12-08T20:18:05.951Z"}
{"level":"info","message":"Backend is run 8080 port","timestamp":"2024-12-08T20:18:39.427Z"}
{"level":"info","message":"Backend is run 8080 port","timestamp":"2024-12-08T20:23:36.543Z"}
{"level":"info","message":"Backend is run 8080 port","timestamp":"2024-12-08T20:25:39.142Z"}
{"level":"info","message":"Backend is run 8080 port","timestamp":"2024-12-08T20:31:46.636Z"}
{"level":"info","message":"Backend is run 8080 port","timestamp":"2024-12-08T20:32:45.937Z"}
{"level":"info","message":"Backend is run 8080 port","timestamp":"2024-12-08T20:33:22.299Z"}
{"level":"info","message":"Backend is run 8080 port","timestamp":"2024-12-08T20:33:33.482Z"}
{"level":"info","message":"Backend is run 8080 port","timestamp":"2024-12-08T20:38:08.674Z"}
{"level":"info","message":"Backend is run 8080 port","timestamp":"2024-12-08T20:39:06.889Z"}
{"level":"info","message":"Backend is run 8080 port","timestamp":"2024-12-08T20:39:46.962Z"}
{"level":"info","message":"Backend is run 8080 port","timestamp":"2024-12-08T20:40:16.962Z"}
{"level":"error","message":"вывод пользователя","timestamp":"2024-12-08T20:40:25.204Z"}
{"level":"info","message":"Backend is run 8080 port","timestamp":"2024-12-08T20:41:35.177Z"}
{"level":"info","message":"Backend is run 8080 port","timestamp":"2024-12-08T20:42:09.092Z"}
{"level":"info","message":"Backend is run 8080 port","timestamp":"2024-12-08T20:42:39.835Z"}
{"level":"info","message":"Backend is run 8080 port","timestamp":"2024-12-08T20:43:03.492Z"}
{"level":"info","message":"Backend is run 8080 port","timestamp":"2024-12-08T20:43:13.680Z"}
{"level":"info","message":"Backend is run 8080 port","timestamp":"2024-12-08T20:43:26.767Z"}
{"level":"info","message":"Backend is run 8080 port","timestamp":"2024-12-08T20:43:42.884Z"}
{"level":"info","message":"Backend is run 8080 port","timestamp":"2024-12-08T20:43:57.720Z"}
{"level":"info","message":"Backend is run 8080 port","timestamp":"2024-12-08T20:44:39.287Z"}
{"level":"info","message":"Backend is run 8080 port","timestamp":"2024-12-08T20:45:01.919Z"}
{"level":"error","message":"вывод пользователя","timestamp":"2024-12-08T20:45:05.428Z"}
{"level":"info","message":"Backend is run 8080 port","timestamp":"2024-12-08T21:14:33.046Z"}
{"level":"info","message":"Backend is run 8080 port","timestamp":"2024-12-08T21:14:38.584Z"}
{"level":"info","message":"Backend is run 8080 port","timestamp":"2024-12-08T21:31:32.455Z"}
{"level":"info","message":"Backend is run 8080 port","timestamp":"2024-12-08T21:31:41.465Z"}
{"level":"info","message":"Backend is run 8080 port","timestamp":"2024-12-08T21:31:48.319Z"}
{"level":"info","message":"Backend is run 8080 port","timestamp":"2024-12-08T21:31:49.215Z"}
{"level":"info","message":"Backend is run 8080 port","timestamp":"2024-12-08T21:31:57.179Z"}
{"level":"info","message":"Backend is run 8080 port","timestamp":"2024-12-08T21:31:59.576Z"}
{"level":"info","message":"Backend is run 8080 port","timestamp":"2024-12-08T21:32:00.789Z"}
{"level":"info","message":"Backend is run 8080 port","timestamp":"2024-12-09T09:14:41.153Z"}
{"level":"info","message":"Backend is run 8080 port","timestamp":"2024-12-09T09:18:50.463Z"}
{"level":"info","message":"Backend is run 8080 port","timestamp":"2024-12-09T09:18:55.473Z"}
{"level":"info","message":"Backend is run 8080 port","timestamp":"2024-12-09T09:19:04.016Z"}
{"level":"info","message":"Backend is run 8080 port","timestamp":"2024-12-09T12:14:32.313Z"}
{"level":"info","message":"Backend is run 8080 port","timestamp":"2024-12-09T12:14:57.367Z"}
{"level":"info","message":"Backend is run 8080 port","timestamp":"2024-12-09T12:15:15.271Z"}
{"level":"info","message":"Backend is run 8080 port","timestamp":"2024-12-09T12:17:12.928Z"}
{"level":"info","message":"Backend is run 8080 port","timestamp":"2024-12-09T12:18:15.061Z"}
{"level":"info","message":"Backend is run 8080 port","timestamp":"2024-12-09T12:18:20.398Z"}
{"level":"error","timestamp":"2024-12-09T12:18:28.106Z"}
{"level":"info","message":"Backend is run 8080 port","timestamp":"2024-12-09T12:18:59.837Z"}
{"level":"info","message":"Backend is run 8080 port","timestamp":"2024-12-09T12:19:16.420Z"}
{"level":"info","message":"Backend is run 8080 port","timestamp":"2024-12-09T12:31:39.389Z"}
{"level":"info","message":"","timestamp":"2024-12-09T12:31:41.773Z"}
{"level":"info","message":"Backend is run 8080 port","timestamp":"2024-12-09T12:31:58.648Z"}
{"level":"info","message":[{"anime_id":1,"animes":[{"anime_id":1,"anime_title_eng":"text    1","anime_title_jap":"text    1","anime_title_rus":"text    1","description":"desc 1","poster_url":"https://shikimori.one/animes/57334-dandadan","user_id":1,"year":"2005-09-08T20:00:00.000Z"}],"book_id":1,"user_id":1,"users":[{"bio":null,"createdAt":"2024-11-19T13:20:35.268Z","logo":null,"pass":"eyJhbGciOiJIUzI1NiIsInR5cCI6IkpXVCJ9.eyJwYXNzIjoicGFzc3dvcmQiLCJpYXQiOjE3MzIwMjI0MzV9.Ql7cX783Mckv1o8wcpEsRZHDCbow_UWA4Hn5JR0z54Y","ref_token":"eyJhbGciOiJIUzI1NiIsInR5cCI6IkpXVCJ9.eyJ1c2VybmFtZSI6ImFkbWluIiwiaWF0IjoxNzMzNzQ2NjQ4LCJleHAiOjE3MzYzMzg2NDh9.p1fDeSL3amPYSWUSDArOuXlcFK2K1I569Ny3Wwm-r9U","role":9,"updatedAt":"2024-12-09T12:17:28.988Z","user_id":1,"username":"admin"}]}],"timestamp":"2024-12-09T12:32:00.147Z"}
{"level":"info","message":"Backend is run 8080 port","timestamp":"2024-12-09T12:32:09.888Z"}
{"level":"info","timestamp":"2024-12-09T12:32:11.298Z"}
{"level":"info","message":"Backend is run 8080 port","timestamp":"2024-12-09T12:32:16.666Z"}
{"level":"info","message":"Backend is run 8080 port","timestamp":"2024-12-09T12:32:27.226Z"}
{"level":"info","message":"Backend is run 8080 port","timestamp":"2024-12-09T12:32:54.187Z"}
{"level":"info","message":"Backend is run 8080 port","timestamp":"2024-12-09T12:33:03.582Z"}
{"level":"info","message":"Backend is run 8080 port","timestamp":"2024-12-09T12:33:14.007Z"}
{"level":"error","timestamp":"2024-12-09T12:33:15.170Z"}
{"level":"info","message":"Backend is run 8080 port","timestamp":"2024-12-09T12:33:18.546Z"}
{"level":"error","timestamp":"2024-12-09T12:33:19.794Z"}
{"level":"info","message":"Backend is run 8080 port","timestamp":"2024-12-09T12:33:24.291Z"}
{"level":"info","message":"Backend is run 8080 port","timestamp":"2024-12-09T12:33:43.826Z"}
{"level":"info","message":"Backend is run 8080 port","timestamp":"2024-12-09T12:33:48.613Z"}
{"level":"error","timestamp":"2024-12-09T12:33:49.892Z"}
{"level":"info","message":"Backend is run 8080 port","timestamp":"2024-12-09T12:34:11.316Z"}
{"level":"info","message":"Backend is run 8080 port","timestamp":"2024-12-09T12:34:16.332Z"}
{"level":"info","message":"Backend is run 8080 port","timestamp":"2024-12-09T12:34:53.393Z"}
{"level":"info","message":"Backend is run 8080 port","timestamp":"2024-12-09T12:35:05.381Z"}
{"level":"info","message":"Backend is run 8080 port","timestamp":"2024-12-09T12:35:48.359Z"}
{"level":"info","message":"Backend is run 8080 port","timestamp":"2024-12-09T12:36:50.562Z"}
{"level":"info","message":"Backend is run 8080 port","timestamp":"2024-12-09T12:37:15.504Z"}
{"level":"info","message":"Backend is run 8080 port","timestamp":"2024-12-09T12:38:29.885Z"}
{"level":"info","message":"Backend is run 8080 port","timestamp":"2024-12-09T12:38:46.551Z"}
{"level":"error","timestamp":"2024-12-09T12:38:48.766Z"}
{"level":"info","message":"Backend is run 8080 port","timestamp":"2024-12-09T12:38:53.370Z"}
{"level":"info","message":"Backend is run 8080 port","timestamp":"2024-12-09T12:39:13.019Z"}
{"level":"info","message":"Backend is run 8080 port","timestamp":"2024-12-09T12:39:27.406Z"}
{"level":"info","message":"Backend is run 8080 port","timestamp":"2024-12-09T12:39:52.578Z"}
{"level":"info","message":"Backend is run 8080 port","timestamp":"2024-12-09T12:40:04.228Z"}
{"level":"info","message":"Backend is run 8080 port","timestamp":"2024-12-09T12:40:29.257Z"}
{"level":"info","message":"Backend is run 8080 port","timestamp":"2024-12-09T12:41:42.448Z"}
{"level":"info","message":"Backend is run 8080 port","timestamp":"2024-12-09T12:41:58.535Z"}
{"level":"info","message":"Backend is run 8080 port","timestamp":"2024-12-09T12:42:57.845Z"}
{"level":"info","message":"Backend is run 8080 port","timestamp":"2024-12-09T12:43:19.133Z"}
{"level":"info","message":"Backend is run 8080 port","timestamp":"2024-12-09T12:43:27.358Z"}
{"level":"error","timestamp":"2024-12-09T12:43:32.551Z"}
{"level":"info","message":"Backend is run 8080 port","timestamp":"2024-12-09T12:43:45.087Z"}
{"level":"error","timestamp":"2024-12-09T12:43:55.422Z"}
{"level":"info","message":"Backend is run 8080 port","timestamp":"2024-12-09T12:44:02.357Z"}
{"level":"error","timestamp":"2024-12-09T12:44:03.632Z"}
{"level":"info","message":"Backend is run 8080 port","timestamp":"2024-12-09T12:44:48.510Z"}
{"level":"error","timestamp":"2024-12-09T12:44:50.257Z"}
{"level":"info","message":"Backend is run 8080 port","timestamp":"2024-12-09T12:45:08.952Z"}
{"level":"error","timestamp":"2024-12-09T12:45:10.222Z"}
{"level":"info","message":"Backend is run 8080 port","timestamp":"2024-12-09T12:45:15.382Z"}
{"level":"error","timestamp":"2024-12-09T12:45:16.496Z"}
{"level":"info","message":"Backend is run 8080 port","timestamp":"2024-12-09T12:45:26.181Z"}
{"level":"info","message":"Backend is run 8080 port","timestamp":"2024-12-09T12:45:45.163Z"}
{"level":"info","message":"Backend is run 8080 port","timestamp":"2024-12-09T12:45:48.974Z"}
{"level":"info","message":"Backend is run 8080 port","timestamp":"2024-12-09T12:47:11.481Z"}
{"level":"info","message":"Backend is run 8080 port","timestamp":"2024-12-09T12:47:24.058Z"}
{"level":"info","message":"Backend is run 8080 port","timestamp":"2024-12-09T12:47:37.656Z"}
{"level":"info","message":"Backend is run 8080 port","timestamp":"2024-12-09T12:47:44.496Z"}
{"level":"info","message":"Backend is run 8080 port","timestamp":"2024-12-09T12:48:08.053Z"}
{"level":"info","message":"Backend is run 8080 port","timestamp":"2024-12-09T12:48:28.338Z"}
{"level":"info","message":"Backend is run 8080 port","timestamp":"2024-12-09T12:48:37.077Z"}
{"level":"info","message":"Backend is run 8080 port","timestamp":"2024-12-09T12:48:38.442Z"}
{"level":"info","message":"Backend is run 8080 port","timestamp":"2024-12-09T12:49:43.082Z"}
{"level":"error","name":"SequelizeDatabaseError","original":{"code":"42703","file":"parse_relation.c","length":139,"line":"3721","name":"error","position":"120","routine":"errorMissingColumn","severity":"ОШИБКА","sql":"SELECT \"bookmarks\".\"book_id\", \"bookmarks\".\"user_id\", \"bookmarks\".\"anime_id\", \"animes\".\"anime_id\" AS \"animes.anime_id\", \"animes\".\"book_id\" AS \"animes.book_id\" FROM \"bookmarks\" AS \"bookmarks\" INNER JOIN \"animes\" AS \"animes\" ON \"bookmarks\".\"book_id\" = \"animes\".\"anime_id\" AND \"animes\".\"anime_id\" IN (1, 2);"},"parameters":{},"parent":{"code":"42703","file":"parse_relation.c","length":139,"line":"3721","name":"error","position":"120","routine":"errorMissingColumn","severity":"ОШИБКА","sql":"SELECT \"bookmarks\".\"book_id\", \"bookmarks\".\"user_id\", \"bookmarks\".\"anime_id\", \"animes\".\"anime_id\" AS \"animes.anime_id\", \"animes\".\"book_id\" AS \"animes.book_id\" FROM \"bookmarks\" AS \"bookmarks\" INNER JOIN \"animes\" AS \"animes\" ON \"bookmarks\".\"book_id\" = \"animes\".\"anime_id\" AND \"animes\".\"anime_id\" IN (1, 2);"},"sql":"SELECT \"bookmarks\".\"book_id\", \"bookmarks\".\"user_id\", \"bookmarks\".\"anime_id\", \"animes\".\"anime_id\" AS \"animes.anime_id\", \"animes\".\"book_id\" AS \"animes.book_id\" FROM \"bookmarks\" AS \"bookmarks\" INNER JOIN \"animes\" AS \"animes\" ON \"bookmarks\".\"book_id\" = \"animes\".\"anime_id\" AND \"animes\".\"anime_id\" IN (1, 2);","timestamp":"2024-12-09T12:49:44.443Z"}
{"level":"info","message":"Backend is run 8080 port","timestamp":"2024-12-09T12:49:55.631Z"}
{"level":"error","name":"SequelizeDatabaseError","original":{"code":"42703","file":"parse_relation.c","length":139,"line":"3721","name":"error","position":"120","routine":"errorMissingColumn","severity":"ОШИБКА","sql":"SELECT \"bookmarks\".\"book_id\", \"bookmarks\".\"user_id\", \"bookmarks\".\"anime_id\", \"animes\".\"anime_id\" AS \"animes.anime_id\", \"animes\".\"book_id\" AS \"animes.book_id\" FROM \"bookmarks\" AS \"bookmarks\" INNER JOIN \"animes\" AS \"animes\" ON \"bookmarks\".\"book_id\" = \"animes\".\"anime_id\" AND \"animes\".\"anime_id\" IN (1, 2);"},"parameters":{},"parent":{"code":"42703","file":"parse_relation.c","length":139,"line":"3721","name":"error","position":"120","routine":"errorMissingColumn","severity":"ОШИБКА","sql":"SELECT \"bookmarks\".\"book_id\", \"bookmarks\".\"user_id\", \"bookmarks\".\"anime_id\", \"animes\".\"anime_id\" AS \"animes.anime_id\", \"animes\".\"book_id\" AS \"animes.book_id\" FROM \"bookmarks\" AS \"bookmarks\" INNER JOIN \"animes\" AS \"animes\" ON \"bookmarks\".\"book_id\" = \"animes\".\"anime_id\" AND \"animes\".\"anime_id\" IN (1, 2);"},"sql":"SELECT \"bookmarks\".\"book_id\", \"bookmarks\".\"user_id\", \"bookmarks\".\"anime_id\", \"animes\".\"anime_id\" AS \"animes.anime_id\", \"animes\".\"book_id\" AS \"animes.book_id\" FROM \"bookmarks\" AS \"bookmarks\" INNER JOIN \"animes\" AS \"animes\" ON \"bookmarks\".\"book_id\" = \"animes\".\"anime_id\" AND \"animes\".\"anime_id\" IN (1, 2);","timestamp":"2024-12-09T12:49:56.581Z"}
{"level":"info","message":"Backend is run 8080 port","timestamp":"2024-12-09T12:50:02.838Z"}
{"level":"info","message":"Backend is run 8080 port","timestamp":"2024-12-09T15:00:30.540Z"}
{"level":"info","message":"Backend is run 8080 port","timestamp":"2024-12-09T15:03:16.993Z"}
{"level":"info","message":"Backend is run 8080 port","timestamp":"2024-12-09T15:04:00.299Z"}
{"level":"info","message":"Backend is run 8080 port","timestamp":"2024-12-09T15:04:03.296Z"}
{"level":"info","message":"Backend is run 8080 port","timestamp":"2024-12-09T15:04:05.808Z"}
{"level":"info","message":"Backend is run 8080 port","timestamp":"2024-12-09T15:04:10.463Z"}
{"level":"info","message":"Backend is run 8080 port","timestamp":"2024-12-09T15:05:48.736Z"}
{"level":"info","message":"Backend is run 8080 port","timestamp":"2024-12-09T15:05:54.918Z"}
{"level":"info","message":"Backend is run 8080 port","timestamp":"2024-12-09T15:06:11.555Z"}
{"level":"info","message":"Backend is run 8080 port","timestamp":"2024-12-09T15:10:24.379Z"}
{"level":"info","message":"Backend is run 8080 port","timestamp":"2024-12-09T15:11:48.801Z"}
{"level":"info","message":"Backend is run 8080 port","timestamp":"2024-12-09T15:11:53.694Z"}
{"level":"info","message":"Backend is run 8080 port","timestamp":"2024-12-09T15:11:59.101Z"}
{"level":"info","message":"Backend is run 8080 port","timestamp":"2024-12-09T15:12:18.769Z"}
{"level":"info","message":"Backend is run 8080 port","timestamp":"2024-12-09T15:12:49.756Z"}
{"level":"info","message":"Backend is run 8080 port","timestamp":"2024-12-09T15:13:02.830Z"}
{"level":"info","message":"Backend is run 8080 port","timestamp":"2024-12-09T15:13:31.275Z"}
{"level":"info","message":"Backend is run 8080 port","timestamp":"2024-12-09T15:13:38.268Z"}
{"level":"info","message":"Backend is run 8080 port","timestamp":"2024-12-09T15:13:46.293Z"}
{"level":"info","message":"Backend is run 8080 port","timestamp":"2024-12-09T15:13:52.982Z"}
{"level":"info","message":"Backend is run 8080 port","timestamp":"2024-12-09T15:15:12.409Z"}
