GET /api/anime 200 171.263 ms 05/Dec/2024:17:49:41 +0000 | - | -
GET /api/anime 200 66.397 ms 05/Dec/2024:17:50:51 +0000 | - | -
GET /api/anime 200 67.485 ms 05/Dec/2024:17:51:40 +0000 | - | -
GET /api/anime 200 173.667 ms 05/Dec/2024:17:51:57 +0000 | - | -
GET /api/anime 200 66.713 ms 05/Dec/2024:17:54:38 +0000 | - | -
GET /api/anime 200 162.032 ms 05/Dec/2024:17:54:57 +0000 | - | -
GET /api/anime 200 81.879 ms 05/Dec/2024:19:43:23 +0000 | - | -
GET /api/anime 200 68.150 ms 05/Dec/2024:19:48:12 +0000 | - | -
GET /api/anime 200 72.696 ms 05/Dec/2024:19:48:35 +0000 | - | -
GET /api/anime 200 70.389 ms 05/Dec/2024:19:52:09 +0000 | - | -
GET /api/anime 200 67.218 ms 05/Dec/2024:19:55:46 +0000 | - | -
GET /api/anime 200 176.629 ms 05/Dec/2024:20:04:25 +0000 | - | -
GET /api/anime 200 67.003 ms 05/Dec/2024:20:04:50 +0000 | - | -
GET /api/anime 200 66.327 ms 05/Dec/2024:20:05:18 +0000 | - | -
GET /api/anime 200 66.833 ms 05/Dec/2024:20:05:45 +0000 | - | -
GET /api/anime 200 68.089 ms 05/Dec/2024:20:06:12 +0000 | - | -
GET /api/anime 200 68.166 ms 05/Dec/2024:20:09:29 +0000 | - | -
GET /api/anime/1 200 3.434 ms 05/Dec/2024:20:09:29 +0000 | - | -
GET /api/anime/1 200 31.438 ms 05/Dec/2024:20:09:40 +0000 | PostmanRuntime/7.40.0 | -
GET /api/anime 200 67.351 ms 05/Dec/2024:21:25:40 +0000 | - | -
GET /api/anime/1 200 3.405 ms 05/Dec/2024:21:25:40 +0000 | - | -
POST /api/auth/auth 200 25.766 ms 05/Dec/2024:21:25:40 +0000 | - | -
POST /api/auth/auth 200 72.920 ms 05/Dec/2024:21:27:43 +0000 | - | -
POST /api/auth/auth 200 175.061 ms 05/Dec/2024:21:28:56 +0000 | - | -
GET /api/anime 200 67.930 ms 05/Dec/2024:21:30:48 +0000 | - | -
GET /api/anime/1 200 3.192 ms 05/Dec/2024:21:30:48 +0000 | - | -
POST /api/auth/auth 200 11.934 ms 05/Dec/2024:21:30:48 +0000 | - | -
GET /api/anime 200 68.169 ms 05/Dec/2024:21:31:19 +0000 | - | -
GET /api/anime/1 200 3.271 ms 05/Dec/2024:21:31:19 +0000 | - | -
POST /api/auth/auth 200 11.585 ms 05/Dec/2024:21:31:19 +0000 | - | -
GET /api/anime 200 172.364 ms 05/Dec/2024:21:31:37 +0000 | - | -
GET /api/anime/1 200 3.293 ms 05/Dec/2024:21:31:37 +0000 | - | -
POST /api/auth/auth 200 11.838 ms 05/Dec/2024:21:31:37 +0000 | - | -
GET /api/anime 200 66.188 ms 05/Dec/2024:21:36:09 +0000 | - | -
GET /api/anime/1 200 4.442 ms 05/Dec/2024:21:36:09 +0000 | - | -
POST /api/auth/auth 200 13.016 ms 05/Dec/2024:21:36:09 +0000 | - | -
GET /api/anime 200 176.945 ms 05/Dec/2024:21:37:30 +0000 | - | -
GET /api/anime/1 200 3.545 ms 05/Dec/2024:21:37:30 +0000 | - | -
POST /api/auth/auth 200 17.238 ms 05/Dec/2024:21:37:30 +0000 | - | -
GET /api/anime 200 60.943 ms 05/Dec/2024:21:37:36 +0000 | - | -
GET /api/anime/1 200 1.774 ms 05/Dec/2024:21:37:36 +0000 | - | -
POST /api/auth/auth 200 4.714 ms 05/Dec/2024:21:37:36 +0000 | - | -
POST /api/auth/auth 200 17.919 ms 05/Dec/2024:21:38:49 +0000 | PostmanRuntime/7.40.0 | -
POST /api/auth/admin 200 12.162 ms 05/Dec/2024:21:38:51 +0000 | PostmanRuntime/7.40.0 | accessToken=eyJhbGciOiJIUzI1NiIsInR5cCI6IkpXVCJ9.eyJ1c2VybmFtZSI6ImFkbWluIiwiaWF0IjoxNzMzNDM0NzI5LCJleHAiOjE3MzM0MzY1Mjl9.Jx9Qa18L_V6HKsZ-SZMtJHKyVuTSTsPWRP5WKpYuNYA
GET /api/anime 200 75.442 ms 05/Dec/2024:21:42:38 +0000 | - | -
GET /api/anime/1 200 3.429 ms 05/Dec/2024:21:42:38 +0000 | - | -
POST /api/auth/auth 200 15.914 ms 05/Dec/2024:21:42:38 +0000 | - | -
POST /api/auth/admin 200 14.967 ms 05/Dec/2024:21:42:38 +0000 | - | accessToken=eyJhbGciOiJIUzI1NiIsInR5cCI6IkpXVCJ9.eyJ1c2VybmFtZSI6ImFkbWluIiwiaWF0IjoxNzMzNDM0OTU4LCJleHAiOjE3MzM0MzY3NTh9.jedLX9DzzEX5N-x3gp_mfoF0QbwhLni5hdT-1RcKL48
GET /api/anime 200 62.209 ms 05/Dec/2024:21:45:47 +0000 | - | -
GET /api/anime/1 200 1.761 ms 05/Dec/2024:21:45:47 +0000 | - | -
POST /api/auth/auth 200 6.090 ms 05/Dec/2024:21:45:47 +0000 | - | -
POST /api/auth/admin 200 18.278 ms 05/Dec/2024:21:45:47 +0000 | - | accessToken=eyJhbGciOiJIUzI1NiIsInR5cCI6IkpXVCJ9.eyJ1c2VybmFtZSI6ImFkbWluIiwiaWF0IjoxNzMzNDM1MTQ3LCJleHAiOjE3MzM0MzY5NDd9.EZ9NMx-Cz34qyzilJQlmdjmhZduhtbdEZA1yxyvU4Dk
GET /api/anime 200 43.234 ms 05/Dec/2024:21:46:13 +0000 | - | -
GET /api/anime/1 200 2.042 ms 05/Dec/2024:21:46:13 +0000 | - | -
POST /api/auth/auth 200 6.791 ms 05/Dec/2024:21:46:13 +0000 | - | -
POST /api/auth/admin 200 16.282 ms 05/Dec/2024:21:46:13 +0000 | - | accessToken=eyJhbGciOiJIUzI1NiIsInR5cCI6IkpXVCJ9.eyJ1c2VybmFtZSI6ImFkbWluIiwiaWF0IjoxNzMzNDM1MTczLCJleHAiOjE3MzM0MzY5NzN9.Rh0_rt6X_NdZomBcOtwEznuot5jqvKoF41iC8MTwnfQ
GET /api/anime 200 57.643 ms 05/Dec/2024:21:46:21 +0000 | - | -
GET /api/anime/1 200 1.395 ms 05/Dec/2024:21:46:21 +0000 | - | -
POST /api/auth/auth 200 5.188 ms 05/Dec/2024:21:46:21 +0000 | - | -
POST /api/auth/admin 200 15.877 ms 05/Dec/2024:21:46:21 +0000 | - | accessToken=eyJhbGciOiJIUzI1NiIsInR5cCI6IkpXVCJ9.eyJ1c2VybmFtZSI6ImFkbWluIiwiaWF0IjoxNzMzNDM1MTgxLCJleHAiOjE3MzM0MzY5ODF9.nXOJ5UYkYbVrxyDQDh5wV349DXMJyjh7FKZf7qenkPk
GET /api/anime 200 68.812 ms 05/Dec/2024:21:47:16 +0000 | - | -
GET /api/anime/1 200 3.233 ms 05/Dec/2024:21:47:16 +0000 | - | -
POST /api/auth/auth 200 14.410 ms 05/Dec/2024:21:47:16 +0000 | - | -
POST /api/auth/admin 200 18.692 ms 05/Dec/2024:21:47:16 +0000 | - | accessToken=eyJhbGciOiJIUzI1NiIsInR5cCI6IkpXVCJ9.eyJ1c2VybmFtZSI6ImFkbWluIiwiaWF0IjoxNzMzNDM1MjM2LCJleHAiOjE3MzM0MzcwMzZ9.is6yjHH97NUkGIShOtLyPvfjkJWfRjaH76UWgE4x-Z8
GET /api/anime 200 69.048 ms 05/Dec/2024:21:47:39 +0000 | - | -
GET /api/anime/1 200 3.516 ms 05/Dec/2024:21:47:39 +0000 | - | -
GET /api/anime 200 66.358 ms 05/Dec/2024:21:48:02 +0000 | - | -
GET /api/anime/1 200 2.067 ms 05/Dec/2024:21:48:02 +0000 | - | -
GET /api/anime 200 61.807 ms 05/Dec/2024:21:48:13 +0000 | - | -
GET /api/anime/1 200 2.413 ms 05/Dec/2024:21:48:13 +0000 | - | -
GET /api/anime 200 66.241 ms 05/Dec/2024:21:48:40 +0000 | - | -
GET /api/anime/1 200 1.702 ms 05/Dec/2024:21:48:40 +0000 | - | -
GET /api/anime 200 166.379 ms 05/Dec/2024:21:48:47 +0000 | - | -
GET /api/anime/1 200 1.275 ms 05/Dec/2024:21:48:47 +0000 | - | -
GET /api/anime 200 108.214 ms 06/Dec/2024:09:26:51 +0000 | - | -
GET /api/anime/1 200 6.680 ms 06/Dec/2024:09:26:51 +0000 | - | -
POST /api/auth/auth 200 34.769 ms 06/Dec/2024:09:26:51 +0000 | - | -
POST /api/auth/admin 200 17.115 ms 06/Dec/2024:09:26:51 +0000 | - | accessToken=eyJhbGciOiJIUzI1NiIsInR5cCI6IkpXVCJ9.eyJ1c2VybmFtZSI6ImFkbWluIiwiaWF0IjoxNzMzNDc3MjExLCJleHAiOjE3MzM0NzkwMTF9.2Bx4GXhR78fCKD4z1noXkHCTc9BVFiokdnC82741HMk
GET /api/anime 200 65.348 ms 06/Dec/2024:09:27:15 +0000 | - | -
GET /api/anime/1 200 2.438 ms 06/Dec/2024:09:27:15 +0000 | - | -
POST /api/auth/auth 200 6.902 ms 06/Dec/2024:09:27:15 +0000 | - | -
POST /api/auth/admin 200 16.930 ms 06/Dec/2024:09:27:15 +0000 | - | accessToken=eyJhbGciOiJIUzI1NiIsInR5cCI6IkpXVCJ9.eyJ1c2VybmFtZSI6ImFkbWluIiwiaWF0IjoxNzMzNDc3MjM1LCJleHAiOjE3MzM0NzkwMzV9.gEQZUpghtXilIjz3-L1ixcnk2JB8lmxqLH-M5w7_Uo8
GET /api/anime 200 62.156 ms 06/Dec/2024:09:28:51 +0000 | - | -
GET /api/anime/1 200 2.792 ms 06/Dec/2024:09:28:51 +0000 | - | -
POST /api/auth/auth 200 8.827 ms 06/Dec/2024:09:28:51 +0000 | - | -
POST /api/auth/admin 200 26.590 ms 06/Dec/2024:09:28:51 +0000 | - | accessToken=eyJhbGciOiJIUzI1NiIsInR5cCI6IkpXVCJ9.eyJ1c2VybmFtZSI6ImFkbWluIiwiaWF0IjoxNzMzNDc3MzMxLCJleHAiOjE3MzM0NzkxMzF9.uTTJMuoQo6o1FMAGNlBnSYhPkxiewaK2tU1uoUvk6Rk
GET /api/anime 200 76.887 ms 06/Dec/2024:09:29:03 +0000 | - | -
GET /api/anime/1 200 5.204 ms 06/Dec/2024:09:29:03 +0000 | - | -
POST /api/auth/auth 200 4.994 ms 06/Dec/2024:09:29:03 +0000 | - | -
GET /api/anime 200 74.954 ms 06/Dec/2024:09:29:14 +0000 | - | -
GET /api/anime/1 200 5.514 ms 06/Dec/2024:09:29:14 +0000 | - | -
POST /api/auth/auth 200 23.442 ms 06/Dec/2024:09:29:14 +0000 | - | -
POST /api/auth/admin 200 15.676 ms 06/Dec/2024:09:29:14 +0000 | - | accessToken=eyJhbGciOiJIUzI1NiIsInR5cCI6IkpXVCJ9.eyJ1c2VybmFtZSI6ImFkbWluIiwiaWF0IjoxNzMzNDc3MzU0LCJleHAiOjE3MzM0NzkxNTR9.lTk4-jOwDrp1pZZewaZcq4z8OhGxY2GEKYryjoVWhcs
GET /api/anime 200 68.889 ms 06/Dec/2024:09:35:06 +0000 | - | -
GET /api/anime/1 200 2.658 ms 06/Dec/2024:09:35:06 +0000 | - | -
POST /api/auth/auth 200 9.362 ms 06/Dec/2024:09:35:06 +0000 | - | -
POST /api/auth/admin 200 18.771 ms 06/Dec/2024:09:35:06 +0000 | - | accessToken=eyJhbGciOiJIUzI1NiIsInR5cCI6IkpXVCJ9.eyJ1c2VybmFtZSI6ImFkbWluIiwiaWF0IjoxNzMzNDc3NzA2LCJleHAiOjE3MzM0Nzk1MDZ9.V4STXQoRZm_48AvqwdHUjOnucw1U2dtDH-IYI0UOJ6M
GET /api/anime 200 74.184 ms 06/Dec/2024:09:35:21 +0000 | - | -
GET /api/anime/1 200 2.936 ms 06/Dec/2024:09:35:21 +0000 | - | -
POST /api/auth/auth 200 6.492 ms 06/Dec/2024:09:35:21 +0000 | - | -
POST /api/auth/admin 200 19.023 ms 06/Dec/2024:09:35:21 +0000 | - | accessToken=eyJhbGciOiJIUzI1NiIsInR5cCI6IkpXVCJ9.eyJ1c2VybmFtZSI6ImFkbWluIiwiaWF0IjoxNzMzNDc3NzIxLCJleHAiOjE3MzM0Nzk1MjF9.A97JMJ3U2IGJ8tB--Aebj_AflzkeEj9Vt6h16M3m3d4
GET /api/anime 200 70.786 ms 06/Dec/2024:09:35:32 +0000 | - | -
GET /api/anime/1 200 1.460 ms 06/Dec/2024:09:35:32 +0000 | - | -
POST /api/auth/auth 200 7.323 ms 06/Dec/2024:09:35:32 +0000 | - | -
POST /api/auth/admin 200 19.354 ms 06/Dec/2024:09:35:32 +0000 | - | accessToken=eyJhbGciOiJIUzI1NiIsInR5cCI6IkpXVCJ9.eyJ1c2VybmFtZSI6ImFkbWluIiwiaWF0IjoxNzMzNDc3NzMyLCJleHAiOjE3MzM0Nzk1MzJ9.gXk3k5q1mjYXNb94dkGa3o8x-JApcklZD0FId4vLD2w
GET /api/anime 200 71.333 ms 06/Dec/2024:09:35:37 +0000 | - | -
GET /api/anime/1 200 1.200 ms 06/Dec/2024:09:35:37 +0000 | - | -
POST /api/auth/auth 200 5.141 ms 06/Dec/2024:09:35:37 +0000 | - | -
GET /api/anime 200 71.677 ms 06/Dec/2024:09:35:41 +0000 | - | -
GET /api/anime/1 200 1.981 ms 06/Dec/2024:09:35:41 +0000 | - | -
POST /api/auth/auth 200 8.673 ms 06/Dec/2024:09:35:41 +0000 | - | -
POST /api/auth/admin 200 29.841 ms 06/Dec/2024:09:35:41 +0000 | - | accessToken=eyJhbGciOiJIUzI1NiIsInR5cCI6IkpXVCJ9.eyJ1c2VybmFtZSI6ImFkbWluIiwiaWF0IjoxNzMzNDc3NzQxLCJleHAiOjE3MzM0Nzk1NDF9.vJD_p5wkT9k39r7HKx21Rsm9m5TUlu969Zvztaur5Ko
GET /api/anime 200 174.186 ms 06/Dec/2024:09:36:01 +0000 | - | -
GET /api/anime/1 200 1.883 ms 06/Dec/2024:09:36:01 +0000 | - | -
POST /api/auth/auth 200 7.053 ms 06/Dec/2024:09:36:01 +0000 | - | -
POST /api/auth/admin 200 17.796 ms 06/Dec/2024:09:36:01 +0000 | - | accessToken=eyJhbGciOiJIUzI1NiIsInR5cCI6IkpXVCJ9.eyJ1c2VybmFtZSI6ImFkbWluIiwiaWF0IjoxNzMzNDc3NzYxLCJleHAiOjE3MzM0Nzk1NjF9.Zu_EnaHaJzDlmsNnwEPyCq8DuEmwgMrVdRkRcd64cSA
GET /api/anime 200 79.897 ms 06/Dec/2024:09:36:09 +0000 | - | -
GET /api/anime/1 200 3.620 ms 06/Dec/2024:09:36:09 +0000 | - | -
POST /api/auth/auth 200 13.356 ms 06/Dec/2024:09:36:09 +0000 | - | -
POST /api/auth/admin 200 23.197 ms 06/Dec/2024:09:36:09 +0000 | - | accessToken=eyJhbGciOiJIUzI1NiIsInR5cCI6IkpXVCJ9.eyJ1c2VybmFtZSI6ImFkbWluIiwiaWF0IjoxNzMzNDc3NzY5LCJleHAiOjE3MzM0Nzk1Njl9.B_pqmWAEceahMWHcfi3q3eUraWJx5CCuUYZ80UmYm_A
GET /api/anime 200 74.477 ms 06/Dec/2024:09:36:26 +0000 | - | -
GET /api/anime/1 200 5.417 ms 06/Dec/2024:09:36:26 +0000 | - | -
POST /api/auth/auth 200 11.836 ms 06/Dec/2024:09:36:26 +0000 | - | -
POST /api/auth/admin 200 28.392 ms 06/Dec/2024:09:36:26 +0000 | - | accessToken=eyJhbGciOiJIUzI1NiIsInR5cCI6IkpXVCJ9.eyJ1c2VybmFtZSI6ImFkbWluIiwiaWF0IjoxNzMzNDc3Nzg2LCJleHAiOjE3MzM0Nzk1ODZ9.VIgk_vmPJDJ0vkk5srzhaRV-K1K-hk5xJCOWZT4zQKY
GET /api/anime 200 78.148 ms 06/Dec/2024:09:36:33 +0000 | - | -
GET /api/anime/1 200 3.543 ms 06/Dec/2024:09:36:33 +0000 | - | -
POST /api/auth/auth 200 16.284 ms 06/Dec/2024:09:36:33 +0000 | - | -
POST /api/auth/admin 200 25.232 ms 06/Dec/2024:09:36:33 +0000 | - | accessToken=eyJhbGciOiJIUzI1NiIsInR5cCI6IkpXVCJ9.eyJ1c2VybmFtZSI6ImFkbWluIiwiaWF0IjoxNzMzNDc3NzkzLCJleHAiOjE3MzM0Nzk1OTN9.5YxdRayIAAvTsrCcDQ6UcPj-Fzt3ynQSEoZ_xv3-OWM
GET /api/anime 200 74.827 ms 06/Dec/2024:09:53:00 +0000 | - | -
GET /api/anime/1 200 2.165 ms 06/Dec/2024:09:53:00 +0000 | - | -
POST /api/auth/auth 200 7.895 ms 06/Dec/2024:09:53:00 +0000 | - | -
POST /api/auth/admin 200 19.496 ms 06/Dec/2024:09:53:00 +0000 | - | accessToken=eyJhbGciOiJIUzI1NiIsInR5cCI6IkpXVCJ9.eyJ1c2VybmFtZSI6ImFkbWluIiwiaWF0IjoxNzMzNDc4NzgwLCJleHAiOjE3MzM0ODA1ODB9.-wR_J5nIsO-rdEYjzxqekf3Jmhu4lq2abBfnBZQz5p0
GET /api/anime 200 77.261 ms 06/Dec/2024:09:53:02 +0000 | - | -
GET /api/anime/1 200 2.190 ms 06/Dec/2024:09:53:02 +0000 | - | -
POST /api/auth/auth 200 6.642 ms 06/Dec/2024:09:53:02 +0000 | - | -
POST /api/auth/admin 200 15.911 ms 06/Dec/2024:09:53:02 +0000 | - | accessToken=eyJhbGciOiJIUzI1NiIsInR5cCI6IkpXVCJ9.eyJ1c2VybmFtZSI6ImFkbWluIiwiaWF0IjoxNzMzNDc4NzgyLCJleHAiOjE3MzM0ODA1ODJ9.U1g_glCFL0W9ui2taYl1WrBT4DfhN9zGXbdtp1ml9So
GET /api/anime 200 85.561 ms 06/Dec/2024:09:53:07 +0000 | - | -
GET /api/anime/1 200 1.512 ms 06/Dec/2024:09:53:07 +0000 | - | -
POST /api/auth/auth 200 7.026 ms 06/Dec/2024:09:53:07 +0000 | - | -
POST /api/auth/admin 200 19.296 ms 06/Dec/2024:09:53:07 +0000 | - | accessToken=eyJhbGciOiJIUzI1NiIsInR5cCI6IkpXVCJ9.eyJ1c2VybmFtZSI6ImFkbWluIiwiaWF0IjoxNzMzNDc4Nzg3LCJleHAiOjE3MzM0ODA1ODd9.Q1CxPurhiNro1hdwbr01V_k-lxpGJS62rMxVvMbdjTk
GET /api/anime 200 74.958 ms 06/Dec/2024:09:53:11 +0000 | - | -
GET /api/anime/1 200 1.630 ms 06/Dec/2024:09:53:11 +0000 | - | -
POST /api/auth/auth 200 6.683 ms 06/Dec/2024:09:53:11 +0000 | - | -
POST /api/auth/admin 200 18.448 ms 06/Dec/2024:09:53:11 +0000 | - | accessToken=eyJhbGciOiJIUzI1NiIsInR5cCI6IkpXVCJ9.eyJ1c2VybmFtZSI6ImFkbWluIiwiaWF0IjoxNzMzNDc4NzkxLCJleHAiOjE3MzM0ODA1OTF9.VaGsZ8erVfJpZr6ur28gVc7G947yB17n-lIuwLHyxMo
GET /api/anime 200 165.090 ms 06/Dec/2024:09:53:17 +0000 | - | -
GET /api/anime/1 200 1.860 ms 06/Dec/2024:09:53:17 +0000 | - | -
POST /api/auth/auth 200 5.620 ms 06/Dec/2024:09:53:17 +0000 | - | -
POST /api/auth/admin 200 21.459 ms 06/Dec/2024:09:53:17 +0000 | - | accessToken=eyJhbGciOiJIUzI1NiIsInR5cCI6IkpXVCJ9.eyJ1c2VybmFtZSI6ImFkbWluIiwiaWF0IjoxNzMzNDc4Nzk3LCJleHAiOjE3MzM0ODA1OTd9.-tCzAiG3CEWY7vi2eOCBnTPALXGR_UZc_TUD_PVe7OQ
GET /api/anime 200 67.701 ms 06/Dec/2024:09:53:20 +0000 | - | -
GET /api/anime/1 200 1.408 ms 06/Dec/2024:09:53:20 +0000 | - | -
POST /api/auth/auth 200 7.885 ms 06/Dec/2024:09:53:20 +0000 | - | -
POST /api/auth/admin 200 22.673 ms 06/Dec/2024:09:53:20 +0000 | - | accessToken=eyJhbGciOiJIUzI1NiIsInR5cCI6IkpXVCJ9.eyJ1c2VybmFtZSI6ImFkbWluIiwiaWF0IjoxNzMzNDc4ODAwLCJleHAiOjE3MzM0ODA2MDB9.GIfQstQr-CEF3ELMK3qH8u0xbdr9-mVus5SWc4n5yGk
GET /api/anime 200 78.636 ms 06/Dec/2024:09:53:28 +0000 | - | -
GET /api/anime/1 200 4.714 ms 06/Dec/2024:09:53:28 +0000 | - | -
POST /api/auth/auth 200 19.085 ms 06/Dec/2024:09:53:28 +0000 | - | -
POST /api/auth/admin 200 21.695 ms 06/Dec/2024:09:53:28 +0000 | - | accessToken=eyJhbGciOiJIUzI1NiIsInR5cCI6IkpXVCJ9.eyJ1c2VybmFtZSI6ImFkbWluIiwiaWF0IjoxNzMzNDc4ODA4LCJleHAiOjE3MzM0ODA2MDh9.HTCpc1kI1QvlCKprXnUHqbWTvZkCTynbgX70zdL0AFk
GET /api/anime 200 65.972 ms 06/Dec/2024:09:53:35 +0000 | - | -
GET /api/anime/1 200 4.808 ms 06/Dec/2024:09:53:35 +0000 | - | -
POST /api/auth/auth 200 8.561 ms 06/Dec/2024:09:53:35 +0000 | - | -
POST /api/auth/admin 200 21.162 ms 06/Dec/2024:09:53:35 +0000 | - | accessToken=eyJhbGciOiJIUzI1NiIsInR5cCI6IkpXVCJ9.eyJ1c2VybmFtZSI6ImFkbWluIiwiaWF0IjoxNzMzNDc4ODE1LCJleHAiOjE3MzM0ODA2MTV9.6s5Va1E_DKxFydg7gfweGEV1fACG18TOdJRfKaGhSsg
GET /api/anime 200 67.436 ms 06/Dec/2024:09:53:49 +0000 | - | -
GET /api/anime/1 200 1.857 ms 06/Dec/2024:09:53:49 +0000 | - | -
POST /api/auth/auth 200 6.990 ms 06/Dec/2024:09:53:49 +0000 | - | -
POST /api/auth/admin 200 19.890 ms 06/Dec/2024:09:53:49 +0000 | - | accessToken=eyJhbGciOiJIUzI1NiIsInR5cCI6IkpXVCJ9.eyJ1c2VybmFtZSI6ImFkbWluIiwiaWF0IjoxNzMzNDc4ODI5LCJleHAiOjE3MzM0ODA2Mjl9.gWTYjZ5_bTMLLRaOfjm151xOJvXGqA-nXOAd6p8f7yk
GET /api/anime 200 61.730 ms 06/Dec/2024:11:34:04 +0000 | - | -
GET /api/anime/1 200 3.711 ms 06/Dec/2024:11:34:04 +0000 | - | -
POST /api/auth/auth 200 17.328 ms 06/Dec/2024:11:34:04 +0000 | - | -
POST /api/auth/admin 200 20.654 ms 06/Dec/2024:11:34:04 +0000 | - | accessToken=eyJhbGciOiJIUzI1NiIsInR5cCI6IkpXVCJ9.eyJ1c2VybmFtZSI6ImFkbWluIiwiaWF0IjoxNzMzNDg0ODQ0LCJleHAiOjE3MzM0ODY2NDR9.0B-SYtL4U-M2dWQKzi8WZHs-e9XQ6YLtFMJ9ggmYKys
GET /api/anime 200 73.937 ms 06/Dec/2024:11:37:37 +0000 | - | -
GET /api/anime/1 200 4.049 ms 06/Dec/2024:11:37:37 +0000 | - | -
POST /api/auth/login 200 0.546 ms 06/Dec/2024:11:37:37 +0000 | - | -
POST /api/auth/auth 200 12.378 ms 06/Dec/2024:11:37:37 +0000 | - | -
POST /api/auth/admin 200 17.255 ms 06/Dec/2024:11:37:37 +0000 | - | accessToken=eyJhbGciOiJIUzI1NiIsInR5cCI6IkpXVCJ9.eyJ1c2VybmFtZSI6ImFkbWluIiwiaWF0IjoxNzMzNDg1MDU3LCJleHAiOjE3MzM0ODY4NTd9.zxveAr0ov7qxLrW7Rr2nA449x03F_5tOC0QHAibR558
GET /api/anime 200 60.317 ms 06/Dec/2024:11:38:14 +0000 | - | -
GET /api/anime/1 200 1.952 ms 06/Dec/2024:11:38:14 +0000 | - | -
POST /api/auth/login 200 0.453 ms 06/Dec/2024:11:38:14 +0000 | - | -
POST /api/auth/auth 200 5.729 ms 06/Dec/2024:11:38:14 +0000 | - | -
POST /api/auth/admin 200 13.287 ms 06/Dec/2024:11:38:14 +0000 | - | accessToken=eyJhbGciOiJIUzI1NiIsInR5cCI6IkpXVCJ9.eyJ1c2VybmFtZSI6ImFkbWluIiwiaWF0IjoxNzMzNDg1MDk0LCJleHAiOjE3MzM0ODY4OTR9.3BWUad1YXt7D1V-iWmUsq-5D8nnXGqaVgUGwwgIz7GE
POST /api/auth/login 200 36.873 ms 06/Dec/2024:11:38:32 +0000 | PostmanRuntime/7.40.0 | -
GET /api/anime 200 59.735 ms 06/Dec/2024:11:38:44 +0000 | - | -
GET /api/anime/1 200 1.534 ms 06/Dec/2024:11:38:44 +0000 | - | -
POST /api/auth/login 200 0.438 ms 06/Dec/2024:11:38:44 +0000 | - | -
POST /api/auth/auth 200 12.679 ms 06/Dec/2024:11:38:44 +0000 | - | -
POST /api/auth/admin 200 13.108 ms 06/Dec/2024:11:38:44 +0000 | - | accessToken=eyJhbGciOiJIUzI1NiIsInR5cCI6IkpXVCJ9.eyJ1c2VybmFtZSI6ImFkbWluIiwiaWF0IjoxNzMzNDg1MTI0LCJleHAiOjE3MzM0ODY5MjR9.wzBFOp_qqq5Z_aIc7-HXxKXPs3T5g_9JGXQBFFHiK-8
GET /api/anime 200 62.190 ms 06/Dec/2024:11:38:46 +0000 | - | -
GET /api/anime/1 200 1.108 ms 06/Dec/2024:11:38:46 +0000 | - | -
POST /api/auth/login 200 0.482 ms 06/Dec/2024:11:38:46 +0000 | - | -
POST /api/auth/auth 200 4.374 ms 06/Dec/2024:11:38:46 +0000 | - | -
POST /api/auth/admin 200 11.406 ms 06/Dec/2024:11:38:46 +0000 | - | accessToken=eyJhbGciOiJIUzI1NiIsInR5cCI6IkpXVCJ9.eyJ1c2VybmFtZSI6ImFkbWluIiwiaWF0IjoxNzMzNDg1MTI2LCJleHAiOjE3MzM0ODY5MjZ9.68NkKOM6nhPrf5rbkanam5XkkwLmC9I5gPuYpj55zQs
GET /api/anime 200 67.790 ms 06/Dec/2024:11:38:53 +0000 | - | -
GET /api/anime/1 200 3.347 ms 06/Dec/2024:11:38:53 +0000 | - | -
POST /api/auth/login 200 0.519 ms 06/Dec/2024:11:38:53 +0000 | - | -
POST /api/auth/auth 200 22.359 ms 06/Dec/2024:11:38:53 +0000 | - | -
POST /api/auth/admin 200 11.598 ms 06/Dec/2024:11:38:53 +0000 | - | accessToken=eyJhbGciOiJIUzI1NiIsInR5cCI6IkpXVCJ9.eyJ1c2VybmFtZSI6ImFkbWluIiwiaWF0IjoxNzMzNDg1MTMzLCJleHAiOjE3MzM0ODY5MzN9.CiF9hTPlUFycCEBBwdlGQlyAefFDOPS_TxpYwgo3eaM
GET /api/anime 200 63.525 ms 06/Dec/2024:11:39:52 +0000 | - | -
GET /api/anime/1 200 3.564 ms 06/Dec/2024:11:39:52 +0000 | - | -
POST /api/auth/login 200 0.670 ms 06/Dec/2024:11:39:52 +0000 | - | -
POST /api/auth/auth 200 11.458 ms 06/Dec/2024:11:39:52 +0000 | - | -
POST /api/auth/admin 200 11.092 ms 06/Dec/2024:11:39:52 +0000 | - | accessToken=eyJhbGciOiJIUzI1NiIsInR5cCI6IkpXVCJ9.eyJ1c2VybmFtZSI6ImFkbWluIiwiaWF0IjoxNzMzNDg1MTkyLCJleHAiOjE3MzM0ODY5OTJ9.uKyBEhhG_nopexCWS6urp0Zewv2LexnQVkwZUG2Oj7U
GET /api/anime 200 55.661 ms 06/Dec/2024:11:43:58 +0000 | - | -
GET /api/anime/1 200 1.409 ms 06/Dec/2024:11:43:58 +0000 | - | -
POST /api/auth/login 200 0.407 ms 06/Dec/2024:11:43:58 +0000 | - | -
POST /api/auth/auth 200 7.090 ms 06/Dec/2024:11:43:58 +0000 | - | -
POST /api/auth/admin 200 17.250 ms 06/Dec/2024:11:43:58 +0000 | - | accessToken=eyJhbGciOiJIUzI1NiIsInR5cCI6IkpXVCJ9.eyJ1c2VybmFtZSI6ImFkbWluIiwiaWF0IjoxNzMzNDg1NDM4LCJleHAiOjE3MzM0ODcyMzh9.m8Zr_hiHHOjZuX_YrJyUXrSxuALXqt230tkTWN2mQnA
POST /api/auth/login - - ms 06/Dec/2024:11:48:02 +0000 | PostmanRuntime/7.40.0 | -
POST /api/auth/login 201 39.358 ms 06/Dec/2024:11:48:04 +0000 | PostmanRuntime/7.40.0 | -
POST /api/auth/login 400 0.609 ms 06/Dec/2024:11:48:26 +0000 | PostmanRuntime/7.40.0 | -
POST /api/auth/login 400 0.417 ms 06/Dec/2024:11:48:43 +0000 | PostmanRuntime/7.40.0 | -
POST /api/auth/login - - ms 06/Dec/2024:11:48:49 +0000 | PostmanRuntime/7.40.0 | -
POST /api/auth/login 201 4.498 ms 06/Dec/2024:11:48:53 +0000 | PostmanRuntime/7.40.0 | -
GET /api/anime 200 65.430 ms 06/Dec/2024:11:49:06 +0000 | - | -
GET /api/anime/1 200 5.552 ms 06/Dec/2024:11:49:06 +0000 | - | -
POST /api/auth/login 400 0.575 ms 06/Dec/2024:11:49:06 +0000 | - | -
POST /api/auth/auth 200 12.108 ms 06/Dec/2024:11:49:06 +0000 | - | -
POST /api/auth/admin 200 16.248 ms 06/Dec/2024:11:49:06 +0000 | - | accessToken=eyJhbGciOiJIUzI1NiIsInR5cCI6IkpXVCJ9.eyJ1c2VybmFtZSI6ImFkbWluIiwiaWF0IjoxNzMzNDg1NzQ2LCJleHAiOjE3MzM0ODc1NDZ9.oQO5zdrCZgzYmMXiOPTLMe6zzRF1Bj_bppudUMZp3E8
GET /api/anime 200 61.658 ms 06/Dec/2024:11:50:33 +0000 | - | -
GET /api/anime/1 200 1.784 ms 06/Dec/2024:11:50:33 +0000 | - | -
POST /api/auth/login 400 0.436 ms 06/Dec/2024:11:50:33 +0000 | - | -
POST /api/auth/auth 200 12.007 ms 06/Dec/2024:11:50:33 +0000 | - | -
POST /api/auth/admin 200 12.411 ms 06/Dec/2024:11:50:33 +0000 | - | accessToken=eyJhbGciOiJIUzI1NiIsInR5cCI6IkpXVCJ9.eyJ1c2VybmFtZSI6ImFkbWluIiwiaWF0IjoxNzMzNDg1ODMzLCJleHAiOjE3MzM0ODc2MzN9.u7uOgywxkp09ZRbDCaxURuUrgeef26f0ibdq0kjJDZI
GET /api/anime 200 69.845 ms 06/Dec/2024:11:50:46 +0000 | - | -
GET /api/anime/1 200 3.530 ms 06/Dec/2024:11:50:46 +0000 | - | -
POST /api/auth/login 400 0.609 ms 06/Dec/2024:11:50:46 +0000 | - | -
POST /api/auth/auth 200 13.276 ms 06/Dec/2024:11:50:46 +0000 | - | -
POST /api/auth/admin 200 15.204 ms 06/Dec/2024:11:50:46 +0000 | - | accessToken=eyJhbGciOiJIUzI1NiIsInR5cCI6IkpXVCJ9.eyJ1c2VybmFtZSI6ImFkbWluIiwiaWF0IjoxNzMzNDg1ODQ2LCJleHAiOjE3MzM0ODc2NDZ9.A3GIuV3z05BTcVaKSD-XhnRvUmyiN33moR9UYc3STZM
GET /api/anime 200 59.905 ms 06/Dec/2024:11:51:30 +0000 | - | -
GET /api/anime/1 200 2.124 ms 06/Dec/2024:11:51:30 +0000 | - | -
POST /api/auth/login 400 0.468 ms 06/Dec/2024:11:51:30 +0000 | - | -
POST /api/auth/auth 200 13.271 ms 06/Dec/2024:11:51:30 +0000 | - | -
POST /api/auth/admin 200 12.578 ms 06/Dec/2024:11:51:30 +0000 | - | accessToken=eyJhbGciOiJIUzI1NiIsInR5cCI6IkpXVCJ9.eyJ1c2VybmFtZSI6ImFkbWluIiwiaWF0IjoxNzMzNDg1ODkwLCJleHAiOjE3MzM0ODc2OTB9.KLzlVo_r-HEYtsmqyWQT4haWs4eSgN8Au2a4PzSyKek
GET /api/anime 200 61.184 ms 06/Dec/2024:11:51:31 +0000 | - | -
GET /api/anime/1 200 1.632 ms 06/Dec/2024:11:51:31 +0000 | - | -
POST /api/auth/login 400 0.460 ms 06/Dec/2024:11:51:31 +0000 | - | -
POST /api/auth/auth 200 10.907 ms 06/Dec/2024:11:51:31 +0000 | - | -
POST /api/auth/admin 200 10.132 ms 06/Dec/2024:11:51:31 +0000 | - | accessToken=eyJhbGciOiJIUzI1NiIsInR5cCI6IkpXVCJ9.eyJ1c2VybmFtZSI6ImFkbWluIiwiaWF0IjoxNzMzNDg1ODkxLCJleHAiOjE3MzM0ODc2OTF9.Vsm1ywuaL9kQHld729GJ2ecaFnOCU6eUQ1X5Hjkpr0w
GET /api/anime 200 56.268 ms 06/Dec/2024:11:51:47 +0000 | - | -
GET /api/anime/1 200 2.238 ms 06/Dec/2024:11:51:47 +0000 | - | -
POST /api/auth/login 400 0.416 ms 06/Dec/2024:11:51:47 +0000 | - | -
POST /api/auth/auth 200 9.657 ms 06/Dec/2024:11:51:47 +0000 | - | -
POST /api/auth/admin 200 11.795 ms 06/Dec/2024:11:51:47 +0000 | - | accessToken=eyJhbGciOiJIUzI1NiIsInR5cCI6IkpXVCJ9.eyJ1c2VybmFtZSI6ImFkbWluIiwiaWF0IjoxNzMzNDg1OTA3LCJleHAiOjE3MzM0ODc3MDd9.dyHL5d44-YFKpNO0uJBVI_h2qYvWdrj0HKvwYoTVzu8
GET /api/anime 200 59.374 ms 06/Dec/2024:11:51:54 +0000 | - | -
GET /api/anime/1 200 1.223 ms 06/Dec/2024:11:51:54 +0000 | - | -
POST /api/auth/login 201 7.273 ms 06/Dec/2024:11:51:54 +0000 | - | -
POST /api/auth/auth 200 12.178 ms 06/Dec/2024:11:51:54 +0000 | - | -
POST /api/auth/admin 200 9.767 ms 06/Dec/2024:11:51:54 +0000 | - | accessToken=eyJhbGciOiJIUzI1NiIsInR5cCI6IkpXVCJ9.eyJ1c2VybmFtZSI6ImFkbWluIiwiaWF0IjoxNzMzNDg1OTE0LCJleHAiOjE3MzM0ODc3MTR9.PcXOwmmdUHABHn5ZD_1GsEc54KuWM1XkXf0T7wCgnPM
GET /api/anime 200 72.658 ms 06/Dec/2024:11:52:08 +0000 | - | -
GET /api/anime/1 200 3.382 ms 06/Dec/2024:11:52:08 +0000 | - | -
POST /api/auth/auth 200 6.457 ms 06/Dec/2024:11:52:10 +0000 | - | -
POST /api/auth/admin 200 11.315 ms 06/Dec/2024:11:52:10 +0000 | - | accessToken=eyJhbGciOiJIUzI1NiIsInR5cCI6IkpXVCJ9.eyJ1c2VybmFtZSI6ImFkbWluIiwiaWF0IjoxNzMzNDg1OTMwLCJleHAiOjE3MzM0ODc3MzB9.OhoHOqUmfNli69J2p9MhKpK0s6mjfb-azUHUW92rF7g
GET /api/anime 200 58.488 ms 06/Dec/2024:11:52:24 +0000 | - | -
GET /api/anime/1 200 2.307 ms 06/Dec/2024:11:52:24 +0000 | - | -
POST /api/auth/login 201 7.313 ms 06/Dec/2024:11:52:24 +0000 | - | -
POST /api/auth/auth 200 4.997 ms 06/Dec/2024:11:52:24 +0000 | - | -
POST /api/auth/admin 200 10.025 ms 06/Dec/2024:11:52:24 +0000 | - | accessToken=eyJhbGciOiJIUzI1NiIsInR5cCI6IkpXVCJ9.eyJ1c2VybmFtZSI6ImFkbWluIiwiaWF0IjoxNzMzNDg1OTQ0LCJleHAiOjE3MzM0ODc3NDR9.Odw9PKPR_oB7QLEf30V5xGVxFJcFCV8G6jV4vCPqgE8
GET /api/anime 200 67.643 ms 06/Dec/2024:11:53:13 +0000 | - | -
GET /api/anime/1 200 3.406 ms 06/Dec/2024:11:53:13 +0000 | - | -
POST /api/auth/auth 200 6.733 ms 06/Dec/2024:11:53:15 +0000 | - | -
POST /api/auth/admin 200 10.691 ms 06/Dec/2024:11:53:15 +0000 | - | accessToken=eyJhbGciOiJIUzI1NiIsInR5cCI6IkpXVCJ9.eyJ1c2VybmFtZSI6ImFkbWluIiwiaWF0IjoxNzMzNDg1OTk1LCJleHAiOjE3MzM0ODc3OTV9.L8bAkZ5G6vyHz-1EL6m1ied8FPFdfVAzzpa8_CFzCBQ
GET /api/anime 200 65.497 ms 06/Dec/2024:11:53:36 +0000 | - | -
GET /api/anime/1 200 1.766 ms 06/Dec/2024:11:53:36 +0000 | - | -
POST /api/auth/login 201 6.590 ms 06/Dec/2024:11:53:36 +0000 | - | -
POST /api/auth/auth 200 7.034 ms 06/Dec/2024:11:53:36 +0000 | - | -
POST /api/auth/admin 200 12.114 ms 06/Dec/2024:11:53:36 +0000 | - | accessToken=eyJhbGciOiJIUzI1NiIsInR5cCI6IkpXVCJ9.eyJ1c2VybmFtZSI6ImFkbWluIiwiaWF0IjoxNzMzNDg2MDE2LCJleHAiOjE3MzM0ODc4MTZ9.qNOkmqDBU1falpHqycq2pVmV6n9rXUhyzWEOVl6ip6M
GET /api/anime 200 166.364 ms 06/Dec/2024:11:54:07 +0000 | - | -
GET /api/anime/1 200 1.799 ms 06/Dec/2024:11:54:07 +0000 | - | -
POST /api/auth/auth 200 4.108 ms 06/Dec/2024:11:54:09 +0000 | - | -
POST /api/auth/admin 200 9.076 ms 06/Dec/2024:11:54:09 +0000 | - | accessToken=eyJhbGciOiJIUzI1NiIsInR5cCI6IkpXVCJ9.eyJ1c2VybmFtZSI6ImFkbWluIiwiaWF0IjoxNzMzNDg2MDQ5LCJleHAiOjE3MzM0ODc4NDl9.FC_lsTkQgmTII8ZOQs1d1vYtWeYfzZEq2p6gZ13hVf4
GET /api/anime 200 57.474 ms 06/Dec/2024:11:54:14 +0000 | - | -
GET /api/anime/1 200 3.018 ms 06/Dec/2024:11:54:14 +0000 | - | -
POST /api/auth/login 201 5.229 ms 06/Dec/2024:11:54:14 +0000 | - | -
POST /api/auth/auth 200 9.983 ms 06/Dec/2024:11:54:14 +0000 | - | -
POST /api/auth/admin 200 10.506 ms 06/Dec/2024:11:54:14 +0000 | - | accessToken=eyJhbGciOiJIUzI1NiIsInR5cCI6IkpXVCJ9.eyJ1c2VybmFtZSI6ImFkbWluIiwiaWF0IjoxNzMzNDg2MDU0LCJleHAiOjE3MzM0ODc4NTR9.ZRGWyHQ3CI3Gu6ifxwrIcGGO33f7IEajDC2wBNWlFHY
GET /api/anime 200 164.829 ms 06/Dec/2024:11:57:05 +0000 | - | -
GET /api/anime/1 200 1.152 ms 06/Dec/2024:11:57:05 +0000 | - | -
POST /api/auth/auth 200 5.034 ms 06/Dec/2024:11:57:05 +0000 | - | -
POST /api/auth/admin 200 13.389 ms 06/Dec/2024:11:57:05 +0000 | - | accessToken=eyJhbGciOiJIUzI1NiIsInR5cCI6IkpXVCJ9.eyJ1c2VybmFtZSI6ImFkbWluIiwiaWF0IjoxNzMzNDg2MjI1LCJleHAiOjE3MzM0ODgwMjV9.hZ2maYRPXQ5BXdhuPd5FxQYa34CW5HkRQ3jWxXMU054
GET /api/anime 200 164.742 ms 06/Dec/2024:11:57:16 +0000 | - | -
GET /api/anime/1 200 1.229 ms 06/Dec/2024:11:57:16 +0000 | - | -
POST /api/auth/auth 200 5.050 ms 06/Dec/2024:11:57:16 +0000 | - | -
POST /api/auth/admin 200 13.952 ms 06/Dec/2024:11:57:16 +0000 | - | accessToken=eyJhbGciOiJIUzI1NiIsInR5cCI6IkpXVCJ9.eyJ1c2VybmFtZSI6ImFkbWluIiwiaWF0IjoxNzMzNDg2MjM2LCJleHAiOjE3MzM0ODgwMzZ9.DgNBo5mKYIqBqM3y0BTpmnzDIPhARWwMSV3zYaF6sx0
GET /api/anime 200 72.107 ms 06/Dec/2024:11:57:54 +0000 | - | -
GET /api/anime/1 200 3.914 ms 06/Dec/2024:11:57:54 +0000 | - | -
POST /api/auth/auth 200 16.549 ms 06/Dec/2024:11:57:54 +0000 | - | -
POST /api/auth/admin 200 13.538 ms 06/Dec/2024:11:57:54 +0000 | - | accessToken=eyJhbGciOiJIUzI1NiIsInR5cCI6IkpXVCJ9.eyJ1c2VybmFtZSI6ImFkbWluIiwiaWF0IjoxNzMzNDg2Mjc0LCJleHAiOjE3MzM0ODgwNzR9.CmuDSg9w6zkdMX9nvLCGyJJgEAY7AyQNLL9eitwIyV4
GET /api/anime 200 67.310 ms 06/Dec/2024:11:58:17 +0000 | - | -
GET /api/anime/1 200 2.992 ms 06/Dec/2024:11:58:17 +0000 | - | -
POST /api/auth/login 201 8.384 ms 06/Dec/2024:11:58:17 +0000 | - | -
POST /api/auth/auth 200 5.083 ms 06/Dec/2024:11:58:17 +0000 | - | -
POST /api/auth/admin 200 11.296 ms 06/Dec/2024:11:58:17 +0000 | - | accessToken=eyJhbGciOiJIUzI1NiIsInR5cCI6IkpXVCJ9.eyJ1c2VybmFtZSI6ImFkbWluIiwiaWF0IjoxNzMzNDg2Mjk3LCJleHAiOjE3MzM0ODgwOTd9.y9sybFWeg5ZIuHhY9YZyMhSbho-Q8WrAYKwtUWlJwNk
GET /api/anime 200 75.068 ms 08/Dec/2024:19:25:59 +0000 | - | -
GET /api/anime/1 200 3.493 ms 08/Dec/2024:19:25:59 +0000 | - | -
POST /api/auth/login 201 18.323 ms 08/Dec/2024:19:25:59 +0000 | - | -
POST /api/auth/auth 200 9.948 ms 08/Dec/2024:19:25:59 +0000 | - | -
POST /api/auth/admin 200 15.879 ms 08/Dec/2024:19:25:59 +0000 | - | accessToken=eyJhbGciOiJIUzI1NiIsInR5cCI6IkpXVCJ9.eyJ1c2VybmFtZSI6ImFkbWluIiwiaWF0IjoxNzMzNjg1OTU5LCJleHAiOjE3MzM2ODc3NTl9.piNef_zGGJvRfZndvosYK4kcrfErrqTDd7NI0_7ihtg
GET /api/anime 200 62.719 ms 08/Dec/2024:19:26:25 +0000 | - | -
GET /api/anime/1 200 1.584 ms 08/Dec/2024:19:26:25 +0000 | - | -
POST /api/auth/login 201 7.635 ms 08/Dec/2024:19:26:25 +0000 | - | -
POST /api/auth/auth 200 12.522 ms 08/Dec/2024:19:26:25 +0000 | - | -
POST /api/auth/admin 200 12.181 ms 08/Dec/2024:19:26:25 +0000 | - | accessToken=eyJhbGciOiJIUzI1NiIsInR5cCI6IkpXVCJ9.eyJ1c2VybmFtZSI6ImFkbWluIiwiaWF0IjoxNzMzNjg1OTg1LCJleHAiOjE3MzM2ODc3ODV9.gCumYXJeO5DW0uaRDmVuAB3r7n0gBfB_X959KIRsKOk
GET /api/anime 200 76.552 ms 08/Dec/2024:19:26:35 +0000 | - | -
GET /api/anime/1 200 2.303 ms 08/Dec/2024:19:26:35 +0000 | - | -
POST /api/auth/login 201 7.531 ms 08/Dec/2024:19:26:35 +0000 | - | -
POST /api/auth/auth 200 19.354 ms 08/Dec/2024:19:26:35 +0000 | - | -
POST /api/auth/admin 200 12.014 ms 08/Dec/2024:19:26:35 +0000 | - | accessToken=eyJhbGciOiJIUzI1NiIsInR5cCI6IkpXVCJ9.eyJ1c2VybmFtZSI6ImFkbWluIiwiaWF0IjoxNzMzNjg1OTk1LCJleHAiOjE3MzM2ODc3OTV9.qCrePqG8smtozSbe_DdwnkHgTy_vkV4EBzW6TmjZOtQ
GET /api/anime 200 176.073 ms 08/Dec/2024:19:26:39 +0000 | - | -
GET /api/anime/1 200 1.843 ms 08/Dec/2024:19:26:39 +0000 | - | -
POST /api/auth/login 201 5.467 ms 08/Dec/2024:19:26:39 +0000 | - | -
POST /api/auth/auth 200 9.868 ms 08/Dec/2024:19:26:39 +0000 | - | -
POST /api/auth/admin 200 11.130 ms 08/Dec/2024:19:26:39 +0000 | - | accessToken=eyJhbGciOiJIUzI1NiIsInR5cCI6IkpXVCJ9.eyJ1c2VybmFtZSI6ImFkbWluIiwiaWF0IjoxNzMzNjg1OTk5LCJleHAiOjE3MzM2ODc3OTl9.WaAUXop83P95WkfcFBGw5rJFteNC7pPEPj7BGfK8ZTc
GET /api/anime 200 75.064 ms 08/Dec/2024:19:27:05 +0000 | - | -
GET /api/anime/1 200 3.519 ms 08/Dec/2024:19:27:05 +0000 | - | -
POST /api/auth/login 201 15.319 ms 08/Dec/2024:19:27:05 +0000 | - | -
POST /api/auth/auth 200 7.879 ms 08/Dec/2024:19:27:05 +0000 | - | -
POST /api/auth/admin 200 11.960 ms 08/Dec/2024:19:27:05 +0000 | - | accessToken=eyJhbGciOiJIUzI1NiIsInR5cCI6IkpXVCJ9.eyJ1c2VybmFtZSI6ImFkbWluIiwiaWF0IjoxNzMzNjg2MDI1LCJleHAiOjE3MzM2ODc4MjV9.tLpOEPZ3AMq6XIn5cn7EYcPCqg3-5AIn5C-XTJWwhyU
GET /api/anime 200 62.413 ms 08/Dec/2024:19:27:52 +0000 | - | -
GET /api/anime/1 200 1.599 ms 08/Dec/2024:19:27:52 +0000 | - | -
POST /api/auth/login 201 6.408 ms 08/Dec/2024:19:27:52 +0000 | - | -
POST /api/auth/auth 200 12.278 ms 08/Dec/2024:19:27:52 +0000 | - | -
POST /api/auth/admin 200 12.811 ms 08/Dec/2024:19:27:52 +0000 | - | accessToken=eyJhbGciOiJIUzI1NiIsInR5cCI6IkpXVCJ9.eyJ1c2VybmFtZSI6ImFkbWluIiwiaWF0IjoxNzMzNjg2MDcyLCJleHAiOjE3MzM2ODc4NzJ9.oO3-BUnf7k6XHpSp6BvxNd9be8cGkd6CympPTBOai9c
POST /api/auth/auth 200 38.383 ms 08/Dec/2024:19:28:31 +0000 | PostmanRuntime/7.40.0 | -
POST /api/auth/admin 200 11.527 ms 08/Dec/2024:19:28:38 +0000 | PostmanRuntime/7.40.0 | accessToken=eyJhbGciOiJIUzI1NiIsInR5cCI6IkpXVCJ9.eyJ1c2VybmFtZSI6ImFkbWluIiwiaWF0IjoxNzMzNjg2MTExLCJleHAiOjE3MzM2ODc5MTF9.hSnbKmNGldnrMEXMVVUAgRXnV2rge_sh___w5w5o1yw
GET /api/anime 200 58.913 ms 08/Dec/2024:19:28:50 +0000 | - | -
GET /api/anime/1 200 1.268 ms 08/Dec/2024:19:28:51 +0000 | - | -
POST /api/auth/login 201 5.181 ms 08/Dec/2024:19:28:51 +0000 | - | -
POST /api/auth/auth 200 10.394 ms 08/Dec/2024:19:28:51 +0000 | - | -
POST /api/auth/admin 200 11.666 ms 08/Dec/2024:19:28:51 +0000 | - | accessToken=eyJhbGciOiJIUzI1NiIsInR5cCI6IkpXVCJ9.eyJ1c2VybmFtZSI6ImFkbWluIiwiaWF0IjoxNzMzNjg2MTMxLCJleHAiOjE3MzM2ODc5MzF9.VlfLiH8g4ZF7gjkDTSvarnVM04nm-CP1l2DocrAcpq0
POST /api/auth/admin 200 42.449 ms 08/Dec/2024:19:28:58 +0000 | PostmanRuntime/7.40.0 | accessToken=eyJhbGciOiJIUzI1NiIsInR5cCI6IkpXVCJ9.eyJ1c2VybmFtZSI6ImFkbWluIiwiaWF0IjoxNzMzNjg2MTExLCJleHAiOjE3MzM2ODc5MTF9.hSnbKmNGldnrMEXMVVUAgRXnV2rge_sh___w5w5o1yw
POST /api/auth/admin 200 9.050 ms 08/Dec/2024:19:29:00 +0000 | PostmanRuntime/7.40.0 | accessToken=eyJhbGciOiJIUzI1NiIsInR5cCI6IkpXVCJ9.eyJ1c2VybmFtZSI6ImFkbWluIiwiaWF0IjoxNzMzNjg2MTExLCJleHAiOjE3MzM2ODc5MTF9.hSnbKmNGldnrMEXMVVUAgRXnV2rge_sh___w5w5o1yw
POST /api/auth/admin 200 9.092 ms 08/Dec/2024:19:29:01 +0000 | PostmanRuntime/7.40.0 | accessToken=eyJhbGciOiJIUzI1NiIsInR5cCI6IkpXVCJ9.eyJ1c2VybmFtZSI6ImFkbWluIiwiaWF0IjoxNzMzNjg2MTExLCJleHAiOjE3MzM2ODc5MTF9.hSnbKmNGldnrMEXMVVUAgRXnV2rge_sh___w5w5o1yw
POST /api/auth/admin 200 20.301 ms 08/Dec/2024:19:29:11 +0000 | PostmanRuntime/7.40.0 | accessToken=eyJhbGciOiJIUzI1NiIsInR5cCI6IkpXVCJ9.eyJ1c2VybmFtZSI6ImFkbWluIiwiaWF0IjoxNzMzNjg2MTExLCJleHAiOjE3MzM2ODc5MTF9.hSnbKmNGldnrMEXMVVUAgRXnV2rge_sh___w5w5o1yw
POST /api/auth/admin 200 20.009 ms 08/Dec/2024:19:29:22 +0000 | PostmanRuntime/7.40.0 | accessToken=eyJhbGciOiJIUzI1NiIsInR5cCI6IkpXVCJ9.eyJ1c2VybmFtZSI6ImFkbWluIiwiaWF0IjoxNzMzNjg2MTExLCJleHAiOjE3MzM2ODc5MTF9.hSnbKmNGldnrMEXMVVUAgRXnV2rge_sh___w5w5o1yw
POST /api/auth/admin 200 18.680 ms 08/Dec/2024:19:29:32 +0000 | PostmanRuntime/7.40.0 | accessToken=eyJhbGciOiJIUzI1NiIsInR5cCI6IkpXVCJ9.eyJ1c2VybmFtZSI6ImFkbWluIiwiaWF0IjoxNzMzNjg2MTExLCJleHAiOjE3MzM2ODc5MTF9.hSnbKmNGldnrMEXMVVUAgRXnV2rge_sh___w5w5o1yw
POST /api/auth/admin 200 20.536 ms 08/Dec/2024:19:29:46 +0000 | PostmanRuntime/7.40.0 | accessToken=eyJhbGciOiJIUzI1NiIsInR5cCI6IkpXVCJ9.eyJ1c2VybmFtZSI6ImFkbWluIiwiaWF0IjoxNzMzNjg2MTExLCJleHAiOjE3MzM2ODc5MTF9.hSnbKmNGldnrMEXMVVUAgRXnV2rge_sh___w5w5o1yw
POST /api/auth/admin 200 19.206 ms 08/Dec/2024:19:29:56 +0000 | PostmanRuntime/7.40.0 | accessToken=eyJhbGciOiJIUzI1NiIsInR5cCI6IkpXVCJ9.eyJ1c2VybmFtZSI6ImFkbWluIiwiaWF0IjoxNzMzNjg2MTExLCJleHAiOjE3MzM2ODc5MTF9.hSnbKmNGldnrMEXMVVUAgRXnV2rge_sh___w5w5o1yw
POST /api/auth/admin 200 19.171 ms 08/Dec/2024:19:30:09 +0000 | PostmanRuntime/7.40.0 | accessToken=eyJhbGciOiJIUzI1NiIsInR5cCI6IkpXVCJ9.eyJ1c2VybmFtZSI6ImFkbWluIiwiaWF0IjoxNzMzNjg2MTExLCJleHAiOjE3MzM2ODc5MTF9.hSnbKmNGldnrMEXMVVUAgRXnV2rge_sh___w5w5o1yw
GET /api/anime 200 80.363 ms 08/Dec/2024:19:30:32 +0000 | - | -
GET /api/anime/1 200 4.115 ms 08/Dec/2024:19:30:32 +0000 | - | -
POST /api/auth/login 201 12.285 ms 08/Dec/2024:19:30:32 +0000 | - | -
POST /api/auth/auth 200 11.588 ms 08/Dec/2024:19:30:32 +0000 | - | -
POST /api/auth/admin 200 11.543 ms 08/Dec/2024:19:30:32 +0000 | - | accessToken=eyJhbGciOiJIUzI1NiIsInR5cCI6IkpXVCJ9.eyJ1c2VybmFtZSI6ImFkbWluIiwiaWF0IjoxNzMzNjg2MjMyLCJleHAiOjE3MzM2ODgwMzJ9.FlTDUKp06VlD-YWWPJQp-22dd2nSkx7kK3-Ss3nk208
GET /api/anime 200 68.737 ms 08/Dec/2024:19:31:22 +0000 | - | -
GET /api/anime/1 200 1.990 ms 08/Dec/2024:19:31:22 +0000 | - | -
POST /api/auth/login 201 6.079 ms 08/Dec/2024:19:31:22 +0000 | - | -
POST /api/auth/auth 200 6.837 ms 08/Dec/2024:19:31:22 +0000 | - | -
POST /api/auth/admin 200 15.590 ms 08/Dec/2024:19:31:22 +0000 | - | accessToken=eyJhbGciOiJIUzI1NiIsInR5cCI6IkpXVCJ9.eyJ1c2VybmFtZSI6ImFkbWluIiwiaWF0IjoxNzMzNjg2MjgyLCJleHAiOjE3MzM2ODgwODJ9.L9RDn1bqsjd9wKrhPPS3rBEaVC_O9ze7GiOTCl5thF4
GET /api/anime/ 200 6.645 ms 08/Dec/2024:19:31:39 +0000 | PostmanRuntime/7.40.0 | accessToken=eyJhbGciOiJIUzI1NiIsInR5cCI6IkpXVCJ9.eyJ1c2VybmFtZSI6ImFkbWluIiwiaWF0IjoxNzMzNjg2MTExLCJleHAiOjE3MzM2ODc5MTF9.hSnbKmNGldnrMEXMVVUAgRXnV2rge_sh___w5w5o1yw
GET /api/anime/ 200 520.137 ms 08/Dec/2024:19:31:45 +0000 | PostmanRuntime/7.40.0 | accessToken=eyJhbGciOiJIUzI1NiIsInR5cCI6IkpXVCJ9.eyJ1c2VybmFtZSI6ImFkbWluIiwiaWF0IjoxNzMzNjg2MTExLCJleHAiOjE3MzM2ODc5MTF9.hSnbKmNGldnrMEXMVVUAgRXnV2rge_sh___w5w5o1yw
GET /api/anime/ 200 6.297 ms 08/Dec/2024:19:31:50 +0000 | PostmanRuntime/7.40.0 | accessToken=eyJhbGciOiJIUzI1NiIsInR5cCI6IkpXVCJ9.eyJ1c2VybmFtZSI6ImFkbWluIiwiaWF0IjoxNzMzNjg2MTExLCJleHAiOjE3MzM2ODc5MTF9.hSnbKmNGldnrMEXMVVUAgRXnV2rge_sh___w5w5o1yw
GET /api/anime/ 200 7.431 ms 08/Dec/2024:19:43:13 +0000 | PostmanRuntime/7.40.0 | accessToken=eyJhbGciOiJIUzI1NiIsInR5cCI6IkpXVCJ9.eyJ1c2VybmFtZSI6ImFkbWluIiwiaWF0IjoxNzMzNjg2MTExLCJleHAiOjE3MzM2ODc5MTF9.hSnbKmNGldnrMEXMVVUAgRXnV2rge_sh___w5w5o1yw
GET /api/anime/ 200 1.525 ms 08/Dec/2024:19:43:16 +0000 | PostmanRuntime/7.40.0 | accessToken=eyJhbGciOiJIUzI1NiIsInR5cCI6IkpXVCJ9.eyJ1c2VybmFtZSI6ImFkbWluIiwiaWF0IjoxNzMzNjg2MTExLCJleHAiOjE3MzM2ODc5MTF9.hSnbKmNGldnrMEXMVVUAgRXnV2rge_sh___w5w5o1yw
POST /api/auth/auth 200 13.875 ms 08/Dec/2024:19:43:19 +0000 | PostmanRuntime/7.40.0 | accessToken=eyJhbGciOiJIUzI1NiIsInR5cCI6IkpXVCJ9.eyJ1c2VybmFtZSI6ImFkbWluIiwiaWF0IjoxNzMzNjg2MTExLCJleHAiOjE3MzM2ODc5MTF9.hSnbKmNGldnrMEXMVVUAgRXnV2rge_sh___w5w5o1yw
GET / 200 2.406 ms 08/Dec/2024:20:08:24 +0000 | Mozilla/5.0 (Windows NT 10.0; Win64; x64; rv:133.0) Gecko/20100101 Firefox/133.0 | -
GET /favicon.ico 404 1.332 ms 08/Dec/2024:20:08:24 +0000 | Mozilla/5.0 (Windows NT 10.0; Win64; x64; rv:133.0) Gecko/20100101 Firefox/133.0 | -
GET / 200 2.685 ms 08/Dec/2024:20:11:11 +0000 | Mozilla/5.0 (Windows NT 10.0; Win64; x64; rv:133.0) Gecko/20100101 Firefox/133.0 | -
GET /api/example 404 2.348 ms 08/Dec/2024:20:11:59 +0000 | Mozilla/5.0 (Windows NT 10.0; Win64; x64; rv:133.0) Gecko/20100101 Firefox/133.0 | -
GET /api/anime 200 4.835 ms 08/Dec/2024:20:16:46 +0000 | Mozilla/5.0 (Windows NT 10.0; Win64; x64; rv:133.0) Gecko/20100101 Firefox/133.0 | -
GET /api/user1 404 2.076 ms 08/Dec/2024:20:39:58 +0000 | Mozilla/5.0 (Windows NT 10.0; Win64; x64; rv:133.0) Gecko/20100101 Firefox/133.0 | -
GET /api/user/1 200 7.601 ms 08/Dec/2024:20:40:25 +0000 | Mozilla/5.0 (Windows NT 10.0; Win64; x64; rv:133.0) Gecko/20100101 Firefox/133.0 | -
GET / 304 3.176 ms 08/Dec/2024:20:44:41 +0000 | Mozilla/5.0 (Windows NT 10.0; Win64; x64; rv:133.0) Gecko/20100101 Firefox/133.0 | -
GET /api 404 1.684 ms 08/Dec/2024:20:44:43 +0000 | Mozilla/5.0 (Windows NT 10.0; Win64; x64; rv:133.0) Gecko/20100101 Firefox/133.0 | -
GET /api/user/1 304 8.653 ms 08/Dec/2024:20:45:05 +0000 | Mozilla/5.0 (Windows NT 10.0; Win64; x64; rv:133.0) Gecko/20100101 Firefox/133.0 | -
GET /api/genre/anime/1 200 107.645 ms 09/Dec/2024:12:12:56 +0000 | PostmanRuntime/7.40.0 | -
POST /api/auth/auth 200 49.513 ms 09/Dec/2024:12:17:28 +0000 | PostmanRuntime/7.40.0 | -
GET /api/bookmarks/1 200 9.148 ms 09/Dec/2024:12:17:36 +0000 | PostmanRuntime/7.40.0 | accessToken=eyJhbGciOiJIUzI1NiIsInR5cCI6IkpXVCJ9.eyJ1c2VybmFtZSI6ImFkbWluIiwiaWF0IjoxNzMzNzQ2NjQ4LCJleHAiOjE3MzM3NDg0NDh9.Idij-yNUqL6D0bOieormPHPCwKQWY-T6cPpzk1GxYGA
GET /api/bookmarks/1 200 15.883 ms 09/Dec/2024:12:18:28 +0000 | PostmanRuntime/7.40.0 | accessToken=eyJhbGciOiJIUzI1NiIsInR5cCI6IkpXVCJ9.eyJ1c2VybmFtZSI6ImFkbWluIiwiaWF0IjoxNzMzNzQ2NjQ4LCJleHAiOjE3MzM3NDg0NDh9.Idij-yNUqL6D0bOieormPHPCwKQWY-T6cPpzk1GxYGA
GET /api/bookmarks/1 200 15.182 ms 09/Dec/2024:12:31:41 +0000 | PostmanRuntime/7.40.0 | accessToken=eyJhbGciOiJIUzI1NiIsInR5cCI6IkpXVCJ9.eyJ1c2VybmFtZSI6ImFkbWluIiwiaWF0IjoxNzMzNzQ2NjQ4LCJleHAiOjE3MzM3NDg0NDh9.Idij-yNUqL6D0bOieormPHPCwKQWY-T6cPpzk1GxYGA
GET /api/bookmarks/1 200 14.947 ms 09/Dec/2024:12:32:00 +0000 | PostmanRuntime/7.40.0 | accessToken=eyJhbGciOiJIUzI1NiIsInR5cCI6IkpXVCJ9.eyJ1c2VybmFtZSI6ImFkbWluIiwiaWF0IjoxNzMzNzQ2NjQ4LCJleHAiOjE3MzM3NDg0NDh9.Idij-yNUqL6D0bOieormPHPCwKQWY-T6cPpzk1GxYGA
GET /api/bookmarks/1 200 22.709 ms 09/Dec/2024:12:32:11 +0000 | PostmanRuntime/7.40.0 | accessToken=eyJhbGciOiJIUzI1NiIsInR5cCI6IkpXVCJ9.eyJ1c2VybmFtZSI6ImFkbWluIiwiaWF0IjoxNzMzNzQ2NjQ4LCJleHAiOjE3MzM3NDg0NDh9.Idij-yNUqL6D0bOieormPHPCwKQWY-T6cPpzk1GxYGA
GET /api/bookmarks/1 200 28.634 ms 09/Dec/2024:12:32:28 +0000 | PostmanRuntime/7.40.0 | accessToken=eyJhbGciOiJIUzI1NiIsInR5cCI6IkpXVCJ9.eyJ1c2VybmFtZSI6ImFkbWluIiwiaWF0IjoxNzMzNzQ2NjQ4LCJleHAiOjE3MzM3NDg0NDh9.Idij-yNUqL6D0bOieormPHPCwKQWY-T6cPpzk1GxYGA
GET /api/bookmarks/1 200 25.313 ms 09/Dec/2024:12:32:55 +0000 | PostmanRuntime/7.40.0 | accessToken=eyJhbGciOiJIUzI1NiIsInR5cCI6IkpXVCJ9.eyJ1c2VybmFtZSI6ImFkbWluIiwiaWF0IjoxNzMzNzQ2NjQ4LCJleHAiOjE3MzM3NDg0NDh9.Idij-yNUqL6D0bOieormPHPCwKQWY-T6cPpzk1GxYGA
GET /api/bookmarks/1 200 19.315 ms 09/Dec/2024:12:33:04 +0000 | PostmanRuntime/7.40.0 | accessToken=eyJhbGciOiJIUzI1NiIsInR5cCI6IkpXVCJ9.eyJ1c2VybmFtZSI6ImFkbWluIiwiaWF0IjoxNzMzNzQ2NjQ4LCJleHAiOjE3MzM3NDg0NDh9.Idij-yNUqL6D0bOieormPHPCwKQWY-T6cPpzk1GxYGA
GET /api/bookmarks/1 200 22.840 ms 09/Dec/2024:12:33:15 +0000 | PostmanRuntime/7.40.0 | accessToken=eyJhbGciOiJIUzI1NiIsInR5cCI6IkpXVCJ9.eyJ1c2VybmFtZSI6ImFkbWluIiwiaWF0IjoxNzMzNzQ2NjQ4LCJleHAiOjE3MzM3NDg0NDh9.Idij-yNUqL6D0bOieormPHPCwKQWY-T6cPpzk1GxYGA
GET /api/bookmarks/1 200 14.592 ms 09/Dec/2024:12:33:19 +0000 | PostmanRuntime/7.40.0 | accessToken=eyJhbGciOiJIUzI1NiIsInR5cCI6IkpXVCJ9.eyJ1c2VybmFtZSI6ImFkbWluIiwiaWF0IjoxNzMzNzQ2NjQ4LCJleHAiOjE3MzM3NDg0NDh9.Idij-yNUqL6D0bOieormPHPCwKQWY-T6cPpzk1GxYGA
GET /api/bookmarks/1 200 29.019 ms 09/Dec/2024:12:33:25 +0000 | PostmanRuntime/7.40.0 | accessToken=eyJhbGciOiJIUzI1NiIsInR5cCI6IkpXVCJ9.eyJ1c2VybmFtZSI6ImFkbWluIiwiaWF0IjoxNzMzNzQ2NjQ4LCJleHAiOjE3MzM3NDg0NDh9.Idij-yNUqL6D0bOieormPHPCwKQWY-T6cPpzk1GxYGA
GET /api/bookmarks/1 200 20.841 ms 09/Dec/2024:12:33:49 +0000 | PostmanRuntime/7.40.0 | accessToken=eyJhbGciOiJIUzI1NiIsInR5cCI6IkpXVCJ9.eyJ1c2VybmFtZSI6ImFkbWluIiwiaWF0IjoxNzMzNzQ2NjQ4LCJleHAiOjE3MzM3NDg0NDh9.Idij-yNUqL6D0bOieormPHPCwKQWY-T6cPpzk1GxYGA
GET /api/bookmarks/1 200 14.386 ms 09/Dec/2024:12:34:18 +0000 | PostmanRuntime/7.40.0 | accessToken=eyJhbGciOiJIUzI1NiIsInR5cCI6IkpXVCJ9.eyJ1c2VybmFtZSI6ImFkbWluIiwiaWF0IjoxNzMzNzQ2NjQ4LCJleHAiOjE3MzM3NDg0NDh9.Idij-yNUqL6D0bOieormPHPCwKQWY-T6cPpzk1GxYGA
GET /api/bookmarks/1 200 14.215 ms 09/Dec/2024:12:35:06 +0000 | PostmanRuntime/7.40.0 | accessToken=eyJhbGciOiJIUzI1NiIsInR5cCI6IkpXVCJ9.eyJ1c2VybmFtZSI6ImFkbWluIiwiaWF0IjoxNzMzNzQ2NjQ4LCJleHAiOjE3MzM3NDg0NDh9.Idij-yNUqL6D0bOieormPHPCwKQWY-T6cPpzk1GxYGA
GET /api/bookmarks/1 200 16.952 ms 09/Dec/2024:12:35:50 +0000 | PostmanRuntime/7.40.0 | accessToken=eyJhbGciOiJIUzI1NiIsInR5cCI6IkpXVCJ9.eyJ1c2VybmFtZSI6ImFkbWluIiwiaWF0IjoxNzMzNzQ2NjQ4LCJleHAiOjE3MzM3NDg0NDh9.Idij-yNUqL6D0bOieormPHPCwKQWY-T6cPpzk1GxYGA
GET /api/bookmarks/1 200 15.254 ms 09/Dec/2024:12:36:52 +0000 | PostmanRuntime/7.40.0 | accessToken=eyJhbGciOiJIUzI1NiIsInR5cCI6IkpXVCJ9.eyJ1c2VybmFtZSI6ImFkbWluIiwiaWF0IjoxNzMzNzQ2NjQ4LCJleHAiOjE3MzM3NDg0NDh9.Idij-yNUqL6D0bOieormPHPCwKQWY-T6cPpzk1GxYGA
GET /api/bookmarks/1 200 14.000 ms 09/Dec/2024:12:37:16 +0000 | PostmanRuntime/7.40.0 | accessToken=eyJhbGciOiJIUzI1NiIsInR5cCI6IkpXVCJ9.eyJ1c2VybmFtZSI6ImFkbWluIiwiaWF0IjoxNzMzNzQ2NjQ4LCJleHAiOjE3MzM3NDg0NDh9.Idij-yNUqL6D0bOieormPHPCwKQWY-T6cPpzk1GxYGA
GET /api/bookmarks/1 200 33.221 ms 09/Dec/2024:12:38:33 +0000 | PostmanRuntime/7.40.0 | accessToken=eyJhbGciOiJIUzI1NiIsInR5cCI6IkpXVCJ9.eyJ1c2VybmFtZSI6ImFkbWluIiwiaWF0IjoxNzMzNzQ2NjQ4LCJleHAiOjE3MzM3NDg0NDh9.Idij-yNUqL6D0bOieormPHPCwKQWY-T6cPpzk1GxYGA
GET /api/bookmarks/1 200 14.617 ms 09/Dec/2024:12:38:48 +0000 | PostmanRuntime/7.40.0 | accessToken=eyJhbGciOiJIUzI1NiIsInR5cCI6IkpXVCJ9.eyJ1c2VybmFtZSI6ImFkbWluIiwiaWF0IjoxNzMzNzQ2NjQ4LCJleHAiOjE3MzM3NDg0NDh9.Idij-yNUqL6D0bOieormPHPCwKQWY-T6cPpzk1GxYGA
GET /api/bookmarks/1 200 16.872 ms 09/Dec/2024:12:39:29 +0000 | PostmanRuntime/7.40.0 | accessToken=eyJhbGciOiJIUzI1NiIsInR5cCI6IkpXVCJ9.eyJ1c2VybmFtZSI6ImFkbWluIiwiaWF0IjoxNzMzNzQ2NjQ4LCJleHAiOjE3MzM3NDg0NDh9.Idij-yNUqL6D0bOieormPHPCwKQWY-T6cPpzk1GxYGA
GET /api/bookmarks/1 200 30.367 ms 09/Dec/2024:12:39:53 +0000 | PostmanRuntime/7.40.0 | accessToken=eyJhbGciOiJIUzI1NiIsInR5cCI6IkpXVCJ9.eyJ1c2VybmFtZSI6ImFkbWluIiwiaWF0IjoxNzMzNzQ2NjQ4LCJleHAiOjE3MzM3NDg0NDh9.Idij-yNUqL6D0bOieormPHPCwKQWY-T6cPpzk1GxYGA
GET /api/bookmarks/1 200 32.342 ms 09/Dec/2024:12:40:06 +0000 | PostmanRuntime/7.40.0 | accessToken=eyJhbGciOiJIUzI1NiIsInR5cCI6IkpXVCJ9.eyJ1c2VybmFtZSI6ImFkbWluIiwiaWF0IjoxNzMzNzQ2NjQ4LCJleHAiOjE3MzM3NDg0NDh9.Idij-yNUqL6D0bOieormPHPCwKQWY-T6cPpzk1GxYGA
GET /api/bookmarks/1 200 14.258 ms 09/Dec/2024:12:40:30 +0000 | PostmanRuntime/7.40.0 | accessToken=eyJhbGciOiJIUzI1NiIsInR5cCI6IkpXVCJ9.eyJ1c2VybmFtZSI6ImFkbWluIiwiaWF0IjoxNzMzNzQ2NjQ4LCJleHAiOjE3MzM3NDg0NDh9.Idij-yNUqL6D0bOieormPHPCwKQWY-T6cPpzk1GxYGA
GET /api/bookmarks/1 200 13.870 ms 09/Dec/2024:12:43:32 +0000 | PostmanRuntime/7.40.0 | accessToken=eyJhbGciOiJIUzI1NiIsInR5cCI6IkpXVCJ9.eyJ1c2VybmFtZSI6ImFkbWluIiwiaWF0IjoxNzMzNzQ2NjQ4LCJleHAiOjE3MzM3NDg0NDh9.Idij-yNUqL6D0bOieormPHPCwKQWY-T6cPpzk1GxYGA
GET /api/bookmarks/1 200 15.948 ms 09/Dec/2024:12:43:55 +0000 | PostmanRuntime/7.40.0 | accessToken=eyJhbGciOiJIUzI1NiIsInR5cCI6IkpXVCJ9.eyJ1c2VybmFtZSI6ImFkbWluIiwiaWF0IjoxNzMzNzQ2NjQ4LCJleHAiOjE3MzM3NDg0NDh9.Idij-yNUqL6D0bOieormPHPCwKQWY-T6cPpzk1GxYGA
GET /api/bookmarks/1 200 14.301 ms 09/Dec/2024:12:44:03 +0000 | PostmanRuntime/7.40.0 | accessToken=eyJhbGciOiJIUzI1NiIsInR5cCI6IkpXVCJ9.eyJ1c2VybmFtZSI6ImFkbWluIiwiaWF0IjoxNzMzNzQ2NjQ4LCJleHAiOjE3MzM3NDg0NDh9.Idij-yNUqL6D0bOieormPHPCwKQWY-T6cPpzk1GxYGA
GET /api/bookmarks/1 200 16.366 ms 09/Dec/2024:12:44:50 +0000 | PostmanRuntime/7.40.0 | accessToken=eyJhbGciOiJIUzI1NiIsInR5cCI6IkpXVCJ9.eyJ1c2VybmFtZSI6ImFkbWluIiwiaWF0IjoxNzMzNzQ2NjQ4LCJleHAiOjE3MzM3NDg0NDh9.Idij-yNUqL6D0bOieormPHPCwKQWY-T6cPpzk1GxYGA
GET /api/bookmarks/1 200 21.109 ms 09/Dec/2024:12:45:10 +0000 | PostmanRuntime/7.40.0 | accessToken=eyJhbGciOiJIUzI1NiIsInR5cCI6IkpXVCJ9.eyJ1c2VybmFtZSI6ImFkbWluIiwiaWF0IjoxNzMzNzQ2NjQ4LCJleHAiOjE3MzM3NDg0NDh9.Idij-yNUqL6D0bOieormPHPCwKQWY-T6cPpzk1GxYGA
GET /api/bookmarks/1 200 21.345 ms 09/Dec/2024:12:45:16 +0000 | PostmanRuntime/7.40.0 | accessToken=eyJhbGciOiJIUzI1NiIsInR5cCI6IkpXVCJ9.eyJ1c2VybmFtZSI6ImFkbWluIiwiaWF0IjoxNzMzNzQ2NjQ4LCJleHAiOjE3MzM3NDg0NDh9.Idij-yNUqL6D0bOieormPHPCwKQWY-T6cPpzk1GxYGA
GET /api/bookmarks/1 200 23.429 ms 09/Dec/2024:12:45:27 +0000 | PostmanRuntime/7.40.0 | accessToken=eyJhbGciOiJIUzI1NiIsInR5cCI6IkpXVCJ9.eyJ1c2VybmFtZSI6ImFkbWluIiwiaWF0IjoxNzMzNzQ2NjQ4LCJleHAiOjE3MzM3NDg0NDh9.Idij-yNUqL6D0bOieormPHPCwKQWY-T6cPpzk1GxYGA
GET /api/bookmarks/2 200 41.623 ms 09/Dec/2024:12:46:06 +0000 | PostmanRuntime/7.40.0 | accessToken=eyJhbGciOiJIUzI1NiIsInR5cCI6IkpXVCJ9.eyJ1c2VybmFtZSI6ImFkbWluIiwiaWF0IjoxNzMzNzQ2NjQ4LCJleHAiOjE3MzM3NDg0NDh9.Idij-yNUqL6D0bOieormPHPCwKQWY-T6cPpzk1GxYGA
GET /api/bookmarks/2 200 13.500 ms 09/Dec/2024:12:47:48 +0000 | PostmanRuntime/7.40.0 | accessToken=eyJhbGciOiJIUzI1NiIsInR5cCI6IkpXVCJ9.eyJ1c2VybmFtZSI6ImFkbWluIiwiaWF0IjoxNzMzNzQ2NjQ4LCJleHAiOjE3MzM3NDg0NDh9.Idij-yNUqL6D0bOieormPHPCwKQWY-T6cPpzk1GxYGA
GET /api/bookmarks/2 200 13.292 ms 09/Dec/2024:12:48:10 +0000 | PostmanRuntime/7.40.0 | accessToken=eyJhbGciOiJIUzI1NiIsInR5cCI6IkpXVCJ9.eyJ1c2VybmFtZSI6ImFkbWluIiwiaWF0IjoxNzMzNzQ2NjQ4LCJleHAiOjE3MzM3NDg0NDh9.Idij-yNUqL6D0bOieormPHPCwKQWY-T6cPpzk1GxYGA
GET /api/bookmarks/2 200 17.115 ms 09/Dec/2024:12:48:29 +0000 | PostmanRuntime/7.40.0 | accessToken=eyJhbGciOiJIUzI1NiIsInR5cCI6IkpXVCJ9.eyJ1c2VybmFtZSI6ImFkbWluIiwiaWF0IjoxNzMzNzQ2NjQ4LCJleHAiOjE3MzM3NDg0NDh9.Idij-yNUqL6D0bOieormPHPCwKQWY-T6cPpzk1GxYGA
GET /api/bookmarks/2 200 14.092 ms 09/Dec/2024:12:48:39 +0000 | PostmanRuntime/7.40.0 | accessToken=eyJhbGciOiJIUzI1NiIsInR5cCI6IkpXVCJ9.eyJ1c2VybmFtZSI6ImFkbWluIiwiaWF0IjoxNzMzNzQ2NjQ4LCJleHAiOjE3MzM3NDg0NDh9.Idij-yNUqL6D0bOieormPHPCwKQWY-T6cPpzk1GxYGA
GET /api/bookmarks/1 200 4.053 ms 09/Dec/2024:12:48:47 +0000 | PostmanRuntime/7.40.0 | accessToken=eyJhbGciOiJIUzI1NiIsInR5cCI6IkpXVCJ9.eyJ1c2VybmFtZSI6ImFkbWluIiwiaWF0IjoxNzMzNzQ2NjQ4LCJleHAiOjE3MzM3NDg0NDh9.Idij-yNUqL6D0bOieormPHPCwKQWY-T6cPpzk1GxYGA
GET /api/bookmarks/1 200 14.552 ms 09/Dec/2024:12:49:44 +0000 | PostmanRuntime/7.40.0 | accessToken=eyJhbGciOiJIUzI1NiIsInR5cCI6IkpXVCJ9.eyJ1c2VybmFtZSI6ImFkbWluIiwiaWF0IjoxNzMzNzQ2NjQ4LCJleHAiOjE3MzM3NDg0NDh9.Idij-yNUqL6D0bOieormPHPCwKQWY-T6cPpzk1GxYGA
GET /api/bookmarks/1 200 13.850 ms 09/Dec/2024:12:49:56 +0000 | PostmanRuntime/7.40.0 | accessToken=eyJhbGciOiJIUzI1NiIsInR5cCI6IkpXVCJ9.eyJ1c2VybmFtZSI6ImFkbWluIiwiaWF0IjoxNzMzNzQ2NjQ4LCJleHAiOjE3MzM3NDg0NDh9.Idij-yNUqL6D0bOieormPHPCwKQWY-T6cPpzk1GxYGA
GET /api/bookmarks/1 200 14.869 ms 09/Dec/2024:12:50:03 +0000 | PostmanRuntime/7.40.0 | accessToken=eyJhbGciOiJIUzI1NiIsInR5cCI6IkpXVCJ9.eyJ1c2VybmFtZSI6ImFkbWluIiwiaWF0IjoxNzMzNzQ2NjQ4LCJleHAiOjE3MzM3NDg0NDh9.Idij-yNUqL6D0bOieormPHPCwKQWY-T6cPpzk1GxYGA
GET /api/bookmarks/1 200 12.373 ms 09/Dec/2024:15:00:32 +0000 | PostmanRuntime/7.40.0 | -
GET /api/bookmarks/2 200 32.944 ms 09/Dec/2024:15:01:29 +0000 | PostmanRuntime/7.40.0 | -
GET /api/bookmarks/1 200 2.758 ms 09/Dec/2024:15:01:33 +0000 | PostmanRuntime/7.40.0 | -
POST /api/bookmarks 200 38.901 ms 09/Dec/2024:15:01:46 +0000 | PostmanRuntime/7.40.0 | -
GET /api/bookmarks/2 200 3.623 ms 09/Dec/2024:15:01:51 +0000 | PostmanRuntime/7.40.0 | -
GET /api/bookmarks/2 200 12.598 ms 09/Dec/2024:15:03:18 +0000 | PostmanRuntime/7.40.0 | -
GET /api/bookmarks/2 200 2.971 ms 09/Dec/2024:15:03:20 +0000 | PostmanRuntime/7.40.0 | -
GET /api/bookmarks/1 200 2.461 ms 09/Dec/2024:15:03:23 +0000 | PostmanRuntime/7.40.0 | -
GET /api/bookmarks/1 200 12.470 ms 09/Dec/2024:15:04:12 +0000 | PostmanRuntime/7.40.0 | -
GET /api/bookmarks/1 200 11.307 ms 09/Dec/2024:15:05:58 +0000 | PostmanRuntime/7.40.0 | -
GET /api/bookmarks/1 200 16.168 ms 09/Dec/2024:15:06:16 +0000 | PostmanRuntime/7.40.0 | -
GET /api/bookmarks/2 200 36.447 ms 09/Dec/2024:15:06:54 +0000 | PostmanRuntime/7.40.0 | -
GET /api/bookmarks/2 200 51.220 ms 09/Dec/2024:15:10:41 +0000 | PostmanRuntime/7.40.0 | -
GET /api/bookmarks/1 200 35.849 ms 09/Dec/2024:15:11:16 +0000 | PostmanRuntime/7.40.0 | -
GET /api/bookmarks/1 200 11.998 ms 09/Dec/2024:15:12:22 +0000 | PostmanRuntime/7.40.0 | -
DELETE /api/bookmarks/4 200 4.192 ms 09/Dec/2024:15:14:16 +0000 | PostmanRuntime/7.40.0 | -
GET /api/bookmarks/1 200 41.318 ms 09/Dec/2024:15:14:31 +0000 | PostmanRuntime/7.40.0 | -
GET /api/bookmarks/2 200 2.337 ms 09/Dec/2024:15:14:36 +0000 | PostmanRuntime/7.40.0 | -
POST /api/auth/login 201 14.716 ms 12/Dec/2024:19:21:35 +0000 | PostmanRuntime/7.43.0 | -
GET /api/anime 200 70.021 ms 12/Dec/2024:19:23:08 +0000 | - | -
GET /api/anime/1 200 3.051 ms 12/Dec/2024:19:23:08 +0000 | - | -
POST /api/auth/login 201 13.064 ms 12/Dec/2024:19:23:08 +0000 | - | -
POST /api/auth/auth 200 18.216 ms 12/Dec/2024:19:23:08 +0000 | - | -
POST /api/auth/admin 200 14.538 ms 12/Dec/2024:19:23:08 +0000 | - | accessToken=eyJhbGciOiJIUzI1NiIsInR5cCI6IkpXVCJ9.eyJ1c2VybmFtZSI6ImFkbWluIiwiaWF0IjoxNzM0MDMxMzg4LCJleHAiOjE3MzQwMzMxODh9.KSfW92sVMF2UaTP_M6keIUh_Xeqajhq__EH6Q4cLfn8
GET /api/anime/ 200 36.748 ms 12/Dec/2024:19:23:51 +0000 | PostmanRuntime/7.43.0 | -
GET /api/anime 200 75.173 ms 12/Dec/2024:19:24:11 +0000 | - | -
GET /api/anime/1 200 2.053 ms 12/Dec/2024:19:24:11 +0000 | - | -
POST /api/auth/login 201 6.780 ms 12/Dec/2024:19:24:11 +0000 | - | -
POST /api/auth/auth 200 20.817 ms 12/Dec/2024:19:24:11 +0000 | - | -
POST /api/auth/admin 200 16.959 ms 12/Dec/2024:19:24:11 +0000 | - | accessToken=eyJhbGciOiJIUzI1NiIsInR5cCI6IkpXVCJ9.eyJ1c2VybmFtZSI6ImFkbWluIiwiaWF0IjoxNzM0MDMxNDUxLCJleHAiOjE3MzQwMzMyNTF9.hgZuvQPnuqmcXoeJrABZgjYXJkGUzyrX3kAkslNt5zQ
GET /api/anime 200 73.980 ms 12/Dec/2024:19:24:20 +0000 | - | -
GET /api/anime/1 200 1.050 ms 12/Dec/2024:19:24:20 +0000 | - | -
POST /api/auth/login 201 6.652 ms 12/Dec/2024:19:24:20 +0000 | - | -
POST /api/auth/auth 200 5.259 ms 12/Dec/2024:19:24:20 +0000 | - | -
POST /api/auth/admin 200 22.014 ms 12/Dec/2024:19:24:20 +0000 | - | accessToken=eyJhbGciOiJIUzI1NiIsInR5cCI6IkpXVCJ9.eyJ1c2VybmFtZSI6ImFkbWluIiwiaWF0IjoxNzM0MDMxNDYwLCJleHAiOjE3MzQwMzMyNjB9.V_ElKr_RqF5NhRUuVr_CZ5MCIWWNqF3F7Q4h6PnJBtQ
GET /api/anime 200 72.392 ms 12/Dec/2024:19:24:29 +0000 | - | -
GET /api/anime/1 200 0.990 ms 12/Dec/2024:19:24:29 +0000 | - | -
POST /api/auth/login 201 6.290 ms 12/Dec/2024:19:24:29 +0000 | - | -
POST /api/auth/auth 200 5.507 ms 12/Dec/2024:19:24:29 +0000 | - | -
POST /api/auth/admin 200 21.050 ms 12/Dec/2024:19:24:29 +0000 | - | accessToken=eyJhbGciOiJIUzI1NiIsInR5cCI6IkpXVCJ9.eyJ1c2VybmFtZSI6ImFkbWluIiwiaWF0IjoxNzM0MDMxNDY5LCJleHAiOjE3MzQwMzMyNjl9.4JP9UFfgIEnouu817m4vdup3IbLe7inz4ZeweQeH2iA
GET /api/anime 200 176.209 ms 12/Dec/2024:19:25:33 +0000 | - | -
GET /api/anime/1 200 1.123 ms 12/Dec/2024:19:25:33 +0000 | - | -
POST /api/auth/login 201 7.175 ms 12/Dec/2024:19:25:33 +0000 | - | -
POST /api/auth/auth 200 5.810 ms 12/Dec/2024:19:25:33 +0000 | - | -
POST /api/auth/admin 200 18.593 ms 12/Dec/2024:19:25:33 +0000 | - | accessToken=eyJhbGciOiJIUzI1NiIsInR5cCI6IkpXVCJ9.eyJ1c2VybmFtZSI6ImFkbWluIiwiaWF0IjoxNzM0MDMxNTMzLCJleHAiOjE3MzQwMzMzMzN9.OtSx4Zyj61brfDchBQJGdGNozXDhmUmWVkn_7L-wxus
GET /api/anime 200 75.858 ms 12/Dec/2024:19:25:50 +0000 | - | -
GET /api/anime/1 200 1.355 ms 12/Dec/2024:19:25:50 +0000 | - | -
POST /api/auth/login 201 6.871 ms 12/Dec/2024:19:25:50 +0000 | - | -
POST /api/auth/auth 201 5.738 ms 12/Dec/2024:19:25:50 +0000 | - | -
POST /api/auth/admin 200 19.441 ms 12/Dec/2024:19:25:50 +0000 | - | accessToken=eyJhbGciOiJIUzI1NiIsInR5cCI6IkpXVCJ9.eyJ1c2VybmFtZSI6ImFkbWluIiwiaWF0IjoxNzM0MDMxNTUwLCJleHAiOjE3MzQwMzMzNTB9.rY4RDFsxSrCGjZOXJL2TelHYR-zuaQAcwMqpBKTApm4
GET /api/anime 200 73.091 ms 12/Dec/2024:19:26:15 +0000 | - | -
GET /api/anime/1 200 0.829 ms 12/Dec/2024:19:26:15 +0000 | - | -
POST /api/auth/login 201 5.731 ms 12/Dec/2024:19:26:15 +0000 | - | -
POST /api/auth/auth 201 6.045 ms 12/Dec/2024:19:26:15 +0000 | - | -
POST /api/auth/admin 200 22.201 ms 12/Dec/2024:19:26:15 +0000 | - | accessToken=eyJhbGciOiJIUzI1NiIsInR5cCI6IkpXVCJ9.eyJ1c2VybmFtZSI6ImFkbWluIiwiaWF0IjoxNzM0MDMxNTc1LCJleHAiOjE3MzQwMzMzNzV9.ew4p5tSkv1T9d1U2JazUhugBsYsrU4t2cPbUnVML7jE
GET /api/anime 200 70.374 ms 12/Dec/2024:19:26:36 +0000 | - | -
GET /api/anime/1 200 1.148 ms 12/Dec/2024:19:26:36 +0000 | - | -
POST /api/auth/login 201 6.113 ms 12/Dec/2024:19:26:36 +0000 | - | -
POST /api/auth/auth 201 5.082 ms 12/Dec/2024:19:26:36 +0000 | - | -
POST /api/auth/admin 200 21.723 ms 12/Dec/2024:19:26:36 +0000 | - | accessToken=eyJhbGciOiJIUzI1NiIsInR5cCI6IkpXVCJ9.eyJ1c2VybmFtZSI6ImFkbWluIiwiaWF0IjoxNzM0MDMxNTk2LCJleHAiOjE3MzQwMzMzOTZ9.rq1mhqVMrGcRPR-PVmNAfkOiFVGnRz2x-GsgKvaNg8g
GET /api/anime 200 67.176 ms 12/Dec/2024:19:26:55 +0000 | - | -
GET /api/anime/1 200 0.918 ms 12/Dec/2024:19:26:55 +0000 | - | -
POST /api/auth/login 201 5.682 ms 12/Dec/2024:19:26:55 +0000 | - | -
POST /api/auth/auth 201 5.254 ms 12/Dec/2024:19:26:55 +0000 | - | -
POST /api/auth/admin 201 20.999 ms 12/Dec/2024:19:26:55 +0000 | - | accessToken=eyJhbGciOiJIUzI1NiIsInR5cCI6IkpXVCJ9.eyJ1c2VybmFtZSI6ImFkbWluIiwiaWF0IjoxNzM0MDMxNjE1LCJleHAiOjE3MzQwMzM0MTV9.QKkooM4mD4zrW1KbsX2tFR8vjohxNwqIAKvnb7bwo04
GET /api/anime 200 70.464 ms 12/Dec/2024:19:27:05 +0000 | - | -
GET /api/anime/1 200 1.335 ms 12/Dec/2024:19:27:05 +0000 | - | -
POST /api/auth/login 201 5.739 ms 12/Dec/2024:19:27:05 +0000 | - | -
POST /api/auth/auth 201 5.593 ms 12/Dec/2024:19:27:05 +0000 | - | -
POST /api/auth/admin 201 21.929 ms 12/Dec/2024:19:27:05 +0000 | - | accessToken=eyJhbGciOiJIUzI1NiIsInR5cCI6IkpXVCJ9.eyJ1c2VybmFtZSI6ImFkbWluIiwiaWF0IjoxNzM0MDMxNjI1LCJleHAiOjE3MzQwMzM0MjV9._GEGtDX7_f2UaIyoq-LT_Vaz1E3WIX-pGlbJDOxDIMg
GET /api/anime 200 77.450 ms 12/Dec/2024:19:27:15 +0000 | - | -
GET /api/anime/1 200 1.045 ms 12/Dec/2024:19:27:15 +0000 | - | -
POST /api/auth/login 201 5.956 ms 12/Dec/2024:19:27:15 +0000 | - | -
POST /api/auth/auth 201 4.611 ms 12/Dec/2024:19:27:15 +0000 | - | -
POST /api/auth/admin 201 23.999 ms 12/Dec/2024:19:27:15 +0000 | - | accessToken=eyJhbGciOiJIUzI1NiIsInR5cCI6IkpXVCJ9.eyJ1c2VybmFtZSI6ImFkbWluIiwiaWF0IjoxNzM0MDMxNjM1LCJleHAiOjE3MzQwMzM0MzV9.KIkcEu39qTJVGVcLNRW6m2GNkFbKYjAqj9zVjI82Y7o
GET /api/anime 200 72.758 ms 12/Dec/2024:19:28:17 +0000 | - | -
GET /api/anime/1 200 1.710 ms 12/Dec/2024:19:28:17 +0000 | - | -
POST /api/auth/login 201 8.860 ms 12/Dec/2024:19:28:17 +0000 | - | -
POST /api/auth/auth 201 20.498 ms 12/Dec/2024:19:28:17 +0000 | - | -
POST /api/auth/admin 201 14.741 ms 12/Dec/2024:19:28:17 +0000 | - | accessToken=eyJhbGciOiJIUzI1NiIsInR5cCI6IkpXVCJ9.eyJ1c2VybmFtZSI6ImFkbWluIiwiaWF0IjoxNzM0MDMxNjk3LCJleHAiOjE3MzQwMzM0OTd9.idOoNDuUiwgAgQdrQoraQ1Eg1wO-PQEd85Q9jdIzjjM
GET /api/anime/1 200 1.551 ms 12/Dec/2024:19:29:05 +0000 | - | -
POST /api/auth/login 201 5.120 ms 12/Dec/2024:19:29:05 +0000 | - | -
POST /api/auth/auth 201 4.177 ms 12/Dec/2024:19:29:05 +0000 | - | -
POST /api/auth/admin 201 7.872 ms 12/Dec/2024:19:29:05 +0000 | - | accessToken=eyJhbGciOiJIUzI1NiIsInR5cCI6IkpXVCJ9.eyJ1c2VybmFtZSI6ImFkbWluIiwiaWF0IjoxNzM0MDMxNzQ1LCJleHAiOjE3MzQwMzM1NDV9.ArH0nPVMqmveVAPyho2GzX7kszw7bcM9OXT3nj_KCbs
POST /api/auth/login 201 4.409 ms 12/Dec/2024:19:29:19 +0000 | - | -
POST /api/auth/auth 201 3.979 ms 12/Dec/2024:19:29:19 +0000 | - | -
POST /api/auth/admin 201 8.652 ms 12/Dec/2024:19:29:19 +0000 | - | accessToken=eyJhbGciOiJIUzI1NiIsInR5cCI6IkpXVCJ9.eyJ1c2VybmFtZSI6ImFkbWluIiwiaWF0IjoxNzM0MDMxNzU5LCJleHAiOjE3MzQwMzM1NTl9.8Hw2BVH1cAmUZtgfEqPlK4IkeqWIaahrnWSNhGVeTyM
GET /api/anime 201 71.792 ms 12/Dec/2024:19:29:51 +0000 | - | -
POST /api/auth/login 201 4.753 ms 12/Dec/2024:19:29:53 +0000 | - | -
POST /api/auth/auth 201 4.135 ms 12/Dec/2024:19:29:53 +0000 | - | -
POST /api/auth/admin 201 8.355 ms 12/Dec/2024:19:29:53 +0000 | - | accessToken=eyJhbGciOiJIUzI1NiIsInR5cCI6IkpXVCJ9.eyJ1c2VybmFtZSI6ImFkbWluIiwiaWF0IjoxNzM0MDMxNzkzLCJleHAiOjE3MzQwMzM1OTN9.A5UaWj1I4J6mSYhnyjxGsAauD_P8StlVBQT0J-v8_kg
GET /api/anime 201 73.781 ms 12/Dec/2024:19:30:03 +0000 | - | -
POST /api/auth/login 201 4.458 ms 12/Dec/2024:19:30:05 +0000 | - | -
POST /api/auth/auth 201 4.316 ms 12/Dec/2024:19:30:05 +0000 | - | -
POST /api/auth/admin 201 8.681 ms 12/Dec/2024:19:30:05 +0000 | - | accessToken=eyJhbGciOiJIUzI1NiIsInR5cCI6IkpXVCJ9.eyJ1c2VybmFtZSI6ImFkbWluIiwiaWF0IjoxNzM0MDMxODA1LCJleHAiOjE3MzQwMzM2MDV9.YZHHklMwiH5L0O99tO5bc-SFBELkMbaZIVeIyyR6Qp0
GET /api/anime 201 71.354 ms 12/Dec/2024:19:30:29 +0000 | - | -
POST /api/auth/login 201 4.403 ms 12/Dec/2024:19:30:31 +0000 | - | -
POST /api/auth/auth 201 3.961 ms 12/Dec/2024:19:30:31 +0000 | - | -
POST /api/auth/admin 201 8.552 ms 12/Dec/2024:19:30:31 +0000 | - | accessToken=eyJhbGciOiJIUzI1NiIsInR5cCI6IkpXVCJ9.eyJ1c2VybmFtZSI6ImFkbWluIiwiaWF0IjoxNzM0MDMxODMxLCJleHAiOjE3MzQwMzM2MzF9.-5CEO9IvuwnUQEXX_aPDIPZrIWuO7-3sAUPVnUdyzes
GET /api/anime 201 74.902 ms 12/Dec/2024:19:30:43 +0000 | - | -
GET /api/anime/1 201 1.444 ms 12/Dec/2024:19:30:43 +0000 | - | -
POST /api/auth/login 201 4.769 ms 12/Dec/2024:19:30:43 +0000 | - | -
POST /api/auth/auth 201 7.726 ms 12/Dec/2024:19:30:43 +0000 | - | -
POST /api/auth/admin 201 20.963 ms 12/Dec/2024:19:30:43 +0000 | - | accessToken=eyJhbGciOiJIUzI1NiIsInR5cCI6IkpXVCJ9.eyJ1c2VybmFtZSI6ImFkbWluIiwiaWF0IjoxNzM0MDMxODQzLCJleHAiOjE3MzQwMzM2NDN9.6i2rAvo76FgaAuIFxMw6EYbO2N0vEEs96Gf3f5VL0w8
GET /api/anime 201 178.825 ms 13/Dec/2024:10:28:56 +0000 | - | -
GET /api/anime/1 201 4.458 ms 13/Dec/2024:10:28:56 +0000 | - | -
GET /api/anime 201 72.745 ms 13/Dec/2024:10:29:07 +0000 | - | -
GET /api/anime/1 201 3.643 ms 13/Dec/2024:10:29:07 +0000 | - | -
POST /api/auth/login 201 107.482 ms 13/Dec/2024:10:33:00 +0000 | PostmanRuntime/7.43.0 | -
POST /api/auth/auth 201 133.971 ms 13/Dec/2024:10:43:59 +0000 | PostmanRuntime/7.43.0 | -
GET /api/anime 201 76.035 ms 13/Dec/2024:10:44:15 +0000 | - | -
GET /api/anime/1 201 3.364 ms 13/Dec/2024:10:44:15 +0000 | - | -
POST /api/auth/login 201 69.800 ms 13/Dec/2024:10:48:29 +0000 | PostmanRuntime/7.43.0 | accessToken=eyJhbGciOiJIUzI1NiIsInR5cCI6IkpXVCJ9.eyJ1c2VybmFtZSI6InRlc3RpbmciLCJpYXQiOjE3MzQwODY2MzksImV4cCI6MTczNDA4ODQzOX0.AHSpLrW_RL3lhWUoiSR55yN3Mjj9gp91t5z30nQcWc8
POST /api/auth/auth 201 103.775 ms 13/Dec/2024:10:49:41 +0000 | PostmanRuntime/7.43.0 | accessToken=eyJhbGciOiJIUzI1NiIsInR5cCI6IkpXVCJ9.eyJ1c2VybmFtZSI6InRlc3RpbmciLCJpYXQiOjE3MzQwODY2MzksImV4cCI6MTczNDA4ODQzOX0.AHSpLrW_RL3lhWUoiSR55yN3Mjj9gp91t5z30nQcWc8
GET /api/anime 201 71.385 ms 13/Dec/2024:10:49:58 +0000 | - | -
GET /api/anime/1 201 3.858 ms 13/Dec/2024:10:49:58 +0000 | - | -
POST /api/auth/login 201 69.602 ms 13/Dec/2024:10:49:58 +0000 | - | -
POST /api/auth/auth 201 63.190 ms 13/Dec/2024:10:49:58 +0000 | - | -
POST /api/auth/admin 201 10.798 ms 13/Dec/2024:10:49:58 +0000 | - | accessToken=eyJhbGciOiJIUzI1NiIsInR5cCI6IkpXVCJ9.eyJ1c2VybmFtZSI6ImFkbWluIiwiaWF0IjoxNzM0MDg2OTk4LCJleHAiOjE3MzQwODg3OTh9.jFN5bua3FXwV26i_tOHipjGruhwoflBv2hbkmwj3g8I
GET /api/anime 201 73.661 ms 13/Dec/2024:10:50:08 +0000 | - | -
GET /api/anime/1 201 4.605 ms 13/Dec/2024:10:50:08 +0000 | - | -
POST /api/auth/login 201 71.042 ms 13/Dec/2024:10:50:08 +0000 | - | -
POST /api/auth/auth 201 62.379 ms 13/Dec/2024:10:50:08 +0000 | - | -
POST /api/auth/admin 201 11.416 ms 13/Dec/2024:10:50:08 +0000 | - | accessToken=eyJhbGciOiJIUzI1NiIsInR5cCI6IkpXVCJ9.eyJ1c2VybmFtZSI6ImFkbWluIiwiaWF0IjoxNzM0MDg3MDA4LCJleHAiOjE3MzQwODg4MDh9.mbntixY6tqZZmWEnA_QH0zTvGn80Ef_dopNrMCpVLq0
GET /api/anime 201 74.280 ms 13/Dec/2024:10:52:54 +0000 | - | -
GET /api/anime/1 201 3.102 ms 13/Dec/2024:10:52:54 +0000 | - | -
POST /api/auth/auth 201 69.936 ms 13/Dec/2024:10:52:56 +0000 | - | -
POST /api/auth/admin 201 10.424 ms 13/Dec/2024:10:52:56 +0000 | - | accessToken=eyJhbGciOiJIUzI1NiIsInR5cCI6IkpXVCJ9.eyJ1c2VybmFtZSI6ImFkbWluIiwiaWF0IjoxNzM0MDg3MTc2LCJleHAiOjE3MzQwODg5NzZ9.EmBNKMDtrr32oVMYxEvZV8WxkFhXU-wrhEYIirX5H50
GET /api/anime 201 72.038 ms 13/Dec/2024:10:53:51 +0000 | - | -
GET /api/anime/1 201 2.720 ms 13/Dec/2024:10:53:51 +0000 | - | -
POST /api/auth/login 201 65.741 ms 13/Dec/2024:10:53:51 +0000 | - | -
POST /api/auth/auth 201 63.478 ms 13/Dec/2024:10:53:51 +0000 | - | -
POST /api/auth/admin 201 9.502 ms 13/Dec/2024:10:53:51 +0000 | - | accessToken=eyJhbGciOiJIUzI1NiIsInR5cCI6IkpXVCJ9.eyJ1c2VybmFtZSI6ImFkbWluIiwiaWF0IjoxNzM0MDg3MjMxLCJleHAiOjE3MzQwODkwMzF9.LN_IEjDRLECexCBJ8QaPsrwP5voh8houuwHAPivMKh8
GET /api/anime 201 68.942 ms 13/Dec/2024:10:54:03 +0000 | - | -
GET /api/anime/1 201 1.146 ms 13/Dec/2024:10:54:03 +0000 | - | -
POST /api/auth/login 201 65.394 ms 13/Dec/2024:10:54:03 +0000 | - | -
POST /api/auth/auth 201 61.057 ms 13/Dec/2024:10:54:03 +0000 | - | -
POST /api/auth/admin 201 7.929 ms 13/Dec/2024:10:54:03 +0000 | - | accessToken=eyJhbGciOiJIUzI1NiIsInR5cCI6IkpXVCJ9.eyJ1c2VybmFtZSI6ImFkbWluIiwiaWF0IjoxNzM0MDg3MjQzLCJleHAiOjE3MzQwODkwNDN9.S1wIwPrHwdInAxH3UDtaVR59kuukUBUTQ6MmLkZm79M
GET /api/anime 201 65.522 ms 13/Dec/2024:10:54:10 +0000 | - | -
GET /api/anime/1 201 1.984 ms 13/Dec/2024:10:54:10 +0000 | - | -
POST /api/auth/login 201 68.834 ms 13/Dec/2024:10:54:10 +0000 | - | -
POST /api/auth/auth 201 62.761 ms 13/Dec/2024:10:54:10 +0000 | - | -
POST /api/auth/admin 201 8.259 ms 13/Dec/2024:10:54:10 +0000 | - | accessToken=eyJhbGciOiJIUzI1NiIsInR5cCI6IkpXVCJ9.eyJ1c2VybmFtZSI6ImFkbWluIiwiaWF0IjoxNzM0MDg3MjUwLCJleHAiOjE3MzQwODkwNTB9.uPLU-VS1P3tOM4yrQCeXSYNIi3S1J1Q51B35BgPYWkw
POST /api/auth/login 201 141.324 ms 13/Dec/2024:12:19:01 +0000 | PostmanRuntime/7.43.0 | accessToken=eyJhbGciOiJIUzI1NiIsInR5cCI6IkpXVCJ9.eyJ1c2VybmFtZSI6ImFkbWluIiwiaWF0IjoxNzM0MDg2OTgxLCJleHAiOjE3MzQwODg3ODF9.LUQ-P8elRTImkTBqkMi1r6kVpcWAKBmTCo94zoDW92o
POST /api/auth/login 400 5.131 ms 13/Dec/2024:12:28:00 +0000 | PostmanRuntime/7.43.0 | accessToken=eyJhbGciOiJIUzI1NiIsInR5cCI6IkpXVCJ9.eyJ1c2VybmFtZSI6ImFkbWluIiwiaWF0IjoxNzM0MDg2OTgxLCJleHAiOjE3MzQwODg3ODF9.LUQ-P8elRTImkTBqkMi1r6kVpcWAKBmTCo94zoDW92o
POST /api/auth/login 400 6.043 ms 13/Dec/2024:12:28:32 +0000 | PostmanRuntime/7.43.0 | accessToken=eyJhbGciOiJIUzI1NiIsInR5cCI6IkpXVCJ9.eyJ1c2VybmFtZSI6ImFkbWluIiwiaWF0IjoxNzM0MDg2OTgxLCJleHAiOjE3MzQwODg3ODF9.LUQ-P8elRTImkTBqkMi1r6kVpcWAKBmTCo94zoDW92o
POST /api/auth/login 400 5.160 ms 13/Dec/2024:12:28:38 +0000 | PostmanRuntime/7.43.0 | accessToken=eyJhbGciOiJIUzI1NiIsInR5cCI6IkpXVCJ9.eyJ1c2VybmFtZSI6ImFkbWluIiwiaWF0IjoxNzM0MDg2OTgxLCJleHAiOjE3MzQwODg3ODF9.LUQ-P8elRTImkTBqkMi1r6kVpcWAKBmTCo94zoDW92o
POST /api/auth/login 400 4.844 ms 13/Dec/2024:12:28:48 +0000 | PostmanRuntime/7.43.0 | accessToken=eyJhbGciOiJIUzI1NiIsInR5cCI6IkpXVCJ9.eyJ1c2VybmFtZSI6ImFkbWluIiwiaWF0IjoxNzM0MDg2OTgxLCJleHAiOjE3MzQwODg3ODF9.LUQ-P8elRTImkTBqkMi1r6kVpcWAKBmTCo94zoDW92o
POST /api/auth/login 400 5.010 ms 13/Dec/2024:12:28:56 +0000 | PostmanRuntime/7.43.0 | accessToken=eyJhbGciOiJIUzI1NiIsInR5cCI6IkpXVCJ9.eyJ1c2VybmFtZSI6ImFkbWluIiwiaWF0IjoxNzM0MDg2OTgxLCJleHAiOjE3MzQwODg3ODF9.LUQ-P8elRTImkTBqkMi1r6kVpcWAKBmTCo94zoDW92o
POST /api/auth/login 400 5.817 ms 13/Dec/2024:12:29:02 +0000 | PostmanRuntime/7.43.0 | accessToken=eyJhbGciOiJIUzI1NiIsInR5cCI6IkpXVCJ9.eyJ1c2VybmFtZSI6ImFkbWluIiwiaWF0IjoxNzM0MDg2OTgxLCJleHAiOjE3MzQwODg3ODF9.LUQ-P8elRTImkTBqkMi1r6kVpcWAKBmTCo94zoDW92o
POST /api/auth/login 400 5.148 ms 13/Dec/2024:12:29:28 +0000 | PostmanRuntime/7.43.0 | accessToken=eyJhbGciOiJIUzI1NiIsInR5cCI6IkpXVCJ9.eyJ1c2VybmFtZSI6ImFkbWluIiwiaWF0IjoxNzM0MDg2OTgxLCJleHAiOjE3MzQwODg3ODF9.LUQ-P8elRTImkTBqkMi1r6kVpcWAKBmTCo94zoDW92o
POST /api/auth/login 400 5.177 ms 13/Dec/2024:12:29:32 +0000 | PostmanRuntime/7.43.0 | accessToken=eyJhbGciOiJIUzI1NiIsInR5cCI6IkpXVCJ9.eyJ1c2VybmFtZSI6ImFkbWluIiwiaWF0IjoxNzM0MDg2OTgxLCJleHAiOjE3MzQwODg3ODF9.LUQ-P8elRTImkTBqkMi1r6kVpcWAKBmTCo94zoDW92o
POST /api/auth/login 400 5.183 ms 13/Dec/2024:12:29:36 +0000 | PostmanRuntime/7.43.0 | accessToken=eyJhbGciOiJIUzI1NiIsInR5cCI6IkpXVCJ9.eyJ1c2VybmFtZSI6ImFkbWluIiwiaWF0IjoxNzM0MDg2OTgxLCJleHAiOjE3MzQwODg3ODF9.LUQ-P8elRTImkTBqkMi1r6kVpcWAKBmTCo94zoDW92o
POST /api/auth/login 400 5.157 ms 13/Dec/2024:12:33:01 +0000 | PostmanRuntime/7.43.0 | accessToken=eyJhbGciOiJIUzI1NiIsInR5cCI6IkpXVCJ9.eyJ1c2VybmFtZSI6ImFkbWluIiwiaWF0IjoxNzM0MDg2OTgxLCJleHAiOjE3MzQwODg3ODF9.LUQ-P8elRTImkTBqkMi1r6kVpcWAKBmTCo94zoDW92o
POST /api/auth/login 400 5.290 ms 13/Dec/2024:12:33:27 +0000 | PostmanRuntime/7.43.0 | accessToken=eyJhbGciOiJIUzI1NiIsInR5cCI6IkpXVCJ9.eyJ1c2VybmFtZSI6ImFkbWluIiwiaWF0IjoxNzM0MDg2OTgxLCJleHAiOjE3MzQwODg3ODF9.LUQ-P8elRTImkTBqkMi1r6kVpcWAKBmTCo94zoDW92o
POST /api/auth/login 400 5.188 ms 13/Dec/2024:12:34:01 +0000 | PostmanRuntime/7.43.0 | accessToken=eyJhbGciOiJIUzI1NiIsInR5cCI6IkpXVCJ9.eyJ1c2VybmFtZSI6ImFkbWluIiwiaWF0IjoxNzM0MDg2OTgxLCJleHAiOjE3MzQwODg3ODF9.LUQ-P8elRTImkTBqkMi1r6kVpcWAKBmTCo94zoDW92o
POST /api/auth/login 400 7.342 ms 13/Dec/2024:12:35:12 +0000 | PostmanRuntime/7.43.0 | accessToken=eyJhbGciOiJIUzI1NiIsInR5cCI6IkpXVCJ9.eyJ1c2VybmFtZSI6ImFkbWluIiwiaWF0IjoxNzM0MDg2OTgxLCJleHAiOjE3MzQwODg3ODF9.LUQ-P8elRTImkTBqkMi1r6kVpcWAKBmTCo94zoDW92o
POST /api/auth/login 400 5.073 ms 13/Dec/2024:12:35:34 +0000 | PostmanRuntime/7.43.0 | accessToken=eyJhbGciOiJIUzI1NiIsInR5cCI6IkpXVCJ9.eyJ1c2VybmFtZSI6ImFkbWluIiwiaWF0IjoxNzM0MDg2OTgxLCJleHAiOjE3MzQwODg3ODF9.LUQ-P8elRTImkTBqkMi1r6kVpcWAKBmTCo94zoDW92o
POST /api/auth/login 400 5.244 ms 13/Dec/2024:12:35:45 +0000 | PostmanRuntime/7.43.0 | accessToken=eyJhbGciOiJIUzI1NiIsInR5cCI6IkpXVCJ9.eyJ1c2VybmFtZSI6ImFkbWluIiwiaWF0IjoxNzM0MDg2OTgxLCJleHAiOjE3MzQwODg3ODF9.LUQ-P8elRTImkTBqkMi1r6kVpcWAKBmTCo94zoDW92o
POST /api/auth/login 400 1.240 ms 13/Dec/2024:12:35:54 +0000 | PostmanRuntime/7.43.0 | accessToken=eyJhbGciOiJIUzI1NiIsInR5cCI6IkpXVCJ9.eyJ1c2VybmFtZSI6ImFkbWluIiwiaWF0IjoxNzM0MDg2OTgxLCJleHAiOjE3MzQwODg3ODF9.LUQ-P8elRTImkTBqkMi1r6kVpcWAKBmTCo94zoDW92o
POST /api/auth/login 400 0.947 ms 13/Dec/2024:12:36:00 +0000 | PostmanRuntime/7.43.0 | accessToken=eyJhbGciOiJIUzI1NiIsInR5cCI6IkpXVCJ9.eyJ1c2VybmFtZSI6ImFkbWluIiwiaWF0IjoxNzM0MDg2OTgxLCJleHAiOjE3MzQwODg3ODF9.LUQ-P8elRTImkTBqkMi1r6kVpcWAKBmTCo94zoDW92o
POST /api/auth/login 201 108.701 ms 13/Dec/2024:12:36:15 +0000 | PostmanRuntime/7.43.0 | accessToken=eyJhbGciOiJIUzI1NiIsInR5cCI6IkpXVCJ9.eyJ1c2VybmFtZSI6ImFkbWluIiwiaWF0IjoxNzM0MDg2OTgxLCJleHAiOjE3MzQwODg3ODF9.LUQ-P8elRTImkTBqkMi1r6kVpcWAKBmTCo94zoDW92o
POST /api/auth/login 400 0.864 ms 13/Dec/2024:12:36:21 +0000 | PostmanRuntime/7.43.0 | accessToken=eyJhbGciOiJIUzI1NiIsInR5cCI6IkpXVCJ9.eyJ1c2VybmFtZSI6ImFkbWluIiwiaWF0IjoxNzM0MDg2OTgxLCJleHAiOjE3MzQwODg3ODF9.LUQ-P8elRTImkTBqkMi1r6kVpcWAKBmTCo94zoDW92o
POST /api/auth/login 201 72.129 ms 13/Dec/2024:12:37:25 +0000 | PostmanRuntime/7.43.0 | accessToken=eyJhbGciOiJIUzI1NiIsInR5cCI6IkpXVCJ9.eyJ1c2VybmFtZSI6ImFkbWluIiwiaWF0IjoxNzM0MDg2OTgxLCJleHAiOjE3MzQwODg3ODF9.LUQ-P8elRTImkTBqkMi1r6kVpcWAKBmTCo94zoDW92o
POST /api/auth/login 400 1.277 ms 13/Dec/2024:12:37:33 +0000 | PostmanRuntime/7.43.0 | accessToken=eyJhbGciOiJIUzI1NiIsInR5cCI6IkpXVCJ9.eyJ1c2VybmFtZSI6ImFkbWluIiwiaWF0IjoxNzM0MDg2OTgxLCJleHAiOjE3MzQwODg3ODF9.LUQ-P8elRTImkTBqkMi1r6kVpcWAKBmTCo94zoDW92o
POST /api/auth/login 400 1.124 ms 13/Dec/2024:12:37:41 +0000 | PostmanRuntime/7.43.0 | accessToken=eyJhbGciOiJIUzI1NiIsInR5cCI6IkpXVCJ9.eyJ1c2VybmFtZSI6ImFkbWluIiwiaWF0IjoxNzM0MDg2OTgxLCJleHAiOjE3MzQwODg3ODF9.LUQ-P8elRTImkTBqkMi1r6kVpcWAKBmTCo94zoDW92o
POST /api/auth/login - - ms 13/Dec/2024:12:38:04 +0000 | PostmanRuntime/7.43.0 | accessToken=eyJhbGciOiJIUzI1NiIsInR5cCI6IkpXVCJ9.eyJ1c2VybmFtZSI6ImFkbWluIiwiaWF0IjoxNzM0MDg2OTgxLCJleHAiOjE3MzQwODg3ODF9.LUQ-P8elRTImkTBqkMi1r6kVpcWAKBmTCo94zoDW92o
POST /api/auth/login 201 63.255 ms 13/Dec/2024:12:38:07 +0000 | PostmanRuntime/7.43.0 | accessToken=eyJhbGciOiJIUzI1NiIsInR5cCI6IkpXVCJ9.eyJ1c2VybmFtZSI6ImFkbWluIiwiaWF0IjoxNzM0MDg2OTgxLCJleHAiOjE3MzQwODg3ODF9.LUQ-P8elRTImkTBqkMi1r6kVpcWAKBmTCo94zoDW92o
GET /api/anime 201 71.601 ms 13/Dec/2024:12:56:59 +0000 | - | -
GET /api/anime/1 201 7.455 ms 13/Dec/2024:12:56:59 +0000 | - | -
POST /api/auth/login 400 2.405 ms 13/Dec/2024:12:56:59 +0000 | - | -
POST /api/auth/auth 201 108.409 ms 13/Dec/2024:12:56:59 +0000 | - | -
POST /api/auth/admin 400 1.082 ms 13/Dec/2024:12:56:59 +0000 | - | accessToken=eyJhbGciOiJIUzI1NiIsInR5cCI6IkpXVCJ9.eyJ1c2VybmFtZSI6ImFkbWluIiwiaWF0IjoxNzM0MDk0NjE5LCJleHAiOjE3MzQwOTY0MTl9.04HPN0z1BJ_V-I63GViTmr1aR1qtUnvoYmYTgOPrWrM
GET /api/anime 201 75.023 ms 13/Dec/2024:12:58:24 +0000 | - | -
GET /api/anime/1 201 1.215 ms 13/Dec/2024:12:58:24 +0000 | - | -
POST /api/auth/login 201 64.437 ms 13/Dec/2024:12:58:24 +0000 | - | -
POST /api/auth/auth 201 62.394 ms 13/Dec/2024:12:58:24 +0000 | - | -
POST /api/auth/admin 400 0.614 ms 13/Dec/2024:12:58:24 +0000 | - | accessToken=eyJhbGciOiJIUzI1NiIsInR5cCI6IkpXVCJ9.eyJ1c2VybmFtZSI6ImFkbWluIiwiaWF0IjoxNzM0MDk0NzA0LCJleHAiOjE3MzQwOTY1MDR9.TK0LeCPJQTvTLEbbOc4pF1QTs7UKhuRVZVqC8uJtjN0
GET /api/anime 201 74.896 ms 13/Dec/2024:12:58:29 +0000 | - | -
GET /api/anime/1 201 3.410 ms 13/Dec/2024:12:58:29 +0000 | - | -
POST /api/auth/login 201 71.828 ms 13/Dec/2024:12:58:30 +0000 | - | -
POST /api/auth/auth 201 233.766 ms 13/Dec/2024:12:58:30 +0000 | - | -
POST /api/auth/admin 400 0.979 ms 13/Dec/2024:12:58:30 +0000 | - | accessToken=eyJhbGciOiJIUzI1NiIsInR5cCI6IkpXVCJ9.eyJ1c2VybmFtZSI6ImFkbWluIiwiaWF0IjoxNzM0MDk0NzEwLCJleHAiOjE3MzQwOTY1MTB9.FCF7FhQyIs8jrk3q04YHOI5Xc8mpZQJCiyDA73qBujQ
POST /api/auth/auth 201 93.925 ms 13/Dec/2024:12:59:52 +0000 | PostmanRuntime/7.43.0 | accessToken=eyJhbGciOiJIUzI1NiIsInR5cCI6IkpXVCJ9.eyJ1c2VybmFtZSI6ImFkbWluIiwiaWF0IjoxNzM0MDg2OTgxLCJleHAiOjE3MzQwODg3ODF9.LUQ-P8elRTImkTBqkMi1r6kVpcWAKBmTCo94zoDW92o
POST /api/auth/admin 400 1.126 ms 13/Dec/2024:12:59:58 +0000 | PostmanRuntime/7.43.0 | accessToken=eyJhbGciOiJIUzI1NiIsInR5cCI6IkpXVCJ9.eyJ1c2VybmFtZSI6ImFkbWluIiwiaWF0IjoxNzM0MDk0NzkyLCJleHAiOjE3MzQwOTY1OTJ9.DzpRNBJ3UHfIse-wgh8KUp9eVr4MNZn8AWqa1s5Ebpo
GET /api/anime 201 73.305 ms 13/Dec/2024:13:00:25 +0000 | - | -
GET /api/anime/1 201 1.644 ms 13/Dec/2024:13:00:25 +0000 | - | -
POST /api/auth/login 201 80.899 ms 13/Dec/2024:13:00:25 +0000 | - | -
POST /api/auth/auth 201 63.310 ms 13/Dec/2024:13:00:25 +0000 | - | -
POST /api/auth/admin 201 12.026 ms 13/Dec/2024:13:00:25 +0000 | - | accessToken=eyJhbGciOiJIUzI1NiIsInR5cCI6IkpXVCJ9.eyJ1c2VybmFtZSI6ImFkbWluIiwiaWF0IjoxNzM0MDk0ODI1LCJleHAiOjE3MzQwOTY2MjV9.HDzBJdFkZ2GMixSwMSEjfPxdKnL2x-dQrD_zhoPpUno
GET /api/anime 201 72.889 ms 13/Dec/2024:13:00:30 +0000 | - | -
GET /api/anime/1 201 3.303 ms 13/Dec/2024:13:00:30 +0000 | - | -
POST /api/auth/login 201 71.150 ms 13/Dec/2024:13:00:30 +0000 | - | -
POST /api/auth/auth 201 63.208 ms 13/Dec/2024:13:00:31 +0000 | - | -
POST /api/auth/admin 201 10.945 ms 13/Dec/2024:13:00:31 +0000 | - | accessToken=eyJhbGciOiJIUzI1NiIsInR5cCI6IkpXVCJ9.eyJ1c2VybmFtZSI6ImFkbWluIiwiaWF0IjoxNzM0MDk0ODMxLCJleHAiOjE3MzQwOTY2MzF9.4YFyU18hmC2id1jyLgstUqTNiXC1YCaLynwaturk7P8
